Component: ARM Compiler 5.05 update 1 (build 106) Tool: armlink [4d0efa]

==============================================================================

Section Cross References

    startup_stm32f031x6.o(RESET) refers to startup_stm32f031x6.o(STACK) for __initial_sp
    startup_stm32f031x6.o(RESET) refers to startup_stm32f031x6.o(.text) for Reset_Handler
    startup_stm32f031x6.o(RESET) refers to stm32f0xx_mc_it.o(i.SysTick_Handler) for SysTick_Handler
    startup_stm32f031x6.o(RESET) refers to stm32f0xx_mc_it.o(i.DMA1_Channel1_IRQHandler) for DMA1_Channel1_IRQHandler
    startup_stm32f031x6.o(RESET) refers to stm32f0xx_mc_it.o(i.DMA1_Channel4_5_IRQHandler) for DMA1_Channel4_5_IRQHandler
    startup_stm32f031x6.o(RESET) refers to stm32f0xx_mc_it.o(i.TIM1_BRK_UP_TRG_COM_IRQHandler) for TIM1_BRK_UP_TRG_COM_IRQHandler
    startup_stm32f031x6.o(RESET) refers to stm32f0xx_it.o(i.TIM2_IRQHandler) for TIM2_IRQHandler
    startup_stm32f031x6.o(RESET) refers to stm32f0xx_mc_it.o(i.TIM3_IRQHandler) for TIM3_IRQHandler
    startup_stm32f031x6.o(RESET) refers to stm32f0xx_mc_it.o(i.USART1_IRQHandler) for USART1_IRQHandler
    startup_stm32f031x6.o(.text) refers to system_stm32f0xx.o(i.SystemInit) for SystemInit
    startup_stm32f031x6.o(.text) refers to entry.o(.ARM.Collect$$$$00000000) for __main
    as5048a.o(i.angle_float2int16) refers to fdiv.o(.text) for __aeabi_fdiv
    as5048a.o(i.angle_float2int16) refers to fscalb.o(.text) for __ARM_scalbnf
    as5048a.o(i.angle_float2int16) refers to ffixi.o(.text) for __aeabi_f2iz
    as5048a.o(i.angle_limit_360deg) refers to fadd.o(.text) for __aeabi_fadd
    as5048a.o(i.as5028a_enc_update) refers to stm32f0xx_hal_spi.o(i.HAL_SPI_TransmitReceive) for HAL_SPI_TransmitReceive
    as5048a.o(i.as5028a_enc_update) refers to ffltui.o(.text) for __aeabi_ui2f
    as5048a.o(i.as5028a_enc_update) refers to fmul.o(.text) for __aeabi_fmul
    as5048a.o(i.as5028a_enc_update) refers to fscalb.o(.text) for __ARM_scalbnf
    as5048a.o(i.as5028a_enc_update) refers to fadd.o(.text) for __aeabi_frsub
    as5048a.o(i.as5028a_enc_update) refers to fdiv.o(.text) for __aeabi_fdiv
    as5048a.o(i.as5028a_enc_update) refers to ffixi.o(.text) for __aeabi_f2iz
    as5048a.o(i.as5028a_enc_update) refers to as5048a.o(.bss) for .bss
    as5048a.o(i.as5048_CalcAvrgMecSpeed01Hz) refers to fmul.o(.text) for __aeabi_fmul
    as5048a.o(i.as5048_CalcAvrgMecSpeed01Hz) refers to ffixui.o(.text) for __aeabi_f2uiz
    as5048a.o(i.as5048_CalcAvrgMecSpeed01Hz) refers to idiv.o(.text) for __aeabi_idivmod
    as5048a.o(i.as5048_CalcAvrgMecSpeed01Hz) refers to speed_pos_fdbk.o(i.SPD_IsMecSpeedReliable) for SPD_IsMecSpeedReliable
    as5048a.o(i.as5048_CalcAvrgMecSpeed01Hz) refers to as5048a.o(.bss) for .bss
    as5048a.o(i.as5048_get_enc_deg) refers to as5048a.o(.bss) for .bss
    as5048a.o(i.as5048a_enc_calangle) refers to as5048a.o(.bss) for .bss
    as5048a.o(i.as5048a_enc_calibrate) refers to as5048a.o(.bss) for .bss
    as5048a.o(i.as5048a_enc_init) refers to as5048a.o(i.as5028a_enc_update) for as5028a_enc_update
    as5048a.o(i.as5048a_enc_init) refers to as5048a.o(.bss) for .bss
    as5048a.o(i.read_as5048a_deg) refers to stm32f0xx_hal_spi.o(i.HAL_SPI_TransmitReceive) for HAL_SPI_TransmitReceive
    as5048a.o(i.read_as5048a_deg) refers to ffltui.o(.text) for __aeabi_ui2f
    as5048a.o(i.read_as5048a_deg) refers to fmul.o(.text) for __aeabi_fmul
    as5048a.o(i.read_as5048a_deg) refers to fscalb.o(.text) for __ARM_scalbnf
    as5048a.o(i.read_as5048a_deg) refers to fadd.o(.text) for __aeabi_frsub
    as5048a.o(i.read_as5048a_raw) refers to stm32f0xx_hal_spi.o(i.HAL_SPI_TransmitReceive) for HAL_SPI_TransmitReceive
    main.o(i.SystemClock_Config) refers to stm32f0xx_hal_rcc.o(i.HAL_RCC_OscConfig) for HAL_RCC_OscConfig
    main.o(i.SystemClock_Config) refers to stm32f0xx_hal_rcc.o(i.HAL_RCC_ClockConfig) for HAL_RCC_ClockConfig
    main.o(i.SystemClock_Config) refers to stm32f0xx_hal_rcc_ex.o(i.HAL_RCCEx_PeriphCLKConfig) for HAL_RCCEx_PeriphCLKConfig
    main.o(i.SystemClock_Config) refers to stm32f0xx_hal_rcc.o(i.HAL_RCC_EnableCSS) for HAL_RCC_EnableCSS
    main.o(i.SystemClock_Config) refers to stm32f0xx_hal_rcc.o(i.HAL_RCC_GetHCLKFreq) for HAL_RCC_GetHCLKFreq
    main.o(i.SystemClock_Config) refers to uidiv.o(.text) for __aeabi_uidivmod
    main.o(i.SystemClock_Config) refers to stm32f0xx_hal_cortex.o(i.HAL_SYSTICK_Config) for HAL_SYSTICK_Config
    main.o(i.SystemClock_Config) refers to stm32f0xx_hal_cortex.o(i.HAL_SYSTICK_CLKSourceConfig) for HAL_SYSTICK_CLKSourceConfig
    main.o(i.SystemClock_Config) refers to stm32f0xx_hal_cortex.o(i.HAL_NVIC_SetPriority) for HAL_NVIC_SetPriority
    main.o(i.main) refers to stm32f0xx_hal.o(i.HAL_Init) for HAL_Init
    main.o(i.main) refers to main.o(i.SystemClock_Config) for SystemClock_Config
    main.o(i.main) refers to stm32f0xx_hal_gpio.o(i.HAL_GPIO_WritePin) for HAL_GPIO_WritePin
    main.o(i.main) refers to stm32f0xx_hal_gpio.o(i.HAL_GPIO_Init) for HAL_GPIO_Init
[...]
    i.STO_PLL_CalcElAngle                    0x0800486c   Section        0  sto_pll_speed_pos_fdbk.o(i.STO_PLL_CalcElAngle)
    i.STO_PLL_Clear                          0x08004a2c   Section        0  sto_pll_speed_pos_fdbk.o(i.STO_PLL_Clear)
    i.STO_PLL_GetEstimatedBemf               0x08004a9a   Section        0  sto_pll_speed_pos_fdbk.o(i.STO_PLL_GetEstimatedBemf)
    i.STO_PLL_GetEstimatedBemfLevel          0x08004aaa   Section        0  sto_pll_speed_pos_fdbk.o(i.STO_PLL_GetEstimatedBemfLevel)
    i.STO_PLL_GetEstimatedCurrent            0x08004ab0   Section        0  sto_pll_speed_pos_fdbk.o(i.STO_PLL_GetEstimatedCurrent)
    i.STO_PLL_GetObservedBemfLevel           0x08004ac8   Section        0  sto_pll_speed_pos_fdbk.o(i.STO_PLL_GetObservedBemfLevel)
    i.STO_PLL_GetObserverGains               0x08004ace   Section        0  sto_pll_speed_pos_fdbk.o(i.STO_PLL_GetObserverGains)
    i.STO_PLL_Init                           0x08004ad8   Section        0  sto_pll_speed_pos_fdbk.o(i.STO_PLL_Init)
    i.STO_PLL_SetObserverGains               0x08004ba8   Section        0  sto_pll_speed_pos_fdbk.o(i.STO_PLL_SetObserverGains)
    i.STO_SetPLLGains                        0x08004bae   Section        0  sto_pll_speed_pos_fdbk.o(i.STO_SetPLLGains)
    i.SysTick_Handler                        0x08004bc4   Section        0  stm32f0xx_mc_it.o(i.SysTick_Handler)
    i.SystemClock_Config                     0x08004bec   Section        0  main.o(i.SystemClock_Config)
    i.SystemInit                             0x08004c6c   Section        0  system_stm32f0xx.o(i.SystemInit)
    i.TB_Scheduler                           0x08004cc8   Section        0  timebase.o(i.TB_Scheduler)
    i.TIM1_BRK_UP_TRG_COM_IRQHandler         0x08004d04   Section        0  stm32f0xx_mc_it.o(i.TIM1_BRK_UP_TRG_COM_IRQHandler)
    i.TIM2_IRQHandler                        0x08004d4c   Section        0  stm32f0xx_it.o(i.TIM2_IRQHandler)
    i.TIM3_IRQHandler                        0x08004d78   Section        0  stm32f0xx_mc_it.o(i.TIM3_IRQHandler)
    i.TIM_Base_SetConfig                     0x08004da4   Section        0  stm32f0xx_hal_tim.o(i.TIM_Base_SetConfig)
    i.TIM_OC1_SetConfig                      0x08004e2c   Section        0  stm32f0xx_hal_tim.o(i.TIM_OC1_SetConfig)
    TIM_OC1_SetConfig                        0x08004e2d   Thumb Code   110  stm32f0xx_hal_tim.o(i.TIM_OC1_SetConfig)
    i.TIM_OC2_SetConfig                      0x08004ea8   Section        0  stm32f0xx_hal_tim.o(i.TIM_OC2_SetConfig)
    i.TSK_HighFrequencyTask                  0x08004f20   Section        0  mc_tasks.o(i.TSK_HighFrequencyTask)
    i.TSK_SafetyTask                         0x0800503c   Section        0  mc_tasks.o(i.TSK_SafetyTask)
    i.UART_AdvFeatureConfig                  0x080050c0   Section        0  stm32f0xx_hal_uart.o(i.UART_AdvFeatureConfig)
    i.UART_CheckIdleState                    0x0800518c   Section        0  stm32f0xx_hal_uart.o(i.UART_CheckIdleState)
    i.UART_SetConfig                         0x080051f4   Section        0  stm32f0xx_hal_uart.o(i.UART_SetConfig)
    i.UART_WaitOnFlagUntilTimeout            0x08005350   Section        0  stm32f0xx_hal_uart.o(i.UART_WaitOnFlagUntilTimeout)
    i.UFCP_AbortReceive                      0x080053c8   Section        0  usart_frame_communication_protocol.o(i.UFCP_AbortReceive)
    i.UFCP_Init                              0x080053d2   Section        0  usart_frame_communication_protocol.o(i.UFCP_Init)
    i.UFCP_OVR_IRQ_Handler                   0x080053da   Section        0  usart_frame_communication_protocol.o(i.UFCP_OVR_IRQ_Handler)
    i.UFCP_RX_IRQ_Handler                    0x080053ec   Section        0  usart_frame_communication_protocol.o(i.UFCP_RX_IRQ_Handler)
    i.UFCP_Receive                           0x08005488   Section        0  usart_frame_communication_protocol.o(i.UFCP_Receive)
    i.UFCP_Send                              0x080054ac   Section        0  usart_frame_communication_protocol.o(i.UFCP_Send)
    i.UFCP_TX_IRQ_Handler                    0x0800551e   Section        0  usart_frame_communication_protocol.o(i.UFCP_TX_IRQ_Handler)
    i.UI_ExecCmd                             0x08005580   Section        0  user_interface.o(i.UI_ExecCmd)
    i.UI_ExecSpeedRamp                       0x080055f4   Section        0  user_interface.o(i.UI_ExecSpeedRamp)
    i.UI_GetMPInfo                           0x08005618   Section        0  user_interface.o(i.UI_GetMPInfo)
    i.UI_GetReg                              0x0800561c   Section        0  user_interface.o(i.UI_GetReg)
    i.UI_GetRevupData                        0x08005a68   Section        0  user_interface.o(i.UI_GetRevupData)
    i.UI_Init                                0x08005aaa   Section        0  user_interface.o(i.UI_Init)
    i.UI_Scheduler                           0x08005ac0   Section        0  ui_task.o(i.UI_Scheduler)
    i.UI_SerialCommunicationTimeOutStart     0x08005aec   Section        0  ui_task.o(i.UI_SerialCommunicationTimeOutStart)
    i.UI_SerialCommunicationTimeOutStop      0x08005af8   Section        0  ui_task.o(i.UI_SerialCommunicationTimeOutStop)
    i.UI_SetCurrentReferences                0x08005b04   Section        0  user_interface.o(i.UI_SetCurrentReferences)
    i.UI_SetReg                              0x08005b1a   Section        0  user_interface.o(i.UI_SetReg)
    i.UI_SetRevupData                        0x08005d44   Section        0  user_interface.o(i.UI_SetRevupData)
    i.UI_TaskInit                            0x08005d78   Section        0  ui_task.o(i.UI_TaskInit)
    i.USART1_IRQHandler                      0x08005de0   Section        0  stm32f0xx_mc_it.o(i.USART1_IRQHandler)
    i.VBS_GetAvBusVoltage_V                  0x08005e44   Section        0  bus_voltage_sensor.o(i.VBS_GetAvBusVoltage_V)
    i.VBS_GetAvBusVoltage_d                  0x08005e4e   Section        0  bus_voltage_sensor.o(i.VBS_GetAvBusVoltage_d)
    i.VSS_Init                               0x08005e52   Section        0  virtual_speed_sensor.o(i.VSS_Init)
    i.VSS_SetMecAcceleration                 0x08005e7a   Section        0  virtual_speed_sensor.o(i.VSS_SetMecAcceleration)
    i.VSS_SetMecAngle                        0x08005efe   Section        0  virtual_speed_sensor.o(i.VSS_SetMecAngle)
    i.VVBS_Init                              0x08005f14   Section        0  virtual_bus_voltage_sensor.o(i.VVBS_Init)
    i._Error_Handler                         0x08005f20   Section        0  main.o(i._Error_Handler)
    i.__scatterload_copy                     0x08005f22   Section       14  handlers.o(i.__scatterload_copy)
    i.__scatterload_null                     0x08005f30   Section        2  handlers.o(i.__scatterload_null)
    i.__scatterload_zeroinit                 0x08005f32   Section       14  handlers.o(i.__scatterload_zeroinit)
    i.as5028a_enc_update                     0x08005f40   Section        0  as5048a.o(i.as5028a_enc_update)
    i.as5048_CalcAvrgMecSpeed01Hz            0x08006004   Section        0  as5048a.o(i.as5048_CalcAvrgMecSpeed01Hz)
    i.as5048_get_enc_deg                     0x080060d8   Section        0  as5048a.o(i.as5048_get_enc_deg)
    i.as5048a_enc_calangle                   0x080060e4   Section        0  as5048a.o(i.as5048a_enc_calangle)
    i.as5048a_enc_calibrate                  0x080060fc   Section        0  as5048a.o(i.as5048a_enc_calibrate)
    i.as5048a_enc_init                       0x08006108   Section        0  as5048a.o(i.as5048a_enc_init)
    i.main                                   0x08006128   Section        0  main.o(i.main)
    i.mc_lock_pins                           0x08006464   Section        0  mc_tasks.o(i.mc_lock_pins)
    .constdata                               0x08006504   Section       32  motorcontrol.o(.constdata)
    .constdata                               0x08006524   Section       44  mc_parameters.o(.constdata)
    .constdata                               0x08006550   Section       16  system_stm32f0xx.o(.constdata)
    .constdata                               0x08006560   Section        8  system_stm32f0xx.o(.constdata)
    .constdata                               0x08006568   Section      512  mc_math.o(.constdata)
    .constdata                               0x08006768   Section       19  r3_f0xx_pwm_curr_fdbk.o(.constdata)
    CHANNEL_OFFSET_TAB                       0x08006768   Data           5  r3_f0xx_pwm_curr_fdbk.o(.constdata)
    OFFSET_TAB_CCMRx                         0x0800676d   Data           7  r3_f0xx_pwm_curr_fdbk.o(.constdata)
    SHIFT_TAB_OCxx                           0x08006774   Data           7  r3_f0xx_pwm_curr_fdbk.o(.constdata)
    .constdata                               0x0800677c   Section        6  usart_frame_communication_protocol.o(.constdata)
    UFCP_Usart_Timeout_none                  0x0800677c   Data           2  usart_frame_communication_protocol.o(.constdata)
    UFCP_Usart_Timeout_start                 0x0800677e   Data           2  usart_frame_communication_protocol.o(.constdata)
    UFCP_Usart_Timeout_stop                  0x08006780   Data           2  usart_frame_communication_protocol.o(.constdata)
    .data                                    0x20000000   Section        8  main.o(.data)
    .data                                    0x20000008   Section       12  motorcontrol.o(.data)
    .data                                    0x20000014   Section        8  motor_control_protocol.o(.data)
    .data                                    0x2000001c   Section      276  mc_config.o(.data)
    .data                                    0x20000130   Section       44  mc_config.o(.data)
    .data                                    0x2000015c   Section       44  mc_config.o(.data)
    .data                                    0x20000188   Section       44  mc_config.o(.data)
    .data                                    0x200001b4   Section       52  mc_config.o(.data)
    .data                                    0x200001e8   Section      224  mc_config.o(.data)
    .data                                    0x200002c8   Section       48  mc_config.o(.data)
    .data                                    0x200002f8   Section      284  mc_config.o(.data)
    .data                                    0x20000414   Section      120  mc_config.o(.data)
    .data                                    0x2000048c   Section       28  mc_config.o(.data)
    .data                                    0x200004a8   Section       40  mc_config.o(.data)
    .data                                    0x200004d0   Section       12  mc_config.o(.data)
    .data                                    0x200004dc   Section       20  mc_config.o(.data)
    .data                                    0x200004f0   Section      178  mc_config.o(.data)
    .data                                    0x200005a4   Section      316  mc_config.o(.data)
    .data                                    0x200006e0   Section       94  mc_tasks.o(.data)
    UDC_Channel                              0x200006e0   Data           1  mc_tasks.o(.data)
    UDC_State                                0x200006e1   Data           1  mc_tasks.o(.data)
    hMFTaskCounterM1                         0x200006e4   Data           2  mc_tasks.o(.data)
    hBootCapDelayCounterM1                   0x200006e6   Data           2  mc_tasks.o(.data)
    hStopPermanencyCounterM1                 0x200006e8   Data           2  mc_tasks.o(.data)
    UDC_ConvertedValue                       0x200006ea   Data           2  mc_tasks.o(.data)
    .data                                    0x2000073e   Section        1  stm32f0xx_mc_it.o(.data)
    SystickDividerCounter                    0x2000073e   Data           1  stm32f0xx_mc_it.o(.data)
    .data                                    0x20000740   Section       16  ui_task.o(.data)
    bCOMATRTimeCounter                       0x20000740   Data           2  ui_task.o(.data)
    bUITaskCounter                           0x20000742   Data           2  ui_task.o(.data)
    bCOMTimeoutCounter                       0x20000744   Data           2  ui_task.o(.data)
    .data                                    0x20000750   Section        4  stm32f0xx_hal.o(.data)
    .data                                    0x20000754   Section        4  system_stm32f0xx.o(.data)
    .data                                    0x20000758   Section        4  timebase.o(.data)
    hKey_debounce_500us                      0x20000758   Data           2  timebase.o(.data)
    bUDTBTaskCounter                         0x2000075a   Data           2  timebase.o(.data)
    .bss                                     0x2000075c   Section       28  as5048a.o(.bss)
    .bss                                     0x20000778   Section      416  main.o(.bss)
    .bss                                     0x20000918   Section       68  main.o(.bss)
    .bss                                     0x2000095c   Section       24  mc_config.o(.bss)
    .bss                                     0x20000974   Section      148  mc_tasks.o(.bss)
    .bss                                     0x20000a08   Section      180  ui_task.o(.bss)
    STACK                                    0x20000ac0   Section     1024  startup_stm32f031x6.o(STACK)

    Global Symbols

    Symbol Name                              Value     Ov Type        Size  Object(Section)

    BuildAttributes$$THM_ISAv3M$S$PE$A:L22$X:L11$S22$IEEE1$IW$USESV6$~STKCKD$USESV7$~SHL$OTIME$ROPI$EBA8$MICROLIB$REQ8$PRES8$EABIv2 0x00000000   Number         0  anon$$obj.o ABSOLUTE
    __ARM_use_no_argv                        0x00000000   Number         0  main.o ABSOLUTE
    __cpp_initialize__aeabi_                  - Undefined Weak Reference
    __cxa_finalize                            - Undefined Weak Reference
    _clock_init                               - Undefined Weak Reference
    _microlib_exit                            - Undefined Weak Reference
    __Vectors_Size                           0x000000b0   Number         0  startup_stm32f031x6.o ABSOLUTE
    __Vectors                                0x08000000   Data           4  startup_stm32f031x6.o(RESET)
    __Vectors_End                            0x080000b0   Data           0  startup_stm32f031x6.o(RESET)
    __main                                   0x080000b1   Thumb Code     0  entry.o(.ARM.Collect$$$$00000000)
    _main_stk                                0x080000b1   Thumb Code     0  entry2.o(.ARM.Collect$$$$00000001)
    _main_scatterload                        0x080000b5   Thumb Code     0  entry5.o(.ARM.Collect$$$$00000004)
    __main_after_scatterload                 0x080000b9   Thumb Code     0  entry5.o(.ARM.Collect$$$$00000004)
    _main_clock                              0x080000b9   Thumb Code     0  entry7b.o(.ARM.Collect$$$$00000008)
    _main_cpp_init                           0x080000b9   Thumb Code     0  entry8b.o(.ARM.Collect$$$$0000000A)
    _main_init                               0x080000b9   Thumb Code     0  entry9a.o(.ARM.Collect$$$$0000000B)
    __rt_final_cpp                           0x080000c1   Thumb Code     0  entry10a.o(.ARM.Collect$$$$0000000D)
    __rt_final_exit                          0x080000c1   Thumb Code     0  entry11a.o(.ARM.Collect$$$$0000000F)
    Reset_Handler                            0x080000c5   Thumb Code     8  startup_stm32f031x6.o(.text)
    NMI_Handler                              0x080000cd   Thumb Code     2  startup_stm32f031x6.o(.text)
    HardFault_Handler                        0x080000cf   Thumb Code     2  startup_stm32f031x6.o(.text)
    SVC_Handler                              0x080000d1   Thumb Code     2  startup_stm32f031x6.o(.text)
    PendSV_Handler                           0x080000d3   Thumb Code     2  startup_stm32f031x6.o(.text)
    ADC1_IRQHandler                          0x080000d7   Thumb Code     0  startup_stm32f031x6.o(.text)
    DMA1_Channel2_3_IRQHandler               0x080000d7   Thumb Code     0  startup_stm32f031x6.o(.text)
    EXTI0_1_IRQHandler                       0x080000d7   Thumb Code     0  startup_stm32f031x6.o(.text)
    EXTI2_3_IRQHandler                       0x080000d7   Thumb Code     0  startup_stm32f031x6.o(.text)
    EXTI4_15_IRQHandler                      0x080000d7   Thumb Code     0  startup_stm32f031x6.o(.text)
    FLASH_IRQHandler                         0x080000d7   Thumb Code     0  startup_stm32f031x6.o(.text)
    I2C1_IRQHandler                          0x080000d7   Thumb Code     0  startup_stm32f031x6.o(.text)
    PVD_IRQHandler                           0x080000d7   Thumb Code     0  startup_stm32f031x6.o(.text)
    RCC_IRQHandler                           0x080000d7   Thumb Code     0  startup_stm32f031x6.o(.text)
    RTC_IRQHandler                           0x080000d7   Thumb Code     0  startup_stm32f031x6.o(.text)
    SPI1_IRQHandler                          0x080000d7   Thumb Code     0  startup_stm32f031x6.o(.text)
    TIM14_IRQHandler                         0x080000d7   Thumb Code     0  startup_stm32f031x6.o(.text)
    TIM16_IRQHandler                         0x080000d7   Thumb Code     0  startup_stm32f031x6.o(.text)
    TIM17_IRQHandler                         0x080000d7   Thumb Code     0  startup_stm32f031x6.o(.text)
    TIM1_CC_IRQHandler                       0x080000d7   Thumb Code     0  startup_stm32f031x6.o(.text)
    WWDG_IRQHandler                          0x080000d7   Thumb Code     0  startup_stm32f031x6.o(.text)
    __aeabi_uidiv                            0x080000e1   Thumb Code     0  uidiv.o(.text)
    __aeabi_uidivmod                         0x080000e1   Thumb Code    44  uidiv.o(.text)
    __aeabi_idiv                             0x0800010d   Thumb Code     0  idiv.o(.text)
    __aeabi_idivmod                          0x0800010d   Thumb Code    40  idiv.o(.text)
    __aeabi_memset                           0x08000135   Thumb Code    14  memseta.o(.text)
    __aeabi_memset4                          0x08000135   Thumb Code     0  memseta.o(.text)
    __aeabi_memset8                          0x08000135   Thumb Code     0  memseta.o(.text)
    __aeabi_memclr                           0x08000143   Thumb Code     4  memseta.o(.text)
    __aeabi_memclr4                          0x08000143   Thumb Code     0  memseta.o(.text)
    __aeabi_memclr8                          0x08000143   Thumb Code     0  memseta.o(.text)
    _memset$wrapper                          0x08000147   Thumb Code    18  memseta.o(.text)
    __aeabi_fadd                             0x08000159   Thumb Code   162  fadd.o(.text)
    __aeabi_fsub                             0x080001fb   Thumb Code     8  fadd.o(.text)
    __aeabi_frsub                            0x08000203   Thumb Code     8  fadd.o(.text)
    __aeabi_fmul                             0x0800020b   Thumb Code   122  fmul.o(.text)
    __aeabi_fdiv                             0x08000285   Thumb Code   124  fdiv.o(.text)
    __ARM_scalbnf                            0x08000301   Thumb Code    24  fscalb.o(.text)
    scalbnf                                  0x08000301   Thumb Code     0  fscalb.o(.text)
    __aeabi_ui2f                             0x08000319   Thumb Code    14  ffltui.o(.text)
    __aeabi_f2iz                             0x08000327   Thumb Code    50  ffixi.o(.text)
    __aeabi_f2uiz                            0x08000359   Thumb Code    40  ffixui.o(.text)
    __I$use$fp                               0x08000381   Thumb Code     0  iusefp.o(.text)
    _float_round                             0x08000381   Thumb Code    16  fepilogue.o(.text)
    _float_epilogue                          0x08000391   Thumb Code   114  fepilogue.o(.text)
    __scatterload                            0x08000405   Thumb Code    28  init.o(.text)
    __scatterload_rt2                        0x08000405   Thumb Code     0  init.o(.text)
    __decompress                             0x08000429   Thumb Code     0  __dczerorl2.o(.text)
    __decompress1                            0x08000429   Thumb Code    86  __dczerorl2.o(.text)
    Circle_Limitation                        0x0800047f   Thumb Code    76  circle_limitation.o(i.Circle_Limitation)
    DMA1_Channel1_IRQHandler                 0x080004cd   Thumb Code    14  stm32f0xx_mc_it.o(i.DMA1_Channel1_IRQHandler)
    DMA1_Channel4_5_IRQHandler               0x080004e1   Thumb Code    18  stm32f0xx_mc_it.o(i.DMA1_Channel4_5_IRQHandler)
    EAC_Exec                                 0x080004f9   Thumb Code    52  enc_align_ctrl.o(i.EAC_Exec)
    EAC_GetRestartState                      0x0800052d   Thumb Code     4  enc_align_ctrl.o(i.EAC_GetRestartState)
    EAC_Init                                 0x08000531   Thumb Code    14  enc_align_ctrl.o(i.EAC_Init)
    EAC_IsAligned                            0x0800053f   Thumb Code     4  enc_align_ctrl.o(i.EAC_IsAligned)
    EAC_SetRestartState                      0x08000543   Thumb Code     4  enc_align_ctrl.o(i.EAC_SetRestartState)
    EAC_StartAlignment                       0x08000547   Thumb Code    74  enc_align_ctrl.o(i.EAC_StartAlignment)
    ENC_Clear                                0x08000591   Thumb Code    62  encoder_speed_pos_fdbk.o(i.ENC_Clear)
    ENC_IRQHandler                           0x080005cf   Thumb Code    10  encoder_speed_pos_fdbk.o(i.ENC_IRQHandler)
    ENC_Init                                 0x080005d9   Thumb Code   100  encoder_speed_pos_fdbk.o(i.ENC_Init)
    ENC_SetMecAngle                          0x0800063d   Thumb Code    36  encoder_speed_pos_fdbk.o(i.ENC_SetMecAngle)
    F0XX_BRK_IRQHandler                      0x08000665   Thumb Code    40  r3_f0xx_pwm_curr_fdbk.o(i.F0XX_BRK_IRQHandler)
    FCP_CalcCRC                              0x0800068d   Thumb Code    40  frame_communication_protocol.o(i.FCP_CalcCRC)
    FCP_Init                                 0x080006b5   Thumb Code    34  frame_communication_protocol.o(i.FCP_Init)
    FCP_SetClient                            0x080006d7   Thumb Code    16  frame_communication_protocol.o(i.FCP_SetClient)
    HAL_ADC_ConfigChannel                    0x0800074d   Thumb Code   348  stm32f0xx_hal_adc.o(i.HAL_ADC_ConfigChannel)
    HAL_ADC_Init                             0x080008bd   Thumb Code   362  stm32f0xx_hal_adc.o(i.HAL_ADC_Init)
    HAL_ADC_MspInit                          0x08000a31   Thumb Code   122  stm32f0xx_hal_msp.o(i.HAL_ADC_MspInit)
    HAL_DMA_Init                             0x08000add   Thumb Code   100  stm32f0xx_hal_dma.o(i.HAL_DMA_Init)
    HAL_Delay                                0x08000b4d   Thumb Code    28  stm32f0xx_hal.o(i.HAL_Delay)
    HAL_GPIO_Init                            0x08000b69   Thumb Code   310  stm32f0xx_hal_gpio.o(i.HAL_GPIO_Init)
    HAL_GPIO_WritePin                        0x08000cb5   Thumb Code    12  stm32f0xx_hal_gpio.o(i.HAL_GPIO_WritePin)
    HAL_GetTick                              0x08000cc1   Thumb Code     6  stm32f0xx_hal.o(i.HAL_GetTick)
    HAL_IncTick                              0x08000ccd   Thumb Code    10  stm32f0xx_hal.o(i.HAL_IncTick)
    HAL_Init                                 0x08000cdd   Thumb Code    26  stm32f0xx_hal.o(i.HAL_Init)
    HAL_InitTick                             0x08000cfd   Thumb Code    34  stm32f0xx_hal.o(i.HAL_InitTick)
    HAL_MspInit                              0x08000d21   Thumb Code    64  stm32f0xx_hal_msp.o(i.HAL_MspInit)
    HAL_NVIC_EnableIRQ                       0x08000d65   Thumb Code    14  stm32f0xx_hal_cortex.o(i.HAL_NVIC_EnableIRQ)
    HAL_NVIC_SetPriority                     0x08000d79   Thumb Code    60  stm32f0xx_hal_cortex.o(i.HAL_NVIC_SetPriority)
    HAL_RCCEx_PeriphCLKConfig                0x08000dbd   Thumb Code   238  stm32f0xx_hal_rcc_ex.o(i.HAL_RCCEx_PeriphCLKConfig)
    HAL_RCC_ClockConfig                      0x08000eb9   Thumb Code   396  stm32f0xx_hal_rcc.o(i.HAL_RCC_ClockConfig)
    HAL_RCC_EnableCSS                        0x08001069   Thumb Code    14  stm32f0xx_hal_rcc.o(i.HAL_RCC_EnableCSS)
    HAL_RCC_GetHCLKFreq                      0x0800107d   Thumb Code     6  stm32f0xx_hal_rcc.o(i.HAL_RCC_GetHCLKFreq)
    HAL_RCC_GetPCLK1Freq                     0x08001089   Thumb Code    20  stm32f0xx_hal_rcc.o(i.HAL_RCC_GetPCLK1Freq)
    HAL_RCC_GetSysClockFreq                  0x080010a9   Thumb Code    78  stm32f0xx_hal_rcc.o(i.HAL_RCC_GetSysClockFreq)
    HAL_RCC_OscConfig                        0x08001125   Thumb Code   910  stm32f0xx_hal_rcc.o(i.HAL_RCC_OscConfig)
    HAL_SPI_Init                             0x080014c1   Thumb Code   184  stm32f0xx_hal_spi.o(i.HAL_SPI_Init)
    HAL_SPI_MspInit                          0x08001579   Thumb Code    60  stm32f0xx_hal_msp.o(i.HAL_SPI_MspInit)
    HAL_SPI_TransmitReceive                  0x080015bd   Thumb Code   606  stm32f0xx_hal_spi.o(i.HAL_SPI_TransmitReceive)
    HAL_SYSTICK_CLKSourceConfig              0x0800181d   Thumb Code    20  stm32f0xx_hal_cortex.o(i.HAL_SYSTICK_CLKSourceConfig)
    HAL_SYSTICK_Callback                     0x08001835   Thumb Code     2  stm32f0xx_hal_cortex.o(i.HAL_SYSTICK_Callback)
    HAL_SYSTICK_Config                       0x08001839   Thumb Code    46  stm32f0xx_hal_cortex.o(i.HAL_SYSTICK_Config)
    HAL_SYSTICK_IRQHandler                   0x08001875   Thumb Code     8  stm32f0xx_hal_cortex.o(i.HAL_SYSTICK_IRQHandler)
    HAL_TIMEx_BreakCallback                  0x0800187d   Thumb Code     2  stm32f0xx_hal_tim_ex.o(i.HAL_TIMEx_BreakCallback)
    HAL_TIMEx_CommutationCallback            0x0800187f   Thumb Code     2  stm32f0xx_hal_tim_ex.o(i.HAL_TIMEx_CommutationCallback)
    HAL_TIMEx_ConfigBreakDeadTime            0x08001881   Thumb Code    96  stm32f0xx_hal_tim_ex.o(i.HAL_TIMEx_ConfigBreakDeadTime)
    HAL_TIMEx_MasterConfigSynchronization    0x080018e1   Thumb Code    74  stm32f0xx_hal_tim_ex.o(i.HAL_TIMEx_MasterConfigSynchronization)
    HAL_TIM_Base_Init                        0x0800192b   Thumb Code    50  stm32f0xx_hal_tim.o(i.HAL_TIM_Base_Init)
    HAL_TIM_Base_MspInit                     0x0800195d   Thumb Code    46  stm32f0xx_hal_msp.o(i.HAL_TIM_Base_MspInit)
    HAL_TIM_Base_Start_IT                    0x08001991   Thumb Code    22  stm32f0xx_hal_tim.o(i.HAL_TIM_Base_Start_IT)
    HAL_TIM_ConfigClockSource                0x080019a7   Thumb Code   438  stm32f0xx_hal_tim.o(i.HAL_TIM_ConfigClockSource)
    HAL_TIM_IC_CaptureCallback               0x08001b5d   Thumb Code     2  stm32f0xx_hal_tim.o(i.HAL_TIM_IC_CaptureCallback)
    HAL_TIM_IRQHandler                       0x08001b5f   Thumb Code   354  stm32f0xx_hal_tim.o(i.HAL_TIM_IRQHandler)
    HAL_TIM_MspPostInit                      0x08001cc1   Thumb Code    66  stm32f0xx_hal_msp.o(i.HAL_TIM_MspPostInit)
    HAL_TIM_OC_DelayElapsedCallback          0x08001d0d   Thumb Code     2  stm32f0xx_hal_tim.o(i.HAL_TIM_OC_DelayElapsedCallback)
    HAL_TIM_PWM_ConfigChannel                0x08001d11   Thumb Code   392  stm32f0xx_hal_tim.o(i.HAL_TIM_PWM_ConfigChannel)
    HAL_TIM_PWM_Init                         0x08001ea5   Thumb Code    50  stm32f0xx_hal_tim.o(i.HAL_TIM_PWM_Init)
    HAL_TIM_PWM_MspInit                      0x08001ed9   Thumb Code    30  stm32f0xx_hal_msp.o(i.HAL_TIM_PWM_MspInit)
    HAL_TIM_PWM_PulseFinishedCallback        0x08001f01   Thumb Code     2  stm32f0xx_hal_tim.o(i.HAL_TIM_PWM_PulseFinishedCallback)
    HAL_TIM_PeriodElapsedCallback            0x08001f03   Thumb Code     2  stm32f0xx_hal_tim.o(i.HAL_TIM_PeriodElapsedCallback)
    HAL_TIM_TriggerCallback                  0x08001f05   Thumb Code     2  stm32f0xx_hal_tim.o(i.HAL_TIM_TriggerCallback)
    HAL_UART_Init                            0x08001f07   Thumb Code   106  stm32f0xx_hal_uart.o(i.HAL_UART_Init)
    HAL_UART_MspInit                         0x08001f71   Thumb Code    62  stm32f0xx_hal_msp.o(i.HAL_UART_MspInit)
    MCI_Clear_Iqdref                         0x08001fb9   Thumb Code    20  mc_interface.o(i.MCI_Clear_Iqdref)
    MCI_EncoderAlign                         0x08001fcd   Thumb Code    12  mc_interface.o(i.MCI_EncoderAlign)
    MCI_ExecBufferedCommands                 0x08001fd9   Thumb Code   122  mc_interface.o(i.MCI_ExecBufferedCommands)
    MCI_ExecSpeedRamp                        0x08002053   Thumb Code    14  mc_interface.o(i.MCI_ExecSpeedRamp)
    MCI_ExecTorqueRamp                       0x08002061   Thumb Code    18  mc_interface.o(i.MCI_ExecTorqueRamp)
    MCI_FaultAcknowledged                    0x08002073   Thumb Code    10  mc_interface.o(i.MCI_FaultAcknowledged)
    MCI_GetAvrgMecSpeed01Hz                  0x0800207d   Thumb Code    14  mc_interface.o(i.MCI_GetAvrgMecSpeed01Hz)
    MCI_GetControlMode                       0x0800208b   Thumb Code     4  mc_interface.o(i.MCI_GetControlMode)
    MCI_GetIab                               0x0800208f   Thumb Code    16  mc_interface.o(i.MCI_GetIab)
    MCI_GetIalphabeta                        0x0800209f   Thumb Code    16  mc_interface.o(i.MCI_GetIalphabeta)
    MCI_GetIqd                               0x080020af   Thumb Code    16  mc_interface.o(i.MCI_GetIqd)
    MCI_GetIqdref                            0x080020bf   Thumb Code    16  mc_interface.o(i.MCI_GetIqdref)
    MCI_GetLastRampFinalSpeed                0x080020cf   Thumb Code    16  mc_interface.o(i.MCI_GetLastRampFinalSpeed)
    MCI_GetMecSpeedRef01Hz                   0x080020df   Thumb Code    10  mc_interface.o(i.MCI_GetMecSpeedRef01Hz)
    MCI_GetSTMState                          0x080020e9   Thumb Code    10  mc_interface.o(i.MCI_GetSTMState)
    MCI_GetTeref                             0x080020f3   Thumb Code     8  mc_interface.o(i.MCI_GetTeref)
    MCI_GetValphabeta                        0x080020fb   Thumb Code    16  mc_interface.o(i.MCI_GetValphabeta)
    MCI_GetVqd                               0x0800210b   Thumb Code    16  mc_interface.o(i.MCI_GetVqd)
    MCI_Init                                 0x0800211b   Thumb Code    20  mc_interface.o(i.MCI_Init)
    MCI_SetCurrentReferences                 0x0800212f   Thumb Code    20  mc_interface.o(i.MCI_SetCurrentReferences)
    MCI_SetIdref                             0x08002143   Thumb Code    10  mc_interface.o(i.MCI_SetIdref)
    MCI_StartMotor                           0x0800214d   Thumb Code    22  mc_interface.o(i.MCI_StartMotor)
    MCI_StopMotor                            0x08002163   Thumb Code    12  mc_interface.o(i.MCI_StopMotor)
    MCI_StopSpeedRamp                        0x0800216f   Thumb Code    10  mc_interface.o(i.MCI_StopSpeedRamp)
    MCM_Clarke                               0x08002179   Thumb Code    62  mc_math.o(i.MCM_Clarke)
    MCM_Park                                 0x080021c5   Thumb Code   112  mc_math.o(i.MCM_Park)
    MCM_Rev_Park                             0x08002245   Thumb Code    48  mc_math.o(i.MCM_Rev_Park)
    MCM_Trig_Functions                       0x08002275   Thumb Code   156  mc_math.o(i.MCM_Trig_Functions)
    MCP_Init                                 0x08002315   Thumb Code    68  motor_control_protocol.o(i.MCP_Init)
    MCP_OnTimeOut                            0x08002365   Thumb Code    24  motor_control_protocol.o(i.MCP_OnTimeOut)
    MCP_ReceivedFrame                        0x0800237d   Thumb Code  1528  motor_control_protocol.o(i.MCP_ReceivedFrame)
    MCP_SentFrame                            0x08002979   Thumb Code    24  motor_control_protocol.o(i.MCP_SentFrame)
    MC_GetMecSpeedAverageMotor1              0x08002991   Thumb Code    12  mc_api.o(i.MC_GetMecSpeedAverageMotor1)
    MC_Scheduler                             0x080029a1   Thumb Code   644  mc_tasks.o(i.MC_Scheduler)
    MCboot                                   0x08002c55   Thumb Code   332  mc_tasks.o(i.MCboot)
    MPM_CalcElMotorPower                     0x08002e19   Thumb Code    62  motor_power_measurement.o(i.MPM_CalcElMotorPower)
    MPM_Clear                                0x08002e57   Thumb Code    24  motor_power_measurement.o(i.MPM_Clear)
    MPM_GetAvrgElMotorPowerW                 0x08002e6f   Thumb Code     8  motor_power_measurement.o(i.MPM_GetAvrgElMotorPowerW)
    MX_MotorControl_Init                     0x08002e79   Thumb Code    48  motorcontrol.o(i.MX_MotorControl_Init)
    NTC_CalcAvTemp                           0x08002eb9   Thumb Code    80  ntc_temperature_sensor.o(i.NTC_CalcAvTemp)
    NTC_GetAvTemp_C                          0x08002f0d   Thumb Code    38  ntc_temperature_sensor.o(i.NTC_GetAvTemp_C)
    NTC_Init                                 0x08002f33   Thumb Code    22  ntc_temperature_sensor.o(i.NTC_Init)
    PID_GetKD                                0x08002f49   Thumb Code     8  pid_regulator.o(i.PID_GetKD)
    PID_GetKI                                0x08002f51   Thumb Code     8  pid_regulator.o(i.PID_GetKI)
    PID_GetKIDivisor                         0x08002f59   Thumb Code     4  pid_regulator.o(i.PID_GetKIDivisor)
    PID_GetKP                                0x08002f5d   Thumb Code     8  pid_regulator.o(i.PID_GetKP)
    PID_GetKPDivisor                         0x08002f65   Thumb Code     4  pid_regulator.o(i.PID_GetKPDivisor)
    PID_HandleInit                           0x08002f69   Thumb Code    20  pid_regulator.o(i.PID_HandleInit)
    PID_SetIntegralTerm                      0x08002f7d   Thumb Code     4  pid_regulator.o(i.PID_SetIntegralTerm)
    PID_SetKD                                0x08002f81   Thumb Code     4  pid_regulator.o(i.PID_SetKD)
    PID_SetKI                                0x08002f85   Thumb Code     4  pid_regulator.o(i.PID_SetKI)
    PID_SetKP                                0x08002f89   Thumb Code     4  pid_regulator.o(i.PID_SetKP)
    PI_Controller                            0x08002f8d   Thumb Code   122  pid_regulator.o(i.PI_Controller)
    PQD_CalcElMotorPower                     0x08003011   Thumb Code   104  pqd_motor_power_measurement.o(i.PQD_CalcElMotorPower)
    PWMC_CheckOverCurrent                    0x08003079   Thumb Code     4  pwm_curr_fdbk.o(i.PWMC_CheckOverCurrent)
    PWMC_CurrentReadingCalibr                0x0800307d   Thumb Code    66  pwm_curr_fdbk.o(i.PWMC_CurrentReadingCalibr)
    PWMC_ExecRegularConv                     0x080030bf   Thumb Code     4  pwm_curr_fdbk.o(i.PWMC_ExecRegularConv)
    PWMC_GetPhaseCurrents                    0x080030c3   Thumb Code     4  pwm_curr_fdbk.o(i.PWMC_GetPhaseCurrents)
    PWMC_SetPhaseVoltage                     0x080030c7   Thumb Code   378  pwm_curr_fdbk.o(i.PWMC_SetPhaseVoltage)
    PWMC_SwitchOffPWM                        0x08003241   Thumb Code     4  pwm_curr_fdbk.o(i.PWMC_SwitchOffPWM)
    R3F0XX_ADC_SetSamplingTime               0x080032ad   Thumb Code    20  r3_f0xx_pwm_curr_fdbk.o(i.R3F0XX_ADC_SetSamplingTime)
    R3F0XX_CurrentReadingCalibration         0x080032c1   Thumb Code   432  r3_f0xx_pwm_curr_fdbk.o(i.R3F0XX_CurrentReadingCalibration)
    R3F0XX_ExecRegularConv                   0x080034b5   Thumb Code   154  r3_f0xx_pwm_curr_fdbk.o(i.R3F0XX_ExecRegularConv)
    R3F0XX_GetPhaseCurrents                  0x0800355d   Thumb Code   368  r3_f0xx_pwm_curr_fdbk.o(i.R3F0XX_GetPhaseCurrents)
    R3F0XX_Init                              0x08003799   Thumb Code   260  r3_f0xx_pwm_curr_fdbk.o(i.R3F0XX_Init)
    R3F0XX_IsOverCurrentOccurred             0x080038cd   Thumb Code    32  r3_f0xx_pwm_curr_fdbk.o(i.R3F0XX_IsOverCurrentOccurred)
    R3F0XX_SetADCSampPointCalibration        0x080038ed   Thumb Code   142  r3_f0xx_pwm_curr_fdbk.o(i.R3F0XX_SetADCSampPointCalibration)
    R3F0XX_SetADCSampPointSect1              0x08003989   Thumb Code   196  r3_f0xx_pwm_curr_fdbk.o(i.R3F0XX_SetADCSampPointSect1)
    R3F0XX_SetADCSampPointSect2              0x08003a59   Thumb Code   196  r3_f0xx_pwm_curr_fdbk.o(i.R3F0XX_SetADCSampPointSect2)
    R3F0XX_SetADCSampPointSect3              0x08003b29   Thumb Code   196  r3_f0xx_pwm_curr_fdbk.o(i.R3F0XX_SetADCSampPointSect3)
    R3F0XX_SetADCSampPointSect4              0x08003bf9   Thumb Code   110  r3_f0xx_pwm_curr_fdbk.o(i.R3F0XX_SetADCSampPointSect4)
    R3F0XX_SetADCSampPointSect5              0x08003c71   Thumb Code   110  r3_f0xx_pwm_curr_fdbk.o(i.R3F0XX_SetADCSampPointSect5)
    R3F0XX_SetADCSampPointSect6              0x08003ce9   Thumb Code   196  r3_f0xx_pwm_curr_fdbk.o(i.R3F0XX_SetADCSampPointSect6)
    R3F0XX_SwitchOffPWM                      0x08003db9   Thumb Code   116  r3_f0xx_pwm_curr_fdbk.o(i.R3F0XX_SwitchOffPWM)
    R3F0XX_SwitchOnPWM                       0x08003e41   Thumb Code   438  r3_f0xx_pwm_curr_fdbk.o(i.R3F0XX_SwitchOnPWM)
    R3F0XX_TurnOnLowSides                    0x08004011   Thumb Code    72  r3_f0xx_pwm_curr_fdbk.o(i.R3F0XX_TurnOnLowSides)
    REMNG_Init                               0x08004105   Thumb Code    16  ramp_ext_mngr.o(i.REMNG_Init)
    RUC_GetNumberOfPhases                    0x08004115   Thumb Code     6  revup_ctrl.o(i.RUC_GetNumberOfPhases)
    RUC_GetPhaseDurationms                   0x0800411b   Thumb Code    10  revup_ctrl.o(i.RUC_GetPhaseDurationms)
    RUC_GetPhaseFinalMecSpeed01Hz            0x08004125   Thumb Code    12  revup_ctrl.o(i.RUC_GetPhaseFinalMecSpeed01Hz)
    RUC_GetPhaseFinalTorque                  0x08004131   Thumb Code    12  revup_ctrl.o(i.RUC_GetPhaseFinalTorque)
    RUC_SetPhaseDurationms                   0x0800413d   Thumb Code    10  revup_ctrl.o(i.RUC_SetPhaseDurationms)
    RUC_SetPhaseFinalMecSpeed01Hz            0x08004147   Thumb Code    10  revup_ctrl.o(i.RUC_SetPhaseFinalMecSpeed01Hz)
    RUC_SetPhaseFinalTorque                  0x08004151   Thumb Code    10  revup_ctrl.o(i.RUC_SetPhaseFinalTorque)
    SPD_GetAvrgMecSpeed01Hz                  0x0800415b   Thumb Code     8  speed_pos_fdbk.o(i.SPD_GetAvrgMecSpeed01Hz)
    SPD_GetElAngle                           0x08004163   Thumb Code     8  speed_pos_fdbk.o(i.SPD_GetElAngle)
    SPD_GetS16Speed                          0x0800416b   Thumb Code    24  speed_pos_fdbk.o(i.SPD_GetS16Speed)
    SPD_IsMecSpeedReliable                   0x08004183   Thumb Code    96  speed_pos_fdbk.o(i.SPD_IsMecSpeedReliable)
    STC_CalcTorqueReference                  0x0800434b   Thumb Code    90  speed_torq_ctrl.o(i.STC_CalcTorqueReference)
    STC_Clear                                0x080043a5   Thumb Code    20  speed_torq_ctrl.o(i.STC_Clear)
    STC_ExecRamp                             0x080043b9   Thumb Code   146  speed_torq_ctrl.o(i.STC_ExecRamp)
    STC_ForceSpeedReferenceToCurrentSpeed    0x0800444b   Thumb Code    16  speed_torq_ctrl.o(i.STC_ForceSpeedReferenceToCurrentSpeed)
    STC_GetDefaultIqdref                     0x0800445b   Thumb Code    14  speed_torq_ctrl.o(i.STC_GetDefaultIqdref)
    STC_GetMaxAppPositiveMecSpeed01Hz        0x08004469   Thumb Code     4  speed_torq_ctrl.o(i.STC_GetMaxAppPositiveMecSpeed01Hz)
    STC_GetMecSpeedRef01Hz                   0x0800446d   Thumb Code    12  speed_torq_ctrl.o(i.STC_GetMecSpeedRef01Hz)
    STC_GetMecSpeedRef01HzDefault            0x08004479   Thumb Code     8  speed_torq_ctrl.o(i.STC_GetMecSpeedRef01HzDefault)
    STC_GetMinAppNegativeMecSpeed01Hz        0x08004481   Thumb Code     8  speed_torq_ctrl.o(i.STC_GetMinAppNegativeMecSpeed01Hz)
    STC_GetSpeedSensor                       0x08004489   Thumb Code     4  speed_torq_ctrl.o(i.STC_GetSpeedSensor)
    STC_Init                                 0x0800448d   Thumb Code    32  speed_torq_ctrl.o(i.STC_Init)
    STC_SetControlMode                       0x080044ad   Thumb Code     8  speed_torq_ctrl.o(i.STC_SetControlMode)
    STC_SetSpeedSensor                       0x080044b5   Thumb Code     4  speed_torq_ctrl.o(i.STC_SetSpeedSensor)
    STC_StopSpeedRamp                        0x080044b9   Thumb Code    16  speed_torq_ctrl.o(i.STC_StopSpeedRamp)
    STM_FaultAcknowledged                    0x080044c9   Thumb Code    22  state_machine.o(i.STM_FaultAcknowledged)
    STM_FaultProcessing                      0x080044df   Thumb Code    50  state_machine.o(i.STM_FaultProcessing)
    STM_GetFaultState                        0x08004511   Thumb Code    10  state_machine.o(i.STM_GetFaultState)
    STM_GetState                             0x0800451b   Thumb Code     4  state_machine.o(i.STM_GetState)
    STM_Init                                 0x0800451f   Thumb Code    10  state_machine.o(i.STM_Init)
    STM_NextState                            0x08004529   Thumb Code   266  state_machine.o(i.STM_NextState)
    STO_GetPLLGains                          0x08004633   Thumb Code    26  sto_pll_speed_pos_fdbk.o(i.STO_GetPLLGains)
    STO_PLL_CalcAvrgElSpeedDpp               0x0800464d   Thumb Code    76  sto_pll_speed_pos_fdbk.o(i.STO_PLL_CalcAvrgElSpeedDpp)
    STO_PLL_CalcAvrgMecSpeed01Hz             0x08004699   Thumb Code   468  sto_pll_speed_pos_fdbk.o(i.STO_PLL_CalcAvrgMecSpeed01Hz)
    STO_PLL_CalcElAngle                      0x0800486d   Thumb Code   448  sto_pll_speed_pos_fdbk.o(i.STO_PLL_CalcElAngle)
    STO_PLL_Clear                            0x08004a2d   Thumb Code   110  sto_pll_speed_pos_fdbk.o(i.STO_PLL_Clear)
    STO_PLL_GetEstimatedBemf                 0x08004a9b   Thumb Code    16  sto_pll_speed_pos_fdbk.o(i.STO_PLL_GetEstimatedBemf)
    STO_PLL_GetEstimatedBemfLevel            0x08004aab   Thumb Code     6  sto_pll_speed_pos_fdbk.o(i.STO_PLL_GetEstimatedBemfLevel)
    STO_PLL_GetEstimatedCurrent              0x08004ab1   Thumb Code    24  sto_pll_speed_pos_fdbk.o(i.STO_PLL_GetEstimatedCurrent)
    STO_PLL_GetObservedBemfLevel             0x08004ac9   Thumb Code     6  sto_pll_speed_pos_fdbk.o(i.STO_PLL_GetObservedBemfLevel)
    STO_PLL_GetObserverGains                 0x08004acf   Thumb Code    10  sto_pll_speed_pos_fdbk.o(i.STO_PLL_GetObserverGains)
    STO_PLL_Init                             0x08004ad9   Thumb Code   198  sto_pll_speed_pos_fdbk.o(i.STO_PLL_Init)
    STO_PLL_SetObserverGains                 0x08004ba9   Thumb Code     6  sto_pll_speed_pos_fdbk.o(i.STO_PLL_SetObserverGains)
    STO_SetPLLGains                          0x08004baf   Thumb Code    22  sto_pll_speed_pos_fdbk.o(i.STO_SetPLLGains)
    SysTick_Handler                          0x08004bc5   Thumb Code    34  stm32f0xx_mc_it.o(i.SysTick_Handler)
    SystemClock_Config                       0x08004bed   Thumb Code   128  main.o(i.SystemClock_Config)
    SystemInit                               0x08004c6d   Thumb Code    78  system_stm32f0xx.o(i.SystemInit)
    TB_Scheduler                             0x08004cc9   Thumb Code    52  timebase.o(i.TB_Scheduler)
    TIM1_BRK_UP_TRG_COM_IRQHandler           0x08004d05   Thumb Code    64  stm32f0xx_mc_it.o(i.TIM1_BRK_UP_TRG_COM_IRQHandler)
    TIM2_IRQHandler                          0x08004d4d   Thumb Code    36  stm32f0xx_it.o(i.TIM2_IRQHandler)
    TIM3_IRQHandler                          0x08004d79   Thumb Code    38  stm32f0xx_mc_it.o(i.TIM3_IRQHandler)
    TIM_Base_SetConfig                       0x08004da5   Thumb Code   114  stm32f0xx_hal_tim.o(i.TIM_Base_SetConfig)
    TIM_OC2_SetConfig                        0x08004ea9   Thumb Code   106  stm32f0xx_hal_tim.o(i.TIM_OC2_SetConfig)
    TSK_HighFrequencyTask                    0x08004f21   Thumb Code   248  mc_tasks.o(i.TSK_HighFrequencyTask)
    TSK_SafetyTask                           0x0800503d   Thumb Code   112  mc_tasks.o(i.TSK_SafetyTask)
    UART_AdvFeatureConfig                    0x080050c1   Thumb Code   204  stm32f0xx_hal_uart.o(i.UART_AdvFeatureConfig)
    UART_CheckIdleState                      0x0800518d   Thumb Code    96  stm32f0xx_hal_uart.o(i.UART_CheckIdleState)
    UART_SetConfig                           0x080051f5   Thumb Code   332  stm32f0xx_hal_uart.o(i.UART_SetConfig)
    UART_WaitOnFlagUntilTimeout              0x08005351   Thumb Code   120  stm32f0xx_hal_uart.o(i.UART_WaitOnFlagUntilTimeout)
    UFCP_AbortReceive                        0x080053c9   Thumb Code    10  usart_frame_communication_protocol.o(i.UFCP_AbortReceive)
    UFCP_Init                                0x080053d3   Thumb Code     8  usart_frame_communication_protocol.o(i.UFCP_Init)
    UFCP_OVR_IRQ_Handler                     0x080053db   Thumb Code    18  usart_frame_communication_protocol.o(i.UFCP_OVR_IRQ_Handler)
    UFCP_RX_IRQ_Handler                      0x080053ed   Thumb Code   142  usart_frame_communication_protocol.o(i.UFCP_RX_IRQ_Handler)
    UFCP_Receive                             0x08005489   Thumb Code    36  usart_frame_communication_protocol.o(i.UFCP_Receive)
    UFCP_Send                                0x080054ad   Thumb Code   114  usart_frame_communication_protocol.o(i.UFCP_Send)
    UFCP_TX_IRQ_Handler                      0x0800551f   Thumb Code    98  usart_frame_communication_protocol.o(i.UFCP_TX_IRQ_Handler)
    UI_ExecCmd                               0x08005581   Thumb Code   116  user_interface.o(i.UI_ExecCmd)
    UI_ExecSpeedRamp                         0x080055f5   Thumb Code    36  user_interface.o(i.UI_ExecSpeedRamp)
    UI_GetMPInfo                             0x08005619   Thumb Code     4  user_interface.o(i.UI_GetMPInfo)
    UI_GetReg                                0x0800561d   Thumb Code  1096  user_interface.o(i.UI_GetReg)
    UI_GetRevupData                          0x08005a69   Thumb Code    66  user_interface.o(i.UI_GetRevupData)
    UI_Init                                  0x08005aab   Thumb Code    20  user_interface.o(i.UI_Init)
    UI_Scheduler                             0x08005ac1   Thumb Code    40  ui_task.o(i.UI_Scheduler)
    UI_SerialCommunicationTimeOutStart       0x08005aed   Thumb Code     8  ui_task.o(i.UI_SerialCommunicationTimeOutStart)
    UI_SerialCommunicationTimeOutStop        0x08005af9   Thumb Code     8  ui_task.o(i.UI_SerialCommunicationTimeOutStop)
    UI_SetCurrentReferences                  0x08005b05   Thumb Code    22  user_interface.o(i.UI_SetCurrentReferences)
    UI_SetReg                                0x08005b1b   Thumb Code   554  user_interface.o(i.UI_SetReg)
    UI_SetRevupData                          0x08005d45   Thumb Code    50  user_interface.o(i.UI_SetRevupData)
    UI_TaskInit                              0x08005d79   Thumb Code    74  ui_task.o(i.UI_TaskInit)
    USART1_IRQHandler                        0x08005de1   Thumb Code    90  stm32f0xx_mc_it.o(i.USART1_IRQHandler)
    VBS_GetAvBusVoltage_V                    0x08005e45   Thumb Code    10  bus_voltage_sensor.o(i.VBS_GetAvBusVoltage_V)
    VBS_GetAvBusVoltage_d                    0x08005e4f   Thumb Code     4  bus_voltage_sensor.o(i.VBS_GetAvBusVoltage_d)
    VSS_Init                                 0x08005e53   Thumb Code    40  virtual_speed_sensor.o(i.VSS_Init)
    VSS_SetMecAcceleration                   0x08005e7b   Thumb Code   132  virtual_speed_sensor.o(i.VSS_SetMecAcceleration)
    VSS_SetMecAngle                          0x08005eff   Thumb Code    22  virtual_speed_sensor.o(i.VSS_SetMecAngle)
    VVBS_Init                                0x08005f15   Thumb Code    12  virtual_bus_voltage_sensor.o(i.VVBS_Init)
    _Error_Handler                           0x08005f21   Thumb Code     2  main.o(i._Error_Handler)
    __scatterload_copy                       0x08005f23   Thumb Code    14  handlers.o(i.__scatterload_copy)
    __scatterload_null                       0x08005f31   Thumb Code     2  handlers.o(i.__scatterload_null)
    __scatterload_zeroinit                   0x08005f33   Thumb Code    14  handlers.o(i.__scatterload_zeroinit)
    as5028a_enc_update                       0x08005f41   Thumb Code   176  as5048a.o(i.as5028a_enc_update)
    as5048_CalcAvrgMecSpeed01Hz              0x08006005   Thumb Code   198  as5048a.o(i.as5048_CalcAvrgMecSpeed01Hz)
    as5048_get_enc_deg                       0x080060d9   Thumb Code     6  as5048a.o(i.as5048_get_enc_deg)
    as5048a_enc_calangle                     0x080060e5   Thumb Code    20  as5048a.o(i.as5048a_enc_calangle)
    as5048a_enc_calibrate                    0x080060fd   Thumb Code     8  as5048a.o(i.as5048a_enc_calibrate)
    as5048a_enc_init                         0x08006109   Thumb Code    28  as5048a.o(i.as5048a_enc_init)
    main                                     0x08006129   Thumb Code   762  main.o(i.main)
    mc_lock_pins                             0x08006465   Thumb Code   144  mc_tasks.o(i.mc_lock_pins)
    s_fwVer                                  0x08006504   Data          32  motorcontrol.o(.constdata)
    R3_F0XX_Params                           0x08006524   Data          44  mc_parameters.o(.constdata)
    AHBPrescTable                            0x08006550   Data          16  system_stm32f0xx.o(.constdata)
    APBPrescTable                            0x08006560   Data           8  system_stm32f0xx.o(.constdata)
    hSin_Cos_Table                           0x08006568   Data         512  mc_math.o(.constdata)
    Region$$Table$$Base                      0x08006784   Number         0  anon$$obj.o(Region$$Table)
    Region$$Table$$Limit                     0x080067a4   Number         0  anon$$obj.o(Region$$Table)
    a_angle                                  0x20000000   Data           4  main.o(.data)
    a_speed01                                0x20000004   Data           4  main.o(.data)
    wConfig                                  0x20000008   Data           4  motorcontrol.o(.data)
    pMCI                                     0x2000000c   Data           4  motorcontrol.o(.data)
    pMCT                                     0x20000010   Data           4  motorcontrol.o(.data)
    MPInfo                                   0x20000014   Data           8  motor_control_protocol.o(.data)
    PQD_MotorPowMeasM1                       0x2000001c   Data         276  mc_config.o(.data)
    PIDSpeedHandle_M1                        0x20000130   Data          44  mc_config.o(.data)
    PIDIqHandle_M1                           0x2000015c   Data          44  mc_config.o(.data)
    PIDIdHandle_M1                           0x20000188   Data          44  mc_config.o(.data)
    SpeednTorqCtrlM1                         0x200001b4   Data          52  mc_config.o(.data)
    PWM_Handle_M1                            0x200001e8   Data         224  mc_config.o(.data)
    VirtualSpeedSensorM1                     0x200002c8   Data          48  mc_config.o(.data)
    STO_PLL_M1                               0x200002f8   Data         284  mc_config.o(.data)
    ENCODER_M1                               0x20000414   Data         120  mc_config.o(.data)
    EncAlignCtrlM1                           0x2000048c   Data          28  mc_config.o(.data)
    TempSensorParamsM1                       0x200004a8   Data          40  mc_config.o(.data)
    VirtualBusVoltageSensorParamsM1          0x200004d0   Data          12  mc_config.o(.data)
    RampExtMngrHFParamsM1                    0x200004dc   Data          20  mc_config.o(.data)
    CircleLimitationM1                       0x200004f0   Data         178  mc_config.o(.data)
    pUSART                                   0x200005a4   Data         316  mc_config.o(.data)
    bMCBootCompleted                         0x200006e2   Data           1  mc_tasks.o(.data)
    oMCInterface                             0x200006ec   Data           4  mc_tasks.o(.data)
    pSTC                                     0x200006f0   Data           4  mc_tasks.o(.data)
    pPIDSpeed                                0x200006f4   Data           4  mc_tasks.o(.data)
    pPIDIq                                   0x200006f8   Data           4  mc_tasks.o(.data)
    pPIDId                                   0x200006fc   Data           4  mc_tasks.o(.data)
    pBusSensorM1                             0x20000700   Data           4  mc_tasks.o(.data)
    pTemperatureSensor                       0x20000704   Data           4  mc_tasks.o(.data)
    pwmcHandle                               0x20000708   Data           4  mc_tasks.o(.data)
    pMPM                                     0x2000070c   Data           4  mc_tasks.o(.data)
    pCLM                                     0x20000710   Data           4  mc_tasks.o(.data)
    pREMNG                                   0x20000714   Data           4  mc_tasks.o(.data)
    v_speed                                  0x20000718   Data           4  mc_tasks.o(.data)
    a_ibus                                   0x2000071c   Data           4  mc_tasks.o(.data)
    a_e_angle                                0x20000720   Data           4  mc_tasks.o(.data)
    a_est_angle                              0x20000724   Data           4  mc_tasks.o(.data)
    a_est_ia                                 0x20000728   Data           4  mc_tasks.o(.data)
    a_est_ib                                 0x2000072c   Data           4  mc_tasks.o(.data)
    a_ia                                     0x20000730   Data           4  mc_tasks.o(.data)
    a_ib                                     0x20000734   Data           4  mc_tasks.o(.data)
    STM                                      0x20000738   Data           6  mc_tasks.o(.data)
    pDAC                                     0x20000748   Data           4  ui_task.o(.data)
    pMCP                                     0x2000074c   Data           4  ui_task.o(.data)
    uwTick                                   0x20000750   Data           4  stm32f0xx_hal.o(.data)
    SystemCoreClock                          0x20000754   Data           4  system_stm32f0xx.o(.data)
    enc                                      0x2000075c   Data          28  as5048a.o(.bss)
    hadc                                     0x20000778   Data          76  main.o(.bss)
    hspi1                                    0x200007c4   Data         100  main.o(.bss)
    htim1                                    0x20000828   Data          64  main.o(.bss)
    htim2                                    0x20000868   Data          64  main.o(.bss)
    huart1                                   0x200008a8   Data         112  main.o(.bss)
    hdma_adc                                 0x20000918   Data          68  main.o(.bss)
    UI_Params                                0x2000095c   Data          24  mc_config.o(.bss)
    FOCVars                                  0x20000974   Data          38  mc_tasks.o(.bss)
    Mci                                      0x2000099c   Data          28  mc_tasks.o(.bss)
    MCT                                      0x200009b8   Data          80  mc_tasks.o(.bss)
    MCP_UI_Params                            0x20000a08   Data         180  ui_task.o(.bss)
    __initial_sp                             0x20000ec0   Data           0  startup_stm32f031x6.o(STACK)



==============================================================================

Memory Map of the image

  Image Entry point : 0x080000b1

  Load Region LR_IROM1 (Base: 0x08000000, Size: 0x00006f00, Max: 0x00008000, ABSOLUTE, COMPRESSED[0x00006974])

    Execution Region ER_IROM1 (Base: 0x08000000, Size: 0x000067a4, Max: 0x00008000, ABSOLUTE)

    Base Addr    Size         Type   Attr      Idx    E Section Name        Object

    0x08000000   0x000000b0   Data   RO            3    RESET               startup_stm32f031x6.o
    0x080000b0   0x00000000   Code   RO         6463  * .ARM.Collect$$$$00000000  mc_p.l(entry.o)
    0x080000b0   0x00000004   Code   RO         6488    .ARM.Collect$$$$00000001  mc_p.l(entry2.o)
    0x080000b4   0x00000004   Code   RO         6491    .ARM.Collect$$$$00000004  mc_p.l(entry5.o)
    0x080000b8   0x00000000   Code   RO         6493    .ARM.Collect$$$$00000008  mc_p.l(entry7b.o)
    0x080000b8   0x00000000   Code   RO         6495    .ARM.Collect$$$$0000000A  mc_p.l(entry8b.o)
    0x080000b8   0x00000008   Code   RO         6496    .ARM.Collect$$$$0000000B  mc_p.l(entry9a.o)
    0x080000c0   0x00000000   Code   RO         6498    .ARM.Collect$$$$0000000D  mc_p.l(entry10a.o)
    0x080000c0   0x00000000   Code   RO         6500    .ARM.Collect$$$$0000000F  mc_p.l(entry11a.o)
    0x080000c0   0x00000004   Code   RO         6489    .ARM.Collect$$$$00002712  mc_p.l(entry2.o)
    0x080000c4   0x0000001c   Code   RO            4    .text               startup_stm32f031x6.o
    0x080000e0   0x0000002c   Code   RO         6466    .text               mc_p.l(uidiv.o)
    0x0800010c   0x00000028   Code   RO         6468    .text               mc_p.l(idiv.o)
    0x08000134   0x00000024   Code   RO         6472    .text               mc_p.l(memseta.o)
    0x08000158   0x000000b2   Code   RO         6474    .text               mf_p.l(fadd.o)
    0x0800020a   0x0000007a   Code   RO         6476    .text               mf_p.l(fmul.o)
    0x08000284   0x0000007c   Code   RO         6478    .text               mf_p.l(fdiv.o)
    0x08000300   0x00000018   Code   RO         6480    .text               mf_p.l(fscalb.o)
    0x08000318   0x0000000e   Code   RO         6482    .text               mf_p.l(ffltui.o)
    0x08000326   0x00000032   Code   RO         6484    .text               mf_p.l(ffixi.o)
    0x08000358   0x00000028   Code   RO         6486    .text               mf_p.l(ffixui.o)
    0x08000380   0x00000000   Code   RO         6502    .text               mc_p.l(iusefp.o)
    0x08000380   0x00000082   Code   RO         6503    .text               mf_p.l(fepilogue.o)
    0x08000402   0x00000002   PAD
    0x08000404   0x00000024   Code   RO         6505    .text               mc_p.l(init.o)
    0x08000428   0x00000056   Code   RO         6515    .text               mc_p.l(__dczerorl2.o)
    0x0800047e   0x0000004c   Code   RO         4360    i.Circle_Limitation  circle_limitation.o
    0x080004ca   0x00000002   PAD
    0x080004cc   0x00000014   Code   RO          897    i.DMA1_Channel1_IRQHandler  stm32f0xx_mc_it.o
    0x080004e0   0x00000018   Code   RO          898    i.DMA1_Channel4_5_IRQHandler  stm32f0xx_mc_it.o
    0x080004f8   0x00000034   Code   RO         4409    i.EAC_Exec          enc_align_ctrl.o
    0x0800052c   0x00000004   Code   RO         4410    i.EAC_GetRestartState  enc_align_ctrl.o
    0x08000530   0x0000000e   Code   RO         4411    i.EAC_Init          enc_align_ctrl.o
    0x0800053e   0x00000004   Code   RO         4412    i.EAC_IsAligned     enc_align_ctrl.o
    0x08000542   0x00000004   Code   RO         4413    i.EAC_SetRestartState  enc_align_ctrl.o
    0x08000546   0x0000004a   Code   RO         4414    i.EAC_StartAlignment  enc_align_ctrl.o
    0x08000590   0x0000003e   Code   RO         4461    i.ENC_Clear         encoder_speed_pos_fdbk.o
    0x080005ce   0x0000000a   Code   RO         4462    i.ENC_IRQHandler    encoder_speed_pos_fdbk.o
    0x080005d8   0x00000064   Code   RO         4463    i.ENC_Init          encoder_speed_pos_fdbk.o
    0x0800063c   0x00000028   Code   RO         4464    i.ENC_SetMecAngle   encoder_speed_pos_fdbk.o
    0x08000664   0x00000028   Code   RO         5734    i.F0XX_BRK_IRQHandler  r3_f0xx_pwm_curr_fdbk.o
    0x0800068c   0x00000028   Code   RO         5882    i.FCP_CalcCRC       frame_communication_protocol.o
    0x080006b4   0x00000022   Code   RO         5883    i.FCP_Init          frame_communication_protocol.o
    0x080006d6   0x00000010   Code   RO         5885    i.FCP_SetClient     frame_communication_protocol.o
    0x080006e6   0x00000002   PAD
    0x080006e8   0x00000064   Code   RO          783    i.FOC_Clear         mc_tasks.o
    0x0800074c   0x00000170   Code   RO         1290    i.HAL_ADC_ConfigChannel  stm32f0xx_hal_adc.o
    0x080008bc   0x00000174   Code   RO         1299    i.HAL_ADC_Init      stm32f0xx_hal_adc.o
    0x08000a30   0x000000ac   Code   RO         1197    i.HAL_ADC_MspInit   stm32f0xx_hal_msp.o
    0x08000adc   0x00000070   Code   RO         3798    i.HAL_DMA_Init      stm32f0xx_hal_dma.o
    0x08000b4c   0x0000001c   Code   RO         3164    i.HAL_Delay         stm32f0xx_hal.o
    0x08000b68   0x0000014c   Code   RO         3733    i.HAL_GPIO_Init     stm32f0xx_hal_gpio.o
    0x08000cb4   0x0000000c   Code   RO         3737    i.HAL_GPIO_WritePin  stm32f0xx_hal_gpio.o
    0x08000cc0   0x0000000c   Code   RO         3168    i.HAL_GetTick       stm32f0xx_hal.o
    0x08000ccc   0x00000010   Code   RO         3172    i.HAL_IncTick       stm32f0xx_hal.o
    0x08000cdc   0x00000020   Code   RO         3173    i.HAL_Init          stm32f0xx_hal.o
    0x08000cfc   0x00000022   Code   RO         3174    i.HAL_InitTick      stm32f0xx_hal.o
    0x08000d1e   0x00000002   PAD
    0x08000d20   0x00000044   Code   RO         1198    i.HAL_MspInit       stm32f0xx_hal_msp.o
    0x08000d64   0x00000014   Code   RO         3880    i.HAL_NVIC_EnableIRQ  stm32f0xx_hal_cortex.o
    0x08000d78   0x00000044   Code   RO         3884    i.HAL_NVIC_SetPriority  stm32f0xx_hal_cortex.o
    0x08000dbc   0x000000fc   Code   RO         3129    i.HAL_RCCEx_PeriphCLKConfig  stm32f0xx_hal_rcc_ex.o
    0x08000eb8   0x000001b0   Code   RO         3037    i.HAL_RCC_ClockConfig  stm32f0xx_hal_rcc.o
    0x08001068   0x00000014   Code   RO         3040    i.HAL_RCC_EnableCSS  stm32f0xx_hal_rcc.o
    0x0800107c   0x0000000c   Code   RO         3042    i.HAL_RCC_GetHCLKFreq  stm32f0xx_hal_rcc.o
    0x08001088   0x00000020   Code   RO         3044    i.HAL_RCC_GetPCLK1Freq  stm32f0xx_hal_rcc.o
    0x080010a8   0x0000007c   Code   RO         3045    i.HAL_RCC_GetSysClockFreq  stm32f0xx_hal_rcc.o
    0x08001124   0x0000039c   Code   RO         3048    i.HAL_RCC_OscConfig  stm32f0xx_hal_rcc.o
    0x080014c0   0x000000b8   Code   RO         1490    i.HAL_SPI_Init      stm32f0xx_hal_spi.o
    0x08001578   0x00000044   Code   RO         1200    i.HAL_SPI_MspInit   stm32f0xx_hal_msp.o
    0x080015bc   0x0000025e   Code   RO         1499    i.HAL_SPI_TransmitReceive  stm32f0xx_hal_spi.o
    0x0800181a   0x00000002   PAD
    0x0800181c   0x00000018   Code   RO         3886    i.HAL_SYSTICK_CLKSourceConfig  stm32f0xx_hal_cortex.o
    0x08001834   0x00000002   Code   RO         3887    i.HAL_SYSTICK_Callback  stm32f0xx_hal_cortex.o
    0x08001836   0x00000002   PAD
    0x08001838   0x0000003c   Code   RO         3888    i.HAL_SYSTICK_Config  stm32f0xx_hal_cortex.o
    0x08001874   0x00000008   Code   RO         3889    i.HAL_SYSTICK_IRQHandler  stm32f0xx_hal_cortex.o
    0x0800187c   0x00000002   Code   RO         2420    i.HAL_TIMEx_BreakCallback  stm32f0xx_hal_tim_ex.o
    0x0800187e   0x00000002   Code   RO         2421    i.HAL_TIMEx_CommutationCallback  stm32f0xx_hal_tim_ex.o
    0x08001880   0x00000060   Code   RO         2422    i.HAL_TIMEx_ConfigBreakDeadTime  stm32f0xx_hal_tim_ex.o
    0x080018e0   0x0000004a   Code   RO         2437    i.HAL_TIMEx_MasterConfigSynchronization  stm32f0xx_hal_tim_ex.o
    0x0800192a   0x00000032   Code   RO         1814    i.HAL_TIM_Base_Init  stm32f0xx_hal_tim.o
    0x0800195c   0x00000034   Code   RO         1202    i.HAL_TIM_Base_MspInit  stm32f0xx_hal_msp.o
    0x08001990   0x00000016   Code   RO         1819    i.HAL_TIM_Base_Start_IT  stm32f0xx_hal_tim.o
    0x080019a6   0x000001b6   Code   RO         1823    i.HAL_TIM_ConfigClockSource  stm32f0xx_hal_tim.o
    0x08001b5c   0x00000002   Code   RO         1845    i.HAL_TIM_IC_CaptureCallback  stm32f0xx_hal_tim.o
    0x08001b5e   0x00000162   Code   RO         1858    i.HAL_TIM_IRQHandler  stm32f0xx_hal_tim.o
    0x08001cc0   0x0000004c   Code   RO         1203    i.HAL_TIM_MspPostInit  stm32f0xx_hal_msp.o
    0x08001d0c   0x00000002   Code   RO         1861    i.HAL_TIM_OC_DelayElapsedCallback  stm32f0xx_hal_tim.o
    0x08001d0e   0x00000002   PAD
    0x08001d10   0x00000194   Code   RO         1882    i.HAL_TIM_PWM_ConfigChannel  stm32f0xx_hal_tim.o
    0x08001ea4   0x00000032   Code   RO         1885    i.HAL_TIM_PWM_Init  stm32f0xx_hal_tim.o
    0x08001ed6   0x00000002   PAD
    0x08001ed8   0x00000028   Code   RO         1205    i.HAL_TIM_PWM_MspInit  stm32f0xx_hal_msp.o
    0x08001f00   0x00000002   Code   RO         1888    i.HAL_TIM_PWM_PulseFinishedCallback  stm32f0xx_hal_tim.o
    0x08001f02   0x00000002   Code   RO         1895    i.HAL_TIM_PeriodElapsedCallback  stm32f0xx_hal_tim.o
    0x08001f04   0x00000002   Code   RO         1899    i.HAL_TIM_TriggerCallback  stm32f0xx_hal_tim.o
    0x08001f06   0x0000006a   Code   RO         2674    i.HAL_UART_Init     stm32f0xx_hal_uart.o
    0x08001f70   0x00000048   Code   RO         1207    i.HAL_UART_MspInit  stm32f0xx_hal_msp.o
    0x08001fb8   0x00000014   Code   RO         4588    i.MCI_Clear_Iqdref  mc_interface.o
    0x08001fcc   0x0000000c   Code   RO         4589    i.MCI_EncoderAlign  mc_interface.o
    0x08001fd8   0x0000007a   Code   RO         4590    i.MCI_ExecBufferedCommands  mc_interface.o
    0x08002052   0x0000000e   Code   RO         4591    i.MCI_ExecSpeedRamp  mc_interface.o
    0x08002060   0x00000012   Code   RO         4592    i.MCI_ExecTorqueRamp  mc_interface.o
    0x08002072   0x0000000a   Code   RO         4593    i.MCI_FaultAcknowledged  mc_interface.o
    0x0800207c   0x0000000e   Code   RO         4594    i.MCI_GetAvrgMecSpeed01Hz  mc_interface.o
    0x0800208a   0x00000004   Code   RO         4595    i.MCI_GetControlMode  mc_interface.o
    0x0800208e   0x00000010   Code   RO         4598    i.MCI_GetIab        mc_interface.o
    0x0800209e   0x00000010   Code   RO         4599    i.MCI_GetIalphabeta  mc_interface.o
    0x080020ae   0x00000010   Code   RO         4601    i.MCI_GetIqd        mc_interface.o
    0x080020be   0x00000010   Code   RO         4603    i.MCI_GetIqdref     mc_interface.o
    0x080020ce   0x00000010   Code   RO         4604    i.MCI_GetLastRampFinalSpeed  mc_interface.o
    0x080020de   0x0000000a   Code   RO         4605    i.MCI_GetMecSpeedRef01Hz  mc_interface.o
    0x080020e8   0x0000000a   Code   RO         4609    i.MCI_GetSTMState   mc_interface.o
    0x080020f2   0x00000008   Code   RO         4611    i.MCI_GetTeref      mc_interface.o
    0x080020fa   0x00000010   Code   RO         4612    i.MCI_GetValphabeta  mc_interface.o
    0x0800210a   0x00000010   Code   RO         4613    i.MCI_GetVqd        mc_interface.o
    0x0800211a   0x00000014   Code   RO         4614    i.MCI_Init          mc_interface.o
    0x0800212e   0x00000014   Code   RO         4617    i.MCI_SetCurrentReferences  mc_interface.o
    0x08002142   0x0000000a   Code   RO         4618    i.MCI_SetIdref      mc_interface.o
    0x0800214c   0x00000016   Code   RO         4619    i.MCI_StartMotor    mc_interface.o
    0x08002162   0x0000000c   Code   RO         4620    i.MCI_StopMotor     mc_interface.o
    0x0800216e   0x0000000a   Code   RO         4621    i.MCI_StopSpeedRamp  mc_interface.o
    0x08002178   0x0000004c   Code   RO         4535    i.MCM_Clarke        mc_math.o
    0x080021c4   0x00000080   Code   RO         4536    i.MCM_Park          mc_math.o
    0x08002244   0x00000030   Code   RO         4537    i.MCM_Rev_Park      mc_math.o
    0x08002274   0x000000a0   Code   RO         4539    i.MCM_Trig_Functions  mc_math.o
    0x08002314   0x00000050   Code   RO          667    i.MCP_Init          motor_control_protocol.o
    0x08002364   0x00000018   Code   RO          668    i.MCP_OnTimeOut     motor_control_protocol.o
    0x0800237c   0x000005fc   Code   RO          669    i.MCP_ReceivedFrame  motor_control_protocol.o
    0x08002978   0x00000018   Code   RO          674    i.MCP_SentFrame     motor_control_protocol.o
    0x08002990   0x00000010   Code   RO          461    i.MC_GetMecSpeedAverageMotor1  mc_api.o
    0x080029a0   0x000002b4   Code   RO          789    i.MC_Scheduler      mc_tasks.o
    0x08002c54   0x000001c4   Code   RO          790    i.MCboot            mc_tasks.o
    0x08002e18   0x0000003e   Code   RO         4806    i.MPM_CalcElMotorPower  motor_power_measurement.o
    0x08002e56   0x00000018   Code   RO         4807    i.MPM_Clear         motor_power_measurement.o
    0x08002e6e   0x00000008   Code   RO         4808    i.MPM_GetAvrgElMotorPowerW  motor_power_measurement.o
    0x08002e76   0x00000002   PAD
    0x08002e78   0x00000040   Code   RO          321    i.MX_MotorControl_Init  motorcontrol.o
    0x08002eb8   0x00000054   Code   RO         4844    i.NTC_CalcAvTemp    ntc_temperature_sensor.o
    0x08002f0c   0x00000026   Code   RO         4847    i.NTC_GetAvTemp_C   ntc_temperature_sensor.o
    0x08002f32   0x00000016   Code   RO         4849    i.NTC_Init          ntc_temperature_sensor.o
    0x08002f48   0x00000008   Code   RO         4945    i.PID_GetKD         pid_regulator.o
    0x08002f50   0x00000008   Code   RO         4947    i.PID_GetKI         pid_regulator.o
    0x08002f58   0x00000004   Code   RO         4948    i.PID_GetKIDivisor  pid_regulator.o
    0x08002f5c   0x00000008   Code   RO         4949    i.PID_GetKP         pid_regulator.o
    0x08002f64   0x00000004   Code   RO         4950    i.PID_GetKPDivisor  pid_regulator.o
    0x08002f68   0x00000014   Code   RO         4951    i.PID_HandleInit    pid_regulator.o
    0x08002f7c   0x00000004   Code   RO         4952    i.PID_SetIntegralTerm  pid_regulator.o
    0x08002f80   0x00000004   Code   RO         4953    i.PID_SetKD         pid_regulator.o
    0x08002f84   0x00000004   Code   RO         4954    i.PID_SetKI         pid_regulator.o
    0x08002f88   0x00000004   Code   RO         4956    i.PID_SetKP         pid_regulator.o
    0x08002f8c   0x00000084   Code   RO         4963    i.PI_Controller     pid_regulator.o
    0x08003010   0x00000068   Code   RO         5082    i.PQD_CalcElMotorPower  pqd_motor_power_measurement.o
    0x08003078   0x00000004   Code   RO         5103    i.PWMC_CheckOverCurrent  pwm_curr_fdbk.o
    0x0800307c   0x00000042   Code   RO         5104    i.PWMC_CurrentReadingCalibr  pwm_curr_fdbk.o
    0x080030be   0x00000004   Code   RO         5105    i.PWMC_ExecRegularConv  pwm_curr_fdbk.o
    0x080030c2   0x00000004   Code   RO         5106    i.PWMC_GetPhaseCurrents  pwm_curr_fdbk.o
    0x080030c6   0x0000017a   Code   RO         5131    i.PWMC_SetPhaseVoltage  pwm_curr_fdbk.o
    0x08003240   0x00000004   Code   RO         5132    i.PWMC_SwitchOffPWM  pwm_curr_fdbk.o
    0x08003244   0x00000068   Code   RO         5735    i.R3F0XX_ADC_DMA_Config_AB  r3_f0xx_pwm_curr_fdbk.o
    0x080032ac   0x00000014   Code   RO         5736    i.R3F0XX_ADC_SetSamplingTime  r3_f0xx_pwm_curr_fdbk.o
    0x080032c0   0x000001f4   Code   RO         5737    i.R3F0XX_CurrentReadingCalibration  r3_f0xx_pwm_curr_fdbk.o
    0x080034b4   0x000000a8   Code   RO         5738    i.R3F0XX_ExecRegularConv  r3_f0xx_pwm_curr_fdbk.o
    0x0800355c   0x00000180   Code   RO         5739    i.R3F0XX_GetPhaseCurrents  r3_f0xx_pwm_curr_fdbk.o
    0x080036dc   0x000000bc   Code   RO         5740    i.R3F0XX_HFCurrentsCalibration  r3_f0xx_pwm_curr_fdbk.o
    0x08003798   0x00000134   Code   RO         5741    i.R3F0XX_Init       r3_f0xx_pwm_curr_fdbk.o
    0x080038cc   0x00000020   Code   RO         5742    i.R3F0XX_IsOverCurrentOccurred  r3_f0xx_pwm_curr_fdbk.o
    0x080038ec   0x0000009c   Code   RO         5743    i.R3F0XX_SetADCSampPointCalibration  r3_f0xx_pwm_curr_fdbk.o
    0x08003988   0x000000d0   Code   RO         5744    i.R3F0XX_SetADCSampPointSect1  r3_f0xx_pwm_curr_fdbk.o
    0x08003a58   0x000000d0   Code   RO         5745    i.R3F0XX_SetADCSampPointSect2  r3_f0xx_pwm_curr_fdbk.o
    0x08003b28   0x000000d0   Code   RO         5746    i.R3F0XX_SetADCSampPointSect3  r3_f0xx_pwm_curr_fdbk.o
    0x08003bf8   0x00000078   Code   RO         5747    i.R3F0XX_SetADCSampPointSect4  r3_f0xx_pwm_curr_fdbk.o
    0x08003c70   0x00000078   Code   RO         5748    i.R3F0XX_SetADCSampPointSect5  r3_f0xx_pwm_curr_fdbk.o
    0x08003ce8   0x000000d0   Code   RO         5749    i.R3F0XX_SetADCSampPointSect6  r3_f0xx_pwm_curr_fdbk.o
    0x08003db8   0x00000088   Code   RO         5750    i.R3F0XX_SwitchOffPWM  r3_f0xx_pwm_curr_fdbk.o
    0x08003e40   0x000001d0   Code   RO         5751    i.R3F0XX_SwitchOnPWM  r3_f0xx_pwm_curr_fdbk.o
    0x08004010   0x0000004c   Code   RO         5752    i.R3F0XX_TurnOnLowSides  r3_f0xx_pwm_curr_fdbk.o
    0x0800405c   0x000000a8   Code   RO         5753    i.R3F0XX_WriteTIMRegisters  r3_f0xx_pwm_curr_fdbk.o
    0x08004104   0x00000010   Code   RO         5317    i.REMNG_Init        ramp_ext_mngr.o
    0x08004114   0x00000006   Code   RO         6353    i.RUC_GetNumberOfPhases  libmc-keil_M0.lib(revup_ctrl.o)
    0x0800411a   0x0000000a   Code   RO         6354    i.RUC_GetPhaseDurationms  libmc-keil_M0.lib(revup_ctrl.o)
    0x08004124   0x0000000c   Code   RO         6355    i.RUC_GetPhaseFinalMecSpeed01Hz  libmc-keil_M0.lib(revup_ctrl.o)
    0x08004130   0x0000000c   Code   RO         6356    i.RUC_GetPhaseFinalTorque  libmc-keil_M0.lib(revup_ctrl.o)
    0x0800413c   0x0000000a   Code   RO         6360    i.RUC_SetPhaseDurationms  libmc-keil_M0.lib(revup_ctrl.o)
    0x08004146   0x0000000a   Code   RO         6361    i.RUC_SetPhaseFinalMecSpeed01Hz  libmc-keil_M0.lib(revup_ctrl.o)
    0x08004150   0x0000000a   Code   RO         6362    i.RUC_SetPhaseFinalTorque  libmc-keil_M0.lib(revup_ctrl.o)
    0x0800415a   0x00000008   Code   RO         5371    i.SPD_GetAvrgMecSpeed01Hz  speed_pos_fdbk.o
    0x08004162   0x00000008   Code   RO         5372    i.SPD_GetElAngle    speed_pos_fdbk.o
    0x0800416a   0x00000018   Code   RO         5376    i.SPD_GetS16Speed   speed_pos_fdbk.o
    0x08004182   0x00000060   Code   RO         5377    i.SPD_IsMecSpeedReliable  speed_pos_fdbk.o
    0x080041e2   0x0000004c   Code   RO         1526    i.SPI_EndRxTxTransaction  stm32f0xx_hal_spi.o
    0x0800422e   0x00000096   Code   RO         1531    i.SPI_WaitFifoStateUntilTimeout  stm32f0xx_hal_spi.o
    0x080042c4   0x00000086   Code   RO         1532    i.SPI_WaitFlagStateUntilTimeout  stm32f0xx_hal_spi.o
    0x0800434a   0x0000005a   Code   RO         5438    i.STC_CalcTorqueReference  speed_torq_ctrl.o
    0x080043a4   0x00000014   Code   RO         5439    i.STC_Clear         speed_torq_ctrl.o
    0x080043b8   0x00000092   Code   RO         5440    i.STC_ExecRamp      speed_torq_ctrl.o
    0x0800444a   0x00000010   Code   RO         5441    i.STC_ForceSpeedReferenceToCurrentSpeed  speed_torq_ctrl.o
    0x0800445a   0x0000000e   Code   RO         5443    i.STC_GetDefaultIqdref  speed_torq_ctrl.o
    0x08004468   0x00000004   Code   RO         5444    i.STC_GetMaxAppPositiveMecSpeed01Hz  speed_torq_ctrl.o
    0x0800446c   0x0000000c   Code   RO         5445    i.STC_GetMecSpeedRef01Hz  speed_torq_ctrl.o
    0x08004478   0x00000008   Code   RO         5446    i.STC_GetMecSpeedRef01HzDefault  speed_torq_ctrl.o
    0x08004480   0x00000008   Code   RO         5447    i.STC_GetMinAppNegativeMecSpeed01Hz  speed_torq_ctrl.o
    0x08004488   0x00000004   Code   RO         5448    i.STC_GetSpeedSensor  speed_torq_ctrl.o
    0x0800448c   0x00000020   Code   RO         5450    i.STC_Init          speed_torq_ctrl.o
    0x080044ac   0x00000008   Code   RO         5452    i.STC_SetControlMode  speed_torq_ctrl.o
    0x080044b4   0x00000004   Code   RO         5454    i.STC_SetSpeedSensor  speed_torq_ctrl.o
    0x080044b8   0x00000010   Code   RO         5456    i.STC_StopSpeedRamp  speed_torq_ctrl.o
    0x080044c8   0x00000016   Code   RO         5566    i.STM_FaultAcknowledged  state_machine.o
    0x080044de   0x00000032   Code   RO         5567    i.STM_FaultProcessing  state_machine.o
    0x08004510   0x0000000a   Code   RO         5568    i.STM_GetFaultState  state_machine.o
    0x0800451a   0x00000004   Code   RO         5569    i.STM_GetState      state_machine.o
    0x0800451e   0x0000000a   Code   RO         5570    i.STM_Init          state_machine.o
    0x08004528   0x0000010a   Code   RO         5571    i.STM_NextState     state_machine.o
    0x08004632   0x0000001a   Code   RO         6027    i.STO_GetPLLGains   libmc-keil_M0.lib(sto_pll_speed_pos_fdbk.o)
    0x0800464c   0x0000004c   Code   RO         6030    i.STO_PLL_CalcAvrgElSpeedDpp  libmc-keil_M0.lib(sto_pll_speed_pos_fdbk.o)
    0x08004698   0x000001d4   Code   RO         6031    i.STO_PLL_CalcAvrgMecSpeed01Hz  libmc-keil_M0.lib(sto_pll_speed_pos_fdbk.o)
    0x0800486c   0x000001c0   Code   RO         6032    i.STO_PLL_CalcElAngle  libmc-keil_M0.lib(sto_pll_speed_pos_fdbk.o)
    0x08004a2c   0x0000006e   Code   RO         6033    i.STO_PLL_Clear     libmc-keil_M0.lib(sto_pll_speed_pos_fdbk.o)
    0x08004a9a   0x00000010   Code   RO         6036    i.STO_PLL_GetEstimatedBemf  libmc-keil_M0.lib(sto_pll_speed_pos_fdbk.o)
    0x08004aaa   0x00000006   Code   RO         6037    i.STO_PLL_GetEstimatedBemfLevel  libmc-keil_M0.lib(sto_pll_speed_pos_fdbk.o)
    0x08004ab0   0x00000018   Code   RO         6038    i.STO_PLL_GetEstimatedCurrent  libmc-keil_M0.lib(sto_pll_speed_pos_fdbk.o)
    0x08004ac8   0x00000006   Code   RO         6039    i.STO_PLL_GetObservedBemfLevel  libmc-keil_M0.lib(sto_pll_speed_pos_fdbk.o)
    0x08004ace   0x0000000a   Code   RO         6040    i.STO_PLL_GetObserverGains  libmc-keil_M0.lib(sto_pll_speed_pos_fdbk.o)
    0x08004ad8   0x000000d0   Code   RO         6041    i.STO_PLL_Init      libmc-keil_M0.lib(sto_pll_speed_pos_fdbk.o)
    0x08004ba8   0x00000006   Code   RO         6047    i.STO_PLL_SetObserverGains  libmc-keil_M0.lib(sto_pll_speed_pos_fdbk.o)
    0x08004bae   0x00000016   Code   RO         6051    i.STO_SetPLLGains   libmc-keil_M0.lib(sto_pll_speed_pos_fdbk.o)
    0x08004bc4   0x00000028   Code   RO          899    i.SysTick_Handler   stm32f0xx_mc_it.o
    0x08004bec   0x00000080   Code   RO          246    i.SystemClock_Config  main.o
    0x08004c6c   0x0000005c   Code   RO         4242    i.SystemInit        system_stm32f0xx.o
    0x08004cc8   0x0000003c   Code   RO         4276    i.TB_Scheduler      timebase.o
    0x08004d04   0x00000048   Code   RO          900    i.TIM1_BRK_UP_TRG_COM_IRQHandler  stm32f0xx_mc_it.o
    0x08004d4c   0x0000002c   Code   RO         1172    i.TIM2_IRQHandler   stm32f0xx_it.o
    0x08004d78   0x0000002c   Code   RO          901    i.TIM3_IRQHandler   stm32f0xx_mc_it.o
    0x08004da4   0x00000088   Code   RO         1900    i.TIM_Base_SetConfig  stm32f0xx_hal_tim.o
    0x08004e2c   0x0000007c   Code   RO         1908    i.TIM_OC1_SetConfig  stm32f0xx_hal_tim.o
    0x08004ea8   0x00000078   Code   RO         1909    i.TIM_OC2_SetConfig  stm32f0xx_hal_tim.o
    0x08004f20   0x0000011c   Code   RO          793    i.TSK_HighFrequencyTask  mc_tasks.o
    0x0800503c   0x00000084   Code   RO          794    i.TSK_SafetyTask    mc_tasks.o
    0x080050c0   0x000000cc   Code   RO         2687    i.UART_AdvFeatureConfig  stm32f0xx_hal_uart.o
    0x0800518c   0x00000068   Code   RO         2688    i.UART_CheckIdleState  stm32f0xx_hal_uart.o
    0x080051f4   0x0000015c   Code   RO         2701    i.UART_SetConfig    stm32f0xx_hal_uart.o
    0x08005350   0x00000078   Code   RO         2703    i.UART_WaitOnFlagUntilTimeout  stm32f0xx_hal_uart.o
    0x080053c8   0x0000000a   Code   RO         5954    i.UFCP_AbortReceive  usart_frame_communication_protocol.o
    0x080053d2   0x00000008   Code   RO         5955    i.UFCP_Init         usart_frame_communication_protocol.o
    0x080053da   0x00000012   Code   RO         5956    i.UFCP_OVR_IRQ_Handler  usart_frame_communication_protocol.o
    0x080053ec   0x0000009c   Code   RO         5957    i.UFCP_RX_IRQ_Handler  usart_frame_communication_protocol.o
    0x08005488   0x00000024   Code   RO         5958    i.UFCP_Receive      usart_frame_communication_protocol.o
    0x080054ac   0x00000072   Code   RO         5959    i.UFCP_Send         usart_frame_communication_protocol.o
    0x0800551e   0x00000062   Code   RO         5961    i.UFCP_TX_IRQ_Handler  usart_frame_communication_protocol.o
    0x08005580   0x00000074   Code   RO         1074    i.UI_ExecCmd        user_interface.o
    0x080055f4   0x00000024   Code   RO         1075    i.UI_ExecSpeedRamp  user_interface.o
    0x08005618   0x00000004   Code   RO         1078    i.UI_GetMPInfo      user_interface.o
    0x0800561c   0x0000044c   Code   RO         1079    i.UI_GetReg         user_interface.o
    0x08005a68   0x00000042   Code   RO         1080    i.UI_GetRevupData   user_interface.o
    0x08005aaa   0x00000014   Code   RO         1083    i.UI_Init           user_interface.o
    0x08005abe   0x00000002   PAD
    0x08005ac0   0x0000002c   Code   RO          977    i.UI_Scheduler      ui_task.o
    0x08005aec   0x0000000c   Code   RO          980    i.UI_SerialCommunicationTimeOutStart  ui_task.o
    0x08005af8   0x0000000c   Code   RO          981    i.UI_SerialCommunicationTimeOutStop  ui_task.o
    0x08005b04   0x00000016   Code   RO         1085    i.UI_SetCurrentReferences  user_interface.o
    0x08005b1a   0x0000022a   Code   RO         1086    i.UI_SetReg         user_interface.o
    0x08005d44   0x00000032   Code   RO         1087    i.UI_SetRevupData   user_interface.o
    0x08005d76   0x00000002   PAD
    0x08005d78   0x00000068   Code   RO          983    i.UI_TaskInit       ui_task.o
    0x08005de0   0x00000064   Code   RO          902    i.USART1_IRQHandler  stm32f0xx_mc_it.o
    0x08005e44   0x0000000a   Code   RO         4323    i.VBS_GetAvBusVoltage_V  bus_voltage_sensor.o
    0x08005e4e   0x00000004   Code   RO         4324    i.VBS_GetAvBusVoltage_d  bus_voltage_sensor.o
    0x08005e52   0x00000028   Code   RO         5652    i.VSS_Init          virtual_speed_sensor.o
    0x08005e7a   0x00000084   Code   RO         5657    i.VSS_SetMecAcceleration  virtual_speed_sensor.o
    0x08005efe   0x00000016   Code   RO         5658    i.VSS_SetMecAngle   virtual_speed_sensor.o
    0x08005f14   0x0000000c   Code   RO         5617    i.VVBS_Init         virtual_bus_voltage_sensor.o
    0x08005f20   0x00000002   Code   RO          247    i._Error_Handler    main.o
    0x08005f22   0x0000000e   Code   RO         6509    i.__scatterload_copy  mc_p.l(handlers.o)
    0x08005f30   0x00000002   Code   RO         6510    i.__scatterload_null  mc_p.l(handlers.o)
    0x08005f32   0x0000000e   Code   RO         6511    i.__scatterload_zeroinit  mc_p.l(handlers.o)
    0x08005f40   0x000000c4   Code   RO           14    i.as5028a_enc_update  as5048a.o
    0x08006004   0x000000d4   Code   RO           15    i.as5048_CalcAvrgMecSpeed01Hz  as5048a.o
    0x080060d8   0x0000000c   Code   RO           16    i.as5048_get_enc_deg  as5048a.o
    0x080060e4   0x00000018   Code   RO           17    i.as5048a_enc_calangle  as5048a.o
    0x080060fc   0x0000000c   Code   RO           18    i.as5048a_enc_calibrate  as5048a.o
    0x08006108   0x00000020   Code   RO           19    i.as5048a_enc_init  as5048a.o
    0x08006128   0x0000033c   Code   RO          248    i.main              main.o
    0x08006464   0x000000a0   Code   RO          797    i.mc_lock_pins      mc_tasks.o
    0x08006504   0x00000020   Data   RO          322    .constdata          motorcontrol.o
    0x08006524   0x0000002c   Data   RO          954    .constdata          mc_parameters.o
    0x08006550   0x00000010   Data   RO         4243    .constdata          system_stm32f0xx.o
    0x08006560   0x00000008   Data   RO         4244    .constdata          system_stm32f0xx.o
    0x08006568   0x00000200   Data   RO         4541    .constdata          mc_math.o
    0x08006768   0x00000013   Data   RO         5754    .constdata          r3_f0xx_pwm_curr_fdbk.o
    0x0800677b   0x00000001   PAD
    0x0800677c   0x00000006   Data   RO         5962    .constdata          usart_frame_communication_protocol.o
    0x08006782   0x00000002   PAD
    0x08006784   0x00000020   Data   RO         6507    Region$$Table       anon$$obj.o


    Execution Region RW_IRAM1 (Base: 0x20000000, Size: 0x00000ec0, Max: 0x00001000, ABSOLUTE, COMPRESSED[0x000001d0])

    Base Addr    Size         Type   Attr      Idx    E Section Name        Object

    0x20000000   0x00000008   Data   RW          251    .data               main.o
    0x20000008   0x0000000c   Data   RW          323    .data               motorcontrol.o
    0x20000014   0x00000008   Data   RW          676    .data               motor_control_protocol.o
    0x2000001c   0x00000114   Data   RW          739    .data               mc_config.o
    0x20000130   0x0000002c   Data   RW          741    .data               mc_config.o
    0x2000015c   0x0000002c   Data   RW          742    .data               mc_config.o
    0x20000188   0x0000002c   Data   RW          743    .data               mc_config.o
    0x200001b4   0x00000034   Data   RW          744    .data               mc_config.o
    0x200001e8   0x000000e0   Data   RW          746    .data               mc_config.o
    0x200002c8   0x00000030   Data   RW          747    .data               mc_config.o
    0x200002f8   0x0000011c   Data   RW          748    .data               mc_config.o
    0x20000414   0x00000078   Data   RW          750    .data               mc_config.o
    0x2000048c   0x0000001c   Data   RW          751    .data               mc_config.o
    0x200004a8   0x00000028   Data   RW          752    .data               mc_config.o
    0x200004d0   0x0000000c   Data   RW          753    .data               mc_config.o
    0x200004dc   0x00000014   Data   RW          754    .data               mc_config.o
    0x200004f0   0x000000b2   Data   RW          755    .data               mc_config.o
    0x200005a2   0x00000002   PAD
    0x200005a4   0x0000013c   Data   RW          756    .data               mc_config.o
    0x200006e0   0x0000005e   Data   RW          799    .data               mc_tasks.o
    0x2000073e   0x00000001   Data   RW          903    .data               stm32f0xx_mc_it.o
    0x2000073f   0x00000001   PAD
    0x20000740   0x00000010   Data   RW          986    .data               ui_task.o
    0x20000750   0x00000004   Data   RW         3179    .data               stm32f0xx_hal.o
    0x20000754   0x00000004   Data   RW         4245    .data               system_stm32f0xx.o
    0x20000758   0x00000004   Data   RW         4280    .data               timebase.o
    0x2000075c   0x0000001c   Zero   RW           22    .bss                as5048a.o
    0x20000778   0x000001a0   Zero   RW          249    .bss                main.o
    0x20000918   0x00000044   Zero   RW          250    .bss                main.o
    0x2000095c   0x00000018   Zero   RW          738    .bss                mc_config.o
    0x20000974   0x00000094   Zero   RW          798    .bss                mc_tasks.o
    0x20000a08   0x000000b4   Zero   RW          984    .bss                ui_task.o
    0x20000abc   0x00000004   PAD
    0x20000ac0   0x00000400   Zero   RW            1    STACK               startup_stm32f031x6.o


==============================================================================

Image component sizes


      Code (inc. data)   RO Data    RW Data    ZI Data      Debug   Object Name

       488         52          0          0         28     294280   as5048a.o
        14          0          0          0          0       1480   bus_voltage_sensor.o
        76          0          0          0          0       1112   circle_limitation.o
         0          0          0          0          0       3892   digital_output.o
       152          0          0          0          0       3679   enc_align_ctrl.o
       212          4          0          0          0      27974   encoder_speed_pos_fdbk.o
        90          0          0          0          0       2397   frame_communication_protocol.o
       958         66          0          8        484       8850   main.o
        16          4          0          0          0        450   mc_api.o
         0          0          0       1730         24       1702   mc_config.o
       448          0          0          0          0      13396   mc_interface.o
       412         34        512          0          0       5681   mc_math.o
         0          0         44          0          0        209   mc_parameters.o
      1820        280          0         94        148      11960   mc_tasks.o
      1660        600          0          8          0       4868   motor_control_protocol.o
        94          0          0          0          0       2294   motor_power_measurement.o
        64         16         32         12          0      27063   motorcontrol.o
       144          4          0          0          0       2460   ntc_temperature_sensor.o
       200         10          0          0          0       6563   pid_regulator.o
       104          0          0          0          0       1107   pqd_motor_power_measurement.o
       460          0          0          0          0       4238   pwm_curr_fdbk.o
      3816        328         19          0          0      95857   r3_f0xx_pwm_curr_fdbk.o
        16          0          0          0          0       1032   ramp_ext_mngr.o
       136          0          0          0          0       2890   speed_pos_fdbk.o
       382          0          0          0          0       8591   speed_torq_ctrl.o
        28          8        176          0       1024        600   startup_stm32f031x6.o
       362         20          0          0          0       4284   state_machine.o
       122         18          0          4          0       3379   stm32f0xx_hal.o
       740         30          0          0          0       2479   stm32f0xx_hal_adc.o
       182         32          0          0          0       9911   stm32f0xx_hal_cortex.o
       112         12          0          0          0       1127   stm32f0xx_hal_dma.o
       344         22          0          0          0       1940   stm32f0xx_hal_gpio.o
       548         98          0          0          0       4203   stm32f0xx_hal_msp.o
      1544        120          0          0          0       5339   stm32f0xx_hal_rcc.o
       252         14          0          0          0       1240   stm32f0xx_hal_rcc_ex.o
      1150          0          0          0          0       4710   stm32f0xx_hal_spi.o
      1708         62          0          0          0      11470   stm32f0xx_hal_tim.o
       174          0          0          0          0       2862   stm32f0xx_hal_tim_ex.o
       882         24          0          0          0       4440   stm32f0xx_hal_uart.o
        44          8          0          0          0        430   stm32f0xx_it.o
       300         42          0          1          0      20201   stm32f0xx_mc_it.o
        92         14         24          4          0       1051   system_stm32f0xx.o
        60          8          0          4          0       1406   timebase.o
       172         42          0         16        180       2858   ui_task.o
       440         14          6          0          0      25874   usart_frame_communication_protocol.o
      1968         84          0          0          0       8701   user_interface.o
        12          0          0          0          0        928   virtual_bus_voltage_sensor.o
       194          0          0          0          0       2426   virtual_speed_sensor.o

    ----------------------------------------------------------------------
     23212       2070        848       1884       1892     655884   Object Totals
         0          0         32          0          0          0   (incl. Generated)
        20          0          3          3          4          0   (incl. Padding)

    ----------------------------------------------------------------------

      Code (inc. data)   RO Data    RW Data    ZI Data      Debug   Library Member Name

        70          0          0          0          0       9422   revup_ctrl.o
      1426         10          0          0          0      23987   sto_pll_speed_pos_fdbk.o
        86          0          0          0          0          0   __dczerorl2.o
         0          0          0          0          0          0   entry.o
         0          0          0          0          0          0   entry10a.o
         0          0          0          0          0          0   entry11a.o
         8          4          0          0          0          0   entry2.o
         4          0          0          0          0          0   entry5.o
         0          0          0          0          0          0   entry7b.o
         0          0          0          0          0          0   entry8b.o
         8          4          0          0          0          0   entry9a.o
        30          0          0          0          0          0   handlers.o
        40          0          0          0          0         72   idiv.o
        36          8          0          0          0         68   init.o
         0          0          0          0          0          0   iusefp.o
        36          0          0          0          0        100   memseta.o
        44          0          0          0          0         72   uidiv.o
       178          0          0          0          0        108   fadd.o
       124          0          0          0          0         72   fdiv.o
       130          0          0          0          0        144   fepilogue.o
        50          0          0          0          0         60   ffixi.o
        40          0          0          0          0         60   ffixui.o
        14          0          0          0          0         68   ffltui.o
       122          0          0          0          0         72   fmul.o
        24          0          0          0          0         60   fscalb.o

    ----------------------------------------------------------------------
      2472         26          0          0          0      34365   Library Totals
         2          0          0          0          0          0   (incl. Padding)

    ----------------------------------------------------------------------

      Code (inc. data)   RO Data    RW Data    ZI Data      Debug   Library Name

      1496         10          0          0          0      33409   libmc-keil_M0.lib
       292         16          0          0          0        312   mc_p.l
       682          0          0          0          0        644   mf_p.l

    ----------------------------------------------------------------------
      2472         26          0          0          0      34365   Library Totals

    ----------------------------------------------------------------------

==============================================================================


      Code (inc. data)   RO Data    RW Data    ZI Data      Debug   

     25684       2096        848       1884       1892     679429   Grand Totals
     25684       2096        848        464       1892     679429   ELF Image Totals (compressed)
     25684       2096        848        464          0          0   ROM Totals

==============================================================================

    Total RO  Size (Code + RO Data)                26532 (  25.91kB)
    Total RW  Size (RW Data + ZI Data)              3776 (   3.69kB)
    Total ROM Size (Code + RO Data + RW Data)      26996 (  26.36kB)

==============================================================================

