<!doctype html public "-//w3c//dtd html 4.0 transitional//en">
<html><head>
<title>Static Call Graph - [t_spi_180802\t_spi_180802.axf]</title></head>
<body><HR>
<H1>Static Call Graph for image t_spi_180802\t_spi_180802.axf</H1><HR>
<BR><P>#&#060CALLGRAPH&#062# ARM Linker, 5050106: Last Updated: Tue Aug 14 18:56:32 2018
<BR><P>
<H3>Maximum Stack Usage =        236 bytes + Unknown(Cycles, Untraceable Function Pointers)</H3><H3>
Call chain for Maximum Stack Depth:</H3>
main &rArr; SystemClock_Config &rArr; HAL_RCC_ClockConfig &rArr; HAL_InitTick &rArr; __aeabi_uidivmod
<P>
<H3>
Mutually Recursive functions
</H3> <LI><a href="#[f]">NMI_Handler</a>&nbsp;&nbsp;&nbsp;&rArr;&nbsp;&nbsp;&nbsp;<a href="#[f]">NMI_Handler</a><BR>
 <LI><a href="#[10]">HardFault_Handler</a>&nbsp;&nbsp;&nbsp;&rArr;&nbsp;&nbsp;&nbsp;<a href="#[10]">HardFault_Handler</a><BR>
 <LI><a href="#[11]">SVC_Handler</a>&nbsp;&nbsp;&nbsp;&rArr;&nbsp;&nbsp;&nbsp;<a href="#[11]">SVC_Handler</a><BR>
 <LI><a href="#[12]">PendSV_Handler</a>&nbsp;&nbsp;&nbsp;&rArr;&nbsp;&nbsp;&nbsp;<a href="#[12]">PendSV_Handler</a><BR>
 <LI><a href="#[1f]">ADC1_IRQHandler</a>&nbsp;&nbsp;&nbsp;&rArr;&nbsp;&nbsp;&nbsp;<a href="#[1f]">ADC1_IRQHandler</a><BR>
 <LI><a href="#[56]">_Error_Handler</a>&nbsp;&nbsp;&nbsp;&rArr;&nbsp;&nbsp;&nbsp;<a href="#[56]">_Error_Handler</a><BR>
</UL>
<P>
<H3>
Function Pointers
</H3><UL>
 <LI><a href="#[1f]">ADC1_IRQHandler</a> from startup_stm32f031x6.o(.text) referenced from startup_stm32f031x6.o(RESET)
 <LI><a href="#[1c]">DMA1_Channel1_IRQHandler</a> from stm32f0xx_mc_it.o(i.DMA1_Channel1_IRQHandler) referenced from startup_stm32f031x6.o(RESET)
 <LI><a href="#[1d]">DMA1_Channel2_3_IRQHandler</a> from startup_stm32f031x6.o(.text) referenced from startup_stm32f031x6.o(RESET)
 <LI><a href="#[1e]">DMA1_Channel4_5_IRQHandler</a> from stm32f0xx_mc_it.o(i.DMA1_Channel4_5_IRQHandler) referenced from startup_stm32f031x6.o(RESET)
 <LI><a href="#[19]">EXTI0_1_IRQHandler</a> from startup_stm32f031x6.o(.text) referenced from startup_stm32f031x6.o(RESET)
 <LI><a href="#[1a]">EXTI2_3_IRQHandler</a> from startup_stm32f031x6.o(.text) referenced from startup_stm32f031x6.o(RESET)
 <LI><a href="#[1b]">EXTI4_15_IRQHandler</a> from startup_stm32f031x6.o(.text) referenced from startup_stm32f031x6.o(RESET)
 <LI><a href="#[17]">FLASH_IRQHandler</a> from startup_stm32f031x6.o(.text) referenced from startup_stm32f031x6.o(RESET)
 <LI><a href="#[10]">HardFault_Handler</a> from startup_stm32f031x6.o(.text) referenced from startup_stm32f031x6.o(RESET)
 <LI><a href="#[27]">I2C1_IRQHandler</a> from startup_stm32f031x6.o(.text) referenced from startup_stm32f031x6.o(RESET)
 <LI><a href="#[2d]">MCP_OnTimeOut</a> from motor_control_protocol.o(i.MCP_OnTimeOut) referenced from motor_control_protocol.o(i.MCP_Init)
 <LI><a href="#[2e]">MCP_ReceivedFrame</a> from motor_control_protocol.o(i.MCP_ReceivedFrame) referenced from motor_control_protocol.o(i.MCP_Init)
 <LI><a href="#[2f]">MCP_SentFrame</a> from motor_control_protocol.o(i.MCP_SentFrame) referenced from motor_control_protocol.o(i.MCP_Init)
 <LI><a href="#[f]">NMI_Handler</a> from startup_stm32f031x6.o(.text) referenced from startup_stm32f031x6.o(RESET)
 <LI><a href="#[15]">PVD_IRQHandler</a> from startup_stm32f031x6.o(.text) referenced from startup_stm32f031x6.o(RESET)
 <LI><a href="#[12]">PendSV_Handler</a> from startup_stm32f031x6.o(.text) referenced from startup_stm32f031x6.o(RESET)
 <LI><a href="#[5]">R3F0XX_ADC_SetSamplingTime</a> from r3_f0xx_pwm_curr_fdbk.o(i.R3F0XX_ADC_SetSamplingTime) referenced 2 times from mc_config.o(.data)
 <LI><a href="#[3]">R3F0XX_CurrentReadingCalibration</a> from r3_f0xx_pwm_curr_fdbk.o(i.R3F0XX_CurrentReadingCalibration) referenced 2 times from mc_config.o(.data)
 <LI><a href="#[c]">R3F0XX_ExecRegularConv</a> from r3_f0xx_pwm_curr_fdbk.o(i.R3F0XX_ExecRegularConv) referenced 2 times from mc_config.o(.data)
 <LI><a href="#[0]">R3F0XX_GetPhaseCurrents</a> from r3_f0xx_pwm_curr_fdbk.o(i.R3F0XX_GetPhaseCurrents) referenced 2 times from mc_config.o(.data)
 <LI><a href="#[0]">R3F0XX_GetPhaseCurrents</a> from r3_f0xx_pwm_curr_fdbk.o(i.R3F0XX_GetPhaseCurrents) referenced from r3_f0xx_pwm_curr_fdbk.o(i.R3F0XX_CurrentReadingCalibration)
 <LI><a href="#[30]">R3F0XX_HFCurrentsCalibration</a> from r3_f0xx_pwm_curr_fdbk.o(i.R3F0XX_HFCurrentsCalibration) referenced from r3_f0xx_pwm_curr_fdbk.o(i.R3F0XX_CurrentReadingCalibration)
 <LI><a href="#[d]">R3F0XX_IsOverCurrentOccurred</a> from r3_f0xx_pwm_curr_fdbk.o(i.R3F0XX_IsOverCurrentOccurred) referenced 2 times from mc_config.o(.data)
 <LI><a href="#[31]">R3F0XX_SetADCSampPointCalibration</a> from r3_f0xx_pwm_curr_fdbk.o(i.R3F0XX_SetADCSampPointCalibration) referenced from r3_f0xx_pwm_curr_fdbk.o(i.R3F0XX_CurrentReadingCalibration)
 <LI><a href="#[6]">R3F0XX_SetADCSampPointSect1</a> from r3_f0xx_pwm_curr_fdbk.o(i.R3F0XX_SetADCSampPointSect1) referenced 2 times from mc_config.o(.data)
 <LI><a href="#[6]">R3F0XX_SetADCSampPointSect1</a> from r3_f0xx_pwm_curr_fdbk.o(i.R3F0XX_SetADCSampPointSect1) referenced from r3_f0xx_pwm_curr_fdbk.o(i.R3F0XX_CurrentReadingCalibration)
 <LI><a href="#[7]">R3F0XX_SetADCSampPointSect2</a> from r3_f0xx_pwm_curr_fdbk.o(i.R3F0XX_SetADCSampPointSect2) referenced 2 times from mc_config.o(.data)
 <LI><a href="#[7]">R3F0XX_SetADCSampPointSect2</a> from r3_f0xx_pwm_curr_fdbk.o(i.R3F0XX_SetADCSampPointSect2) referenced from r3_f0xx_pwm_curr_fdbk.o(i.R3F0XX_CurrentReadingCalibration)
 <LI><a href="#[8]">R3F0XX_SetADCSampPointSect3</a> from r3_f0xx_pwm_curr_fdbk.o(i.R3F0XX_SetADCSampPointSect3) referenced 2 times from mc_config.o(.data)
 <LI><a href="#[8]">R3F0XX_SetADCSampPointSect3</a> from r3_f0xx_pwm_curr_fdbk.o(i.R3F0XX_SetADCSampPointSect3) referenced from r3_f0xx_pwm_curr_fdbk.o(i.R3F0XX_CurrentReadingCalibration)
 <LI><a href="#[9]">R3F0XX_SetADCSampPointSect4</a> from r3_f0xx_pwm_curr_fdbk.o(i.R3F0XX_SetADCSampPointSect4) referenced 2 times from mc_config.o(.data)
 <LI><a href="#[9]">R3F0XX_SetADCSampPointSect4</a> from r3_f0xx_pwm_curr_fdbk.o(i.R3F0XX_SetADCSampPointSect4) referenced from r3_f0xx_pwm_curr_fdbk.o(i.R3F0XX_CurrentReadingCalibration)
 <LI><a href="#[a]">R3F0XX_SetADCSampPointSect5</a> from r3_f0xx_pwm_curr_fdbk.o(i.R3F0XX_SetADCSampPointSect5) referenced 2 times from mc_config.o(.data)
 <LI><a href="#[a]">R3F0XX_SetADCSampPointSect5</a> from r3_f0xx_pwm_curr_fdbk.o(i.R3F0XX_SetADCSampPointSect5) referenced from r3_f0xx_pwm_curr_fdbk.o(i.R3F0XX_CurrentReadingCalibration)
 <LI><a href="#[b]">R3F0XX_SetADCSampPointSect6</a> from r3_f0xx_pwm_curr_fdbk.o(i.R3F0XX_SetADCSampPointSect6) referenced 2 times from mc_config.o(.data)
 <LI><a href="#[b]">R3F0XX_SetADCSampPointSect6</a> from r3_f0xx_pwm_curr_fdbk.o(i.R3F0XX_SetADCSampPointSect6) referenced from r3_f0xx_pwm_curr_fdbk.o(i.R3F0XX_CurrentReadingCalibration)
 <LI><a href="#[1]">R3F0XX_SwitchOffPWM</a> from r3_f0xx_pwm_curr_fdbk.o(i.R3F0XX_SwitchOffPWM) referenced 2 times from mc_config.o(.data)
 <LI><a href="#[2]">R3F0XX_SwitchOnPWM</a> from r3_f0xx_pwm_curr_fdbk.o(i.R3F0XX_SwitchOnPWM) referenced 2 times from mc_config.o(.data)
 <LI><a href="#[4]">R3F0XX_TurnOnLowSides</a> from r3_f0xx_pwm_curr_fdbk.o(i.R3F0XX_TurnOnLowSides) referenced 2 times from mc_config.o(.data)
 <LI><a href="#[18]">RCC_IRQHandler</a> from startup_stm32f031x6.o(.text) referenced from startup_stm32f031x6.o(RESET)
 <LI><a href="#[16]">RTC_IRQHandler</a> from startup_stm32f031x6.o(.text) referenced from startup_stm32f031x6.o(RESET)
 <LI><a href="#[e]">Reset_Handler</a> from startup_stm32f031x6.o(.text) referenced from startup_stm32f031x6.o(RESET)
 <LI><a href="#[28]">SPI1_IRQHandler</a> from startup_stm32f031x6.o(.text) referenced from startup_stm32f031x6.o(RESET)
 <LI><a href="#[11]">SVC_Handler</a> from startup_stm32f031x6.o(.text) referenced from startup_stm32f031x6.o(RESET)
 <LI><a href="#[13]">SysTick_Handler</a> from stm32f0xx_mc_it.o(i.SysTick_Handler) referenced from startup_stm32f031x6.o(RESET)
 <LI><a href="#[2b]">SystemInit</a> from system_stm32f0xx.o(i.SystemInit) referenced from startup_stm32f031x6.o(.text)
 <LI><a href="#[24]">TIM14_IRQHandler</a> from startup_stm32f031x6.o(.text) referenced from startup_stm32f031x6.o(RESET)
 <LI><a href="#[25]">TIM16_IRQHandler</a> from startup_stm32f031x6.o(.text) referenced from startup_stm32f031x6.o(RESET)
 <LI><a href="#[26]">TIM17_IRQHandler</a> from startup_stm32f031x6.o(.text) referenced from startup_stm32f031x6.o(RESET)
 <LI><a href="#[20]">TIM1_BRK_UP_TRG_COM_IRQHandler</a> from stm32f0xx_mc_it.o(i.TIM1_BRK_UP_TRG_COM_IRQHandler) referenced from startup_stm32f031x6.o(RESET)
 <LI><a href="#[21]">TIM1_CC_IRQHandler</a> from startup_stm32f031x6.o(.text) referenced from startup_stm32f031x6.o(RESET)
 <LI><a href="#[22]">TIM2_IRQHandler</a> from stm32f0xx_it.o(i.TIM2_IRQHandler) referenced from startup_stm32f031x6.o(RESET)
 <LI><a href="#[23]">TIM3_IRQHandler</a> from stm32f0xx_mc_it.o(i.TIM3_IRQHandler) referenced from startup_stm32f031x6.o(RESET)
 <LI><a href="#[32]">UFCP_AbortReceive</a> from usart_frame_communication_protocol.o(i.UFCP_AbortReceive) referenced from ui_task.o(i.UI_TaskInit)
 <LI><a href="#[33]">UFCP_Receive</a> from usart_frame_communication_protocol.o(i.UFCP_Receive) referenced from ui_task.o(i.UI_TaskInit)
 <LI><a href="#[34]">UFCP_Send</a> from usart_frame_communication_protocol.o(i.UFCP_Send) referenced from ui_task.o(i.UI_TaskInit)
 <LI><a href="#[29]">USART1_IRQHandler</a> from stm32f0xx_mc_it.o(i.USART1_IRQHandler) referenced from startup_stm32f031x6.o(RESET)
 <LI><a href="#[14]">WWDG_IRQHandler</a> from startup_stm32f031x6.o(.text) referenced from startup_stm32f031x6.o(RESET)
 <LI><a href="#[2c]">__main</a> from entry.o(.ARM.Collect$$$$00000000) referenced from startup_stm32f031x6.o(.text)
 <LI><a href="#[2a]">main</a> from main.o(i.main) referenced from entry9a.o(.ARM.Collect$$$$0000000B)
</UL>
<P>
<H3>
Global Symbols
</H3>
<P><STRONG><a name="[2c]"></a>__main</STRONG> (Thumb, 0 bytes, Stack size unknown bytes, entry.o(.ARM.Collect$$$$00000000))
<BR>[Address Reference Count : 1]<UL><LI> startup_stm32f031x6.o(.text)
</UL>
<P><STRONG><a name="[11e]"></a>_main_stk</STRONG> (Thumb, 0 bytes, Stack size unknown bytes, entry2.o(.ARM.Collect$$$$00000001))

<P><STRONG><a name="[35]"></a>_main_scatterload</STRONG> (Thumb, 0 bytes, Stack size unknown bytes, entry5.o(.ARM.Collect$$$$00000004))
<BR><BR>[Calls]<UL><LI><a href="#[36]">&gt;&gt;</a>&nbsp;&nbsp;&nbsp;__scatterload
</UL>

<P><STRONG><a name="[43]"></a>__main_after_scatterload</STRONG> (Thumb, 0 bytes, Stack size unknown bytes, entry5.o(.ARM.Collect$$$$00000004))
<BR><BR>[Called By]<UL><LI><a href="#[36]">&gt;&gt;</a>&nbsp;&nbsp;&nbsp;__scatterload
</UL>

<P><STRONG><a name="[11f]"></a>_main_clock</STRONG> (Thumb, 0 bytes, Stack size unknown bytes, entry7b.o(.ARM.Collect$$$$00000008))

<P><STRONG><a name="[120]"></a>_main_cpp_init</STRONG> (Thumb, 0 bytes, Stack size unknown bytes, entry8b.o(.ARM.Collect$$$$0000000A))

<P><STRONG><a name="[121]"></a>_main_init</STRONG> (Thumb, 0 bytes, Stack size unknown bytes, entry9a.o(.ARM.Collect$$$$0000000B))

<P><STRONG><a name="[122]"></a>__rt_final_cpp</STRONG> (Thumb, 0 bytes, Stack size unknown bytes, entry10a.o(.ARM.Collect$$$$0000000D))

<P><STRONG><a name="[123]"></a>__rt_final_exit</STRONG> (Thumb, 0 bytes, Stack size unknown bytes, entry11a.o(.ARM.Collect$$$$0000000F))

<P><STRONG><a name="[e]"></a>Reset_Handler</STRONG> (Thumb, 8 bytes, Stack size 0 bytes, startup_stm32f031x6.o(.text))
<BR>[Address Reference Count : 1]<UL><LI> startup_stm32f031x6.o(RESET)
</UL>
<P><STRONG><a name="[f]"></a>NMI_Handler</STRONG> (Thumb, 2 bytes, Stack size 0 bytes, startup_stm32f031x6.o(.text))
<BR><BR>[Calls]<UL><LI><a href="#[f]">&gt;&gt;</a>&nbsp;&nbsp;&nbsp;NMI_Handler
</UL>
<BR>[Called By]<UL><LI><a href="#[f]">&gt;&gt;</a>&nbsp;&nbsp;&nbsp;NMI_Handler
</UL>
<BR>[Address Reference Count : 1]<UL><LI> startup_stm32f031x6.o(RESET)
</UL>
<P><STRONG><a name="[10]"></a>HardFault_Handler</STRONG> (Thumb, 2 bytes, Stack size 0 bytes, startup_stm32f031x6.o(.text))
<BR><BR>[Calls]<UL><LI><a href="#[10]">&gt;&gt;</a>&nbsp;&nbsp;&nbsp;HardFault_Handler
</UL>
<BR>[Called By]<UL><LI><a href="#[10]">&gt;&gt;</a>&nbsp;&nbsp;&nbsp;HardFault_Handler
</UL>
<BR>[Address Reference Count : 1]<UL><LI> startup_stm32f031x6.o(RESET)
</UL>
<P><STRONG><a name="[11]"></a>SVC_Handler</STRONG> (Thumb, 2 bytes, Stack size 0 bytes, startup_stm32f031x6.o(.text))
<BR><BR>[Calls]<UL><LI><a href="#[11]">&gt;&gt;</a>&nbsp;&nbsp;&nbsp;SVC_Handler
</UL>
<BR>[Called By]<UL><LI><a href="#[11]">&gt;&gt;</a>&nbsp;&nbsp;&nbsp;SVC_Handler
</UL>
<BR>[Address Reference Count : 1]<UL><LI> startup_stm32f031x6.o(RESET)
</UL>
<P><STRONG><a name="[12]"></a>PendSV_Handler</STRONG> (Thumb, 2 bytes, Stack size 0 bytes, startup_stm32f031x6.o(.text))
<BR><BR>[Calls]<UL><LI><a href="#[12]">&gt;&gt;</a>&nbsp;&nbsp;&nbsp;PendSV_Handler
</UL>
<BR>[Called By]<UL><LI><a href="#[12]">&gt;&gt;</a>&nbsp;&nbsp;&nbsp;PendSV_Handler
</UL>
<BR>[Address Reference Count : 1]<UL><LI> startup_stm32f031x6.o(RESET)
</UL>
<P><STRONG><a name="[1f]"></a>ADC1_IRQHandler</STRONG> (Thumb, 0 bytes, Stack size 0 bytes, startup_stm32f031x6.o(.text))
<BR><BR>[Calls]<UL><LI><a href="#[1f]">&gt;&gt;</a>&nbsp;&nbsp;&nbsp;ADC1_IRQHandler
</UL>
<BR>[Called By]<UL><LI><a href="#[1f]">&gt;&gt;</a>&nbsp;&nbsp;&nbsp;ADC1_IRQHandler
</UL>
<BR>[Address Reference Count : 1]<UL><LI> startup_stm32f031x6.o(RESET)
</UL>
<P><STRONG><a name="[1d]"></a>DMA1_Channel2_3_IRQHandler</STRONG> (Thumb, 0 bytes, Stack size 0 bytes, startup_stm32f031x6.o(.text))
<BR>[Address Reference Count : 1]<UL><LI> startup_stm32f031x6.o(RESET)
</UL>
<P><STRONG><a name="[19]"></a>EXTI0_1_IRQHandler</STRONG> (Thumb, 0 bytes, Stack size 0 bytes, startup_stm32f031x6.o(.text))
<BR>[Address Reference Count : 1]<UL><LI> startup_stm32f031x6.o(RESET)
</UL>
<P><STRONG><a name="[1a]"></a>EXTI2_3_IRQHandler</STRONG> (Thumb, 0 bytes, Stack size 0 bytes, startup_stm32f031x6.o(.text))
<BR>[Address Reference Count : 1]<UL><LI> startup_stm32f031x6.o(RESET)
</UL>
<P><STRONG><a name="[1b]"></a>EXTI4_15_IRQHandler</STRONG> (Thumb, 0 bytes, Stack size 0 bytes, startup_stm32f031x6.o(.text))
<BR>[Address Reference Count : 1]<UL><LI> startup_stm32f031x6.o(RESET)
</UL>
<P><STRONG><a name="[17]"></a>FLASH_IRQHandler</STRONG> (Thumb, 0 bytes, Stack size 0 bytes, startup_stm32f031x6.o(.text))
<BR>[Address Reference Count : 1]<UL><LI> startup_stm32f031x6.o(RESET)
</UL>
<P><STRONG><a name="[27]"></a>I2C1_IRQHandler</STRONG> (Thumb, 0 bytes, Stack size 0 bytes, startup_stm32f031x6.o(.text))
<BR>[Address Reference Count : 1]<UL><LI> startup_stm32f031x6.o(RESET)
</UL>
<P><STRONG><a name="[15]"></a>PVD_IRQHandler</STRONG> (Thumb, 0 bytes, Stack size 0 bytes, startup_stm32f031x6.o(.text))
<BR>[Address Reference Count : 1]<UL><LI> startup_stm32f031x6.o(RESET)
</UL>
<P><STRONG><a name="[18]"></a>RCC_IRQHandler</STRONG> (Thumb, 0 bytes, Stack size 0 bytes, startup_stm32f031x6.o(.text))
<BR>[Address Reference Count : 1]<UL><LI> startup_stm32f031x6.o(RESET)
</UL>
<P><STRONG><a name="[16]"></a>RTC_IRQHandler</STRONG> (Thumb, 0 bytes, Stack size 0 bytes, startup_stm32f031x6.o(.text))
<BR>[Address Reference Count : 1]<UL><LI> startup_stm32f031x6.o(RESET)
</UL>
<P><STRONG><a name="[28]"></a>SPI1_IRQHandler</STRONG> (Thumb, 0 bytes, Stack size 0 bytes, startup_stm32f031x6.o(.text))
<BR>[Address Reference Count : 1]<UL><LI> startup_stm32f031x6.o(RESET)
</UL>
<P><STRONG><a name="[24]"></a>TIM14_IRQHandler</STRONG> (Thumb, 0 bytes, Stack size 0 bytes, startup_stm32f031x6.o(.text))
<BR>[Address Reference Count : 1]<UL><LI> startup_stm32f031x6.o(RESET)
</UL>
<P><STRONG><a name="[25]"></a>TIM16_IRQHandler</STRONG> (Thumb, 0 bytes, Stack size 0 bytes, startup_stm32f031x6.o(.text))
<BR>[Address Reference Count : 1]<UL><LI> startup_stm32f031x6.o(RESET)
</UL>
<P><STRONG><a name="[26]"></a>TIM17_IRQHandler</STRONG> (Thumb, 0 bytes, Stack size 0 bytes, startup_stm32f031x6.o(.text))
<BR>[Address Reference Count : 1]<UL><LI> startup_stm32f031x6.o(RESET)
</UL>
<P><STRONG><a name="[21]"></a>TIM1_CC_IRQHandler</STRONG> (Thumb, 0 bytes, Stack size 0 bytes, startup_stm32f031x6.o(.text))
<BR>[Address Reference Count : 1]<UL><LI> startup_stm32f031x6.o(RESET)
</UL>
<P><STRONG><a name="[14]"></a>WWDG_IRQHandler</STRONG> (Thumb, 0 bytes, Stack size 0 bytes, startup_stm32f031x6.o(.text))
<BR>[Address Reference Count : 1]<UL><LI> startup_stm32f031x6.o(RESET)
</UL>
<P><STRONG><a name="[124]"></a>__aeabi_uidiv</STRONG> (Thumb, 0 bytes, Stack size 12 bytes, uidiv.o(.text), UNUSED)

<P><STRONG><a name="[38]"></a>__aeabi_uidivmod</STRONG> (Thumb, 44 bytes, Stack size 12 bytes, uidiv.o(.text))
<BR><BR>[Stack]<UL><LI>Max Depth = 12<LI>Call Chain = __aeabi_uidivmod
</UL>
<BR>[Called By]<UL><LI><a href="#[bd]">&gt;&gt;</a>&nbsp;&nbsp;&nbsp;MX_MotorControl_Init
<LI><a href="#[60]">&gt;&gt;</a>&nbsp;&nbsp;&nbsp;HAL_RCC_ClockConfig
<LI><a href="#[51]">&gt;&gt;</a>&nbsp;&nbsp;&nbsp;HAL_ADC_ConfigChannel
<LI><a href="#[d4]">&gt;&gt;</a>&nbsp;&nbsp;&nbsp;SystemClock_Config
<LI><a href="#[55]">&gt;&gt;</a>&nbsp;&nbsp;&nbsp;HAL_DMA_Init
<LI><a href="#[c0]">&gt;&gt;</a>&nbsp;&nbsp;&nbsp;NTC_CalcAvTemp
<LI><a href="#[4c]">&gt;&gt;</a>&nbsp;&nbsp;&nbsp;ENC_Init
<LI><a href="#[47]">&gt;&gt;</a>&nbsp;&nbsp;&nbsp;EAC_StartAlignment
<LI><a href="#[5a]">&gt;&gt;</a>&nbsp;&nbsp;&nbsp;HAL_InitTick
<LI><a href="#[61]">&gt;&gt;</a>&nbsp;&nbsp;&nbsp;HAL_RCC_GetSysClockFreq
<LI><a href="#[7d]">&gt;&gt;</a>&nbsp;&nbsp;&nbsp;UART_SetConfig
<LI><a href="#[48]">&gt;&gt;</a>&nbsp;&nbsp;&nbsp;VSS_SetMecAcceleration
<LI><a href="#[4b]">&gt;&gt;</a>&nbsp;&nbsp;&nbsp;STC_ExecRamp
<LI><a href="#[46]">&gt;&gt;</a>&nbsp;&nbsp;&nbsp;ENC_SetMecAngle
<LI><a href="#[37]">&gt;&gt;</a>&nbsp;&nbsp;&nbsp;__aeabi_idivmod
</UL>

<P><STRONG><a name="[125]"></a>__aeabi_idiv</STRONG> (Thumb, 0 bytes, Stack size 16 bytes, idiv.o(.text), UNUSED)

<P><STRONG><a name="[37]"></a>__aeabi_idivmod</STRONG> (Thumb, 40 bytes, Stack size 16 bytes, idiv.o(.text))
<BR><BR>[Stack]<UL><LI>Max Depth = 28<LI>Call Chain = __aeabi_idivmod &rArr; __aeabi_uidivmod
</UL>
<BR>[Calls]<UL><LI><a href="#[38]">&gt;&gt;</a>&nbsp;&nbsp;&nbsp;__aeabi_uidivmod
</UL>
<BR>[Called By]<UL><LI><a href="#[a2]">&gt;&gt;</a>&nbsp;&nbsp;&nbsp;as5048_CalcAvrgMecSpeed01Hz
<LI><a href="#[c6]">&gt;&gt;</a>&nbsp;&nbsp;&nbsp;SPD_GetS16Speed
<LI><a href="#[b5]">&gt;&gt;</a>&nbsp;&nbsp;&nbsp;STO_PLL_Init
<LI><a href="#[a1]">&gt;&gt;</a>&nbsp;&nbsp;&nbsp;STO_PLL_CalcAvrgMecSpeed01Hz
<LI><a href="#[a3]">&gt;&gt;</a>&nbsp;&nbsp;&nbsp;PQD_CalcElMotorPower
<LI><a href="#[45]">&gt;&gt;</a>&nbsp;&nbsp;&nbsp;EAC_Exec
<LI><a href="#[97]">&gt;&gt;</a>&nbsp;&nbsp;&nbsp;UI_SetReg
<LI><a href="#[9a]">&gt;&gt;</a>&nbsp;&nbsp;&nbsp;UI_ExecSpeedRamp
<LI><a href="#[2e]">&gt;&gt;</a>&nbsp;&nbsp;&nbsp;MCP_ReceivedFrame
<LI><a href="#[49]">&gt;&gt;</a>&nbsp;&nbsp;&nbsp;VSS_SetMecAngle
<LI><a href="#[48]">&gt;&gt;</a>&nbsp;&nbsp;&nbsp;VSS_SetMecAcceleration
<LI><a href="#[4b]">&gt;&gt;</a>&nbsp;&nbsp;&nbsp;STC_ExecRamp
</UL>

<P><STRONG><a name="[3a]"></a>__aeabi_memset</STRONG> (Thumb, 14 bytes, Stack size 0 bytes, memseta.o(.text))
<BR><BR>[Called By]<UL><LI><a href="#[3b]">&gt;&gt;</a>&nbsp;&nbsp;&nbsp;_memset$wrapper
<LI><a href="#[39]">&gt;&gt;</a>&nbsp;&nbsp;&nbsp;__aeabi_memclr
</UL>

<P><STRONG><a name="[126]"></a>__aeabi_memset4</STRONG> (Thumb, 0 bytes, Stack size 0 bytes, memseta.o(.text), UNUSED)

<P><STRONG><a name="[127]"></a>__aeabi_memset8</STRONG> (Thumb, 0 bytes, Stack size 0 bytes, memseta.o(.text), UNUSED)

<P><STRONG><a name="[39]"></a>__aeabi_memclr</STRONG> (Thumb, 4 bytes, Stack size 0 bytes, memseta.o(.text))
<BR><BR>[Calls]<UL><LI><a href="#[3a]">&gt;&gt;</a>&nbsp;&nbsp;&nbsp;__aeabi_memset
</UL>
<BR>[Called By]<UL><LI><a href="#[ae]">&gt;&gt;</a>&nbsp;&nbsp;&nbsp;MPM_Clear
</UL>

<P><STRONG><a name="[128]"></a>__aeabi_memclr4</STRONG> (Thumb, 0 bytes, Stack size 0 bytes, memseta.o(.text), UNUSED)

<P><STRONG><a name="[129]"></a>__aeabi_memclr8</STRONG> (Thumb, 0 bytes, Stack size 0 bytes, memseta.o(.text), UNUSED)

<P><STRONG><a name="[3b]"></a>_memset$wrapper</STRONG> (Thumb, 18 bytes, Stack size 8 bytes, memseta.o(.text), UNUSED)
<BR><BR>[Calls]<UL><LI><a href="#[3a]">&gt;&gt;</a>&nbsp;&nbsp;&nbsp;__aeabi_memset
</UL>

<P><STRONG><a name="[3c]"></a>__aeabi_fadd</STRONG> (Thumb, 162 bytes, Stack size 24 bytes, fadd.o(.text))
<BR><BR>[Stack]<UL><LI>Max Depth = 36<LI>Call Chain = __aeabi_fadd &rArr; _float_epilogue
</UL>
<BR>[Calls]<UL><LI><a href="#[3e]">&gt;&gt;</a>&nbsp;&nbsp;&nbsp;_float_round
<LI><a href="#[3d]">&gt;&gt;</a>&nbsp;&nbsp;&nbsp;_float_epilogue
</UL>
<BR>[Called By]<UL><LI><a href="#[3f]">&gt;&gt;</a>&nbsp;&nbsp;&nbsp;__aeabi_fsub
<LI><a href="#[40]">&gt;&gt;</a>&nbsp;&nbsp;&nbsp;__aeabi_frsub
<LI><a href="#[db]">&gt;&gt;</a>&nbsp;&nbsp;&nbsp;as5028a_enc_update
</UL>

<P><STRONG><a name="[3f]"></a>__aeabi_fsub</STRONG> (Thumb, 8 bytes, Stack size 0 bytes, fadd.o(.text))
<BR><BR>[Stack]<UL><LI>Max Depth = 36<LI>Call Chain = __aeabi_fsub &rArr; __aeabi_fadd &rArr; _float_epilogue
</UL>
<BR>[Calls]<UL><LI><a href="#[3c]">&gt;&gt;</a>&nbsp;&nbsp;&nbsp;__aeabi_fadd
</UL>
<BR>[Called By]<UL><LI><a href="#[db]">&gt;&gt;</a>&nbsp;&nbsp;&nbsp;as5028a_enc_update
</UL>

<P><STRONG><a name="[40]"></a>__aeabi_frsub</STRONG> (Thumb, 8 bytes, Stack size 0 bytes, fadd.o(.text))
<BR><BR>[Stack]<UL><LI>Max Depth = 36<LI>Call Chain = __aeabi_frsub &rArr; __aeabi_fadd &rArr; _float_epilogue
</UL>
<BR>[Calls]<UL><LI><a href="#[3c]">&gt;&gt;</a>&nbsp;&nbsp;&nbsp;__aeabi_fadd
</UL>
<BR>[Called By]<UL><LI><a href="#[db]">&gt;&gt;</a>&nbsp;&nbsp;&nbsp;as5028a_enc_update
</UL>

<P><STRONG><a name="[114]"></a>__aeabi_fmul</STRONG> (Thumb, 122 bytes, Stack size 16 bytes, fmul.o(.text))
<BR><BR>[Stack]<UL><LI>Max Depth = 16<LI>Call Chain = __aeabi_fmul
</UL>
<BR>[Called By]<UL><LI><a href="#[2a]">&gt;&gt;</a>&nbsp;&nbsp;&nbsp;main
<LI><a href="#[a2]">&gt;&gt;</a>&nbsp;&nbsp;&nbsp;as5048_CalcAvrgMecSpeed01Hz
<LI><a href="#[db]">&gt;&gt;</a>&nbsp;&nbsp;&nbsp;as5028a_enc_update
</UL>

<P><STRONG><a name="[41]"></a>__aeabi_fdiv</STRONG> (Thumb, 124 bytes, Stack size 16 bytes, fdiv.o(.text))
<BR><BR>[Stack]<UL><LI>Max Depth = 16<LI>Call Chain = __aeabi_fdiv
</UL>
<BR>[Calls]<UL><LI><a href="#[3e]">&gt;&gt;</a>&nbsp;&nbsp;&nbsp;_float_round
</UL>
<BR>[Called By]<UL><LI><a href="#[db]">&gt;&gt;</a>&nbsp;&nbsp;&nbsp;as5028a_enc_update
</UL>

<P><STRONG><a name="[115]"></a>__ARM_scalbnf</STRONG> (Thumb, 24 bytes, Stack size 0 bytes, fscalb.o(.text))
<BR><BR>[Called By]<UL><LI><a href="#[db]">&gt;&gt;</a>&nbsp;&nbsp;&nbsp;as5028a_enc_update
</UL>

<P><STRONG><a name="[12a]"></a>scalbnf</STRONG> (Thumb, 0 bytes, Stack size 0 bytes, fscalb.o(.text), UNUSED)

<P><STRONG><a name="[42]"></a>__aeabi_ui2f</STRONG> (Thumb, 14 bytes, Stack size 8 bytes, ffltui.o(.text))
<BR><BR>[Stack]<UL><LI>Max Depth = 20<LI>Call Chain = __aeabi_ui2f &rArr; _float_epilogue
</UL>
<BR>[Calls]<UL><LI><a href="#[3d]">&gt;&gt;</a>&nbsp;&nbsp;&nbsp;_float_epilogue
</UL>
<BR>[Called By]<UL><LI><a href="#[db]">&gt;&gt;</a>&nbsp;&nbsp;&nbsp;as5028a_enc_update
</UL>

<P><STRONG><a name="[116]"></a>__aeabi_f2iz</STRONG> (Thumb, 50 bytes, Stack size 0 bytes, ffixi.o(.text))
<BR><BR>[Called By]<UL><LI><a href="#[2a]">&gt;&gt;</a>&nbsp;&nbsp;&nbsp;main
<LI><a href="#[db]">&gt;&gt;</a>&nbsp;&nbsp;&nbsp;as5028a_enc_update
</UL>

<P><STRONG><a name="[117]"></a>__aeabi_f2uiz</STRONG> (Thumb, 40 bytes, Stack size 0 bytes, ffixui.o(.text))
<BR><BR>[Called By]<UL><LI><a href="#[a2]">&gt;&gt;</a>&nbsp;&nbsp;&nbsp;as5048_CalcAvrgMecSpeed01Hz
</UL>

<P><STRONG><a name="[12b]"></a>__I$use$fp</STRONG> (Thumb, 0 bytes, Stack size 0 bytes, iusefp.o(.text), UNUSED)

<P><STRONG><a name="[3e]"></a>_float_round</STRONG> (Thumb, 16 bytes, Stack size 0 bytes, fepilogue.o(.text))
<BR><BR>[Called By]<UL><LI><a href="#[41]">&gt;&gt;</a>&nbsp;&nbsp;&nbsp;__aeabi_fdiv
<LI><a href="#[3c]">&gt;&gt;</a>&nbsp;&nbsp;&nbsp;__aeabi_fadd
</UL>

<P><STRONG><a name="[3d]"></a>_float_epilogue</STRONG> (Thumb, 114 bytes, Stack size 12 bytes, fepilogue.o(.text))
<BR><BR>[Stack]<UL><LI>Max Depth = 12<LI>Call Chain = _float_epilogue
</UL>
<BR>[Called By]<UL><LI><a href="#[42]">&gt;&gt;</a>&nbsp;&nbsp;&nbsp;__aeabi_ui2f
<LI><a href="#[3c]">&gt;&gt;</a>&nbsp;&nbsp;&nbsp;__aeabi_fadd
</UL>

<P><STRONG><a name="[36]"></a>__scatterload</STRONG> (Thumb, 28 bytes, Stack size 0 bytes, init.o(.text))
<BR><BR>[Calls]<UL><LI><a href="#[43]">&gt;&gt;</a>&nbsp;&nbsp;&nbsp;__main_after_scatterload
</UL>
<BR>[Called By]<UL><LI><a href="#[35]">&gt;&gt;</a>&nbsp;&nbsp;&nbsp;_main_scatterload
</UL>

<P><STRONG><a name="[12c]"></a>__scatterload_rt2</STRONG> (Thumb, 0 bytes, Stack size 0 bytes, init.o(.text), UNUSED)

<P><STRONG><a name="[12d]"></a>__decompress</STRONG> (Thumb, 0 bytes, Stack size unknown bytes, __dczerorl2.o(.text), UNUSED)

<P><STRONG><a name="[12e]"></a>__decompress1</STRONG> (Thumb, 86 bytes, Stack size unknown bytes, __dczerorl2.o(.text), UNUSED)

<P><STRONG><a name="[e1]"></a>Circle_Limitation</STRONG> (Thumb, 76 bytes, Stack size 8 bytes, circle_limitation.o(i.Circle_Limitation))
<BR><BR>[Stack]<UL><LI>Max Depth = 8<LI>Call Chain = Circle_Limitation
</UL>
<BR>[Called By]<UL><LI><a href="#[44]">&gt;&gt;</a>&nbsp;&nbsp;&nbsp;TSK_HighFrequencyTask
</UL>

<P><STRONG><a name="[1c]"></a>DMA1_Channel1_IRQHandler</STRONG> (Thumb, 14 bytes, Stack size 8 bytes, stm32f0xx_mc_it.o(i.DMA1_Channel1_IRQHandler))
<BR><BR>[Stack]<UL><LI>Max Depth = 184<LI>Call Chain = DMA1_Channel1_IRQHandler &rArr; TSK_HighFrequencyTask &rArr; STO_PLL_CalcElAngle &rArr; PI_Controller
</UL>
<BR>[Calls]<UL><LI><a href="#[44]">&gt;&gt;</a>&nbsp;&nbsp;&nbsp;TSK_HighFrequencyTask
</UL>
<BR>[Address Reference Count : 1]<UL><LI> startup_stm32f031x6.o(RESET)
</UL>
<P><STRONG><a name="[1e]"></a>DMA1_Channel4_5_IRQHandler</STRONG> (Thumb, 18 bytes, Stack size 0 bytes, stm32f0xx_mc_it.o(i.DMA1_Channel4_5_IRQHandler))
<BR>[Address Reference Count : 1]<UL><LI> startup_stm32f031x6.o(RESET)
</UL>
<P><STRONG><a name="[45]"></a>EAC_Exec</STRONG> (Thumb, 52 bytes, Stack size 16 bytes, enc_align_ctrl.o(i.EAC_Exec))
<BR><BR>[Stack]<UL><LI>Max Depth = 44<LI>Call Chain = EAC_Exec &rArr; __aeabi_idivmod &rArr; __aeabi_uidivmod
</UL>
<BR>[Calls]<UL><LI><a href="#[46]">&gt;&gt;</a>&nbsp;&nbsp;&nbsp;ENC_SetMecAngle
<LI><a href="#[37]">&gt;&gt;</a>&nbsp;&nbsp;&nbsp;__aeabi_idivmod
</UL>
<BR>[Called By]<UL><LI><a href="#[a0]">&gt;&gt;</a>&nbsp;&nbsp;&nbsp;MC_Scheduler
</UL>

<P><STRONG><a name="[a4]"></a>EAC_GetRestartState</STRONG> (Thumb, 4 bytes, Stack size 0 bytes, enc_align_ctrl.o(i.EAC_GetRestartState))
<BR><BR>[Called By]<UL><LI><a href="#[a0]">&gt;&gt;</a>&nbsp;&nbsp;&nbsp;MC_Scheduler
</UL>

<P><STRONG><a name="[b3]"></a>EAC_Init</STRONG> (Thumb, 14 bytes, Stack size 0 bytes, enc_align_ctrl.o(i.EAC_Init))
<BR><BR>[Called By]<UL><LI><a href="#[af]">&gt;&gt;</a>&nbsp;&nbsp;&nbsp;MCboot
</UL>

<P><STRONG><a name="[a6]"></a>EAC_IsAligned</STRONG> (Thumb, 4 bytes, Stack size 0 bytes, enc_align_ctrl.o(i.EAC_IsAligned))
<BR><BR>[Called By]<UL><LI><a href="#[a0]">&gt;&gt;</a>&nbsp;&nbsp;&nbsp;MC_Scheduler
</UL>

<P><STRONG><a name="[a5]"></a>EAC_SetRestartState</STRONG> (Thumb, 4 bytes, Stack size 0 bytes, enc_align_ctrl.o(i.EAC_SetRestartState))
<BR><BR>[Called By]<UL><LI><a href="#[a0]">&gt;&gt;</a>&nbsp;&nbsp;&nbsp;MC_Scheduler
</UL>

<P><STRONG><a name="[47]"></a>EAC_StartAlignment</STRONG> (Thumb, 74 bytes, Stack size 8 bytes, enc_align_ctrl.o(i.EAC_StartAlignment))
<BR><BR>[Stack]<UL><LI>Max Depth = 68<LI>Call Chain = EAC_StartAlignment &rArr; VSS_SetMecAcceleration &rArr; __aeabi_idivmod &rArr; __aeabi_uidivmod
</UL>
<BR>[Calls]<UL><LI><a href="#[4a]">&gt;&gt;</a>&nbsp;&nbsp;&nbsp;STC_SetControlMode
<LI><a href="#[49]">&gt;&gt;</a>&nbsp;&nbsp;&nbsp;VSS_SetMecAngle
<LI><a href="#[48]">&gt;&gt;</a>&nbsp;&nbsp;&nbsp;VSS_SetMecAcceleration
<LI><a href="#[4b]">&gt;&gt;</a>&nbsp;&nbsp;&nbsp;STC_ExecRamp
<LI><a href="#[38]">&gt;&gt;</a>&nbsp;&nbsp;&nbsp;__aeabi_uidivmod
</UL>
<BR>[Called By]<UL><LI><a href="#[a0]">&gt;&gt;</a>&nbsp;&nbsp;&nbsp;MC_Scheduler
</UL>

<P><STRONG><a name="[a8]"></a>ENC_Clear</STRONG> (Thumb, 62 bytes, Stack size 4 bytes, encoder_speed_pos_fdbk.o(i.ENC_Clear))
<BR><BR>[Stack]<UL><LI>Max Depth = 4<LI>Call Chain = ENC_Clear
</UL>
<BR>[Called By]<UL><LI><a href="#[a0]">&gt;&gt;</a>&nbsp;&nbsp;&nbsp;MC_Scheduler
</UL>

<P><STRONG><a name="[dc]"></a>ENC_IRQHandler</STRONG> (Thumb, 10 bytes, Stack size 0 bytes, encoder_speed_pos_fdbk.o(i.ENC_IRQHandler))
<BR><BR>[Called By]<UL><LI><a href="#[23]">&gt;&gt;</a>&nbsp;&nbsp;&nbsp;TIM3_IRQHandler
</UL>

<P><STRONG><a name="[4c]"></a>ENC_Init</STRONG> (Thumb, 100 bytes, Stack size 16 bytes, encoder_speed_pos_fdbk.o(i.ENC_Init))
<BR><BR>[Stack]<UL><LI>Max Depth = 28<LI>Call Chain = ENC_Init &rArr; __aeabi_uidivmod
</UL>
<BR>[Calls]<UL><LI><a href="#[38]">&gt;&gt;</a>&nbsp;&nbsp;&nbsp;__aeabi_uidivmod
</UL>
<BR>[Called By]<UL><LI><a href="#[af]">&gt;&gt;</a>&nbsp;&nbsp;&nbsp;MCboot
</UL>

<P><STRONG><a name="[46]"></a>ENC_SetMecAngle</STRONG> (Thumb, 36 bytes, Stack size 8 bytes, encoder_speed_pos_fdbk.o(i.ENC_SetMecAngle))
<BR><BR>[Stack]<UL><LI>Max Depth = 20<LI>Call Chain = ENC_SetMecAngle &rArr; __aeabi_uidivmod
</UL>
<BR>[Calls]<UL><LI><a href="#[38]">&gt;&gt;</a>&nbsp;&nbsp;&nbsp;__aeabi_uidivmod
</UL>
<BR>[Called By]<UL><LI><a href="#[45]">&gt;&gt;</a>&nbsp;&nbsp;&nbsp;EAC_Exec
</UL>

<P><STRONG><a name="[d9]"></a>F0XX_BRK_IRQHandler</STRONG> (Thumb, 40 bytes, Stack size 0 bytes, r3_f0xx_pwm_curr_fdbk.o(i.F0XX_BRK_IRQHandler))
<BR><BR>[Called By]<UL><LI><a href="#[20]">&gt;&gt;</a>&nbsp;&nbsp;&nbsp;TIM1_BRK_UP_TRG_COM_IRQHandler
</UL>

<P><STRONG><a name="[ed]"></a>FCP_CalcCRC</STRONG> (Thumb, 40 bytes, Stack size 0 bytes, frame_communication_protocol.o(i.FCP_CalcCRC))
<BR><BR>[Called By]<UL><LI><a href="#[34]">&gt;&gt;</a>&nbsp;&nbsp;&nbsp;UFCP_Send
<LI><a href="#[ec]">&gt;&gt;</a>&nbsp;&nbsp;&nbsp;UFCP_RX_IRQ_Handler
</UL>

<P><STRONG><a name="[ea]"></a>FCP_Init</STRONG> (Thumb, 34 bytes, Stack size 0 bytes, frame_communication_protocol.o(i.FCP_Init))
<BR><BR>[Called By]<UL><LI><a href="#[e9]">&gt;&gt;</a>&nbsp;&nbsp;&nbsp;UFCP_Init
</UL>

<P><STRONG><a name="[96]"></a>FCP_SetClient</STRONG> (Thumb, 16 bytes, Stack size 4 bytes, frame_communication_protocol.o(i.FCP_SetClient))
<BR><BR>[Stack]<UL><LI>Max Depth = 4<LI>Call Chain = FCP_SetClient
</UL>
<BR>[Called By]<UL><LI><a href="#[95]">&gt;&gt;</a>&nbsp;&nbsp;&nbsp;MCP_Init
</UL>

<P><STRONG><a name="[51]"></a>HAL_ADC_ConfigChannel</STRONG> (Thumb, 348 bytes, Stack size 32 bytes, stm32f0xx_hal_adc.o(i.HAL_ADC_ConfigChannel))
<BR><BR>[Stack]<UL><LI>Max Depth = 44<LI>Call Chain = HAL_ADC_ConfigChannel &rArr; __aeabi_uidivmod
</UL>
<BR>[Calls]<UL><LI><a href="#[38]">&gt;&gt;</a>&nbsp;&nbsp;&nbsp;__aeabi_uidivmod
</UL>
<BR>[Called By]<UL><LI><a href="#[2a]">&gt;&gt;</a>&nbsp;&nbsp;&nbsp;main
</UL>

<P><STRONG><a name="[52]"></a>HAL_ADC_Init</STRONG> (Thumb, 362 bytes, Stack size 24 bytes, stm32f0xx_hal_adc.o(i.HAL_ADC_Init))
<BR><BR>[Stack]<UL><LI>Max Depth = 92<LI>Call Chain = HAL_ADC_Init &rArr; HAL_ADC_MspInit &rArr; HAL_DMA_Init &rArr; __aeabi_uidivmod
</UL>
<BR>[Calls]<UL><LI><a href="#[53]">&gt;&gt;</a>&nbsp;&nbsp;&nbsp;HAL_ADC_MspInit
</UL>
<BR>[Called By]<UL><LI><a href="#[2a]">&gt;&gt;</a>&nbsp;&nbsp;&nbsp;main
</UL>

<P><STRONG><a name="[53]"></a>HAL_ADC_MspInit</STRONG> (Thumb, 122 bytes, Stack size 40 bytes, stm32f0xx_hal_msp.o(i.HAL_ADC_MspInit))
<BR><BR>[Stack]<UL><LI>Max Depth = 68<LI>Call Chain = HAL_ADC_MspInit &rArr; HAL_DMA_Init &rArr; __aeabi_uidivmod
</UL>
<BR>[Calls]<UL><LI><a href="#[54]">&gt;&gt;</a>&nbsp;&nbsp;&nbsp;HAL_GPIO_Init
<LI><a href="#[56]">&gt;&gt;</a>&nbsp;&nbsp;&nbsp;_Error_Handler
<LI><a href="#[55]">&gt;&gt;</a>&nbsp;&nbsp;&nbsp;HAL_DMA_Init
</UL>
<BR>[Called By]<UL><LI><a href="#[52]">&gt;&gt;</a>&nbsp;&nbsp;&nbsp;HAL_ADC_Init
</UL>

<P><STRONG><a name="[55]"></a>HAL_DMA_Init</STRONG> (Thumb, 100 bytes, Stack size 16 bytes, stm32f0xx_hal_dma.o(i.HAL_DMA_Init))
<BR><BR>[Stack]<UL><LI>Max Depth = 28<LI>Call Chain = HAL_DMA_Init &rArr; __aeabi_uidivmod
</UL>
<BR>[Calls]<UL><LI><a href="#[38]">&gt;&gt;</a>&nbsp;&nbsp;&nbsp;__aeabi_uidivmod
</UL>
<BR>[Called By]<UL><LI><a href="#[53]">&gt;&gt;</a>&nbsp;&nbsp;&nbsp;HAL_ADC_MspInit
</UL>

<P><STRONG><a name="[57]"></a>HAL_Delay</STRONG> (Thumb, 28 bytes, Stack size 16 bytes, stm32f0xx_hal.o(i.HAL_Delay))
<BR><BR>[Stack]<UL><LI>Max Depth = 16<LI>Call Chain = HAL_Delay
</UL>
<BR>[Calls]<UL><LI><a href="#[58]">&gt;&gt;</a>&nbsp;&nbsp;&nbsp;HAL_GetTick
</UL>
<BR>[Called By]<UL><LI><a href="#[2a]">&gt;&gt;</a>&nbsp;&nbsp;&nbsp;main
</UL>

<P><STRONG><a name="[54]"></a>HAL_GPIO_Init</STRONG> (Thumb, 310 bytes, Stack size 20 bytes, stm32f0xx_hal_gpio.o(i.HAL_GPIO_Init))
<BR><BR>[Stack]<UL><LI>Max Depth = 20<LI>Call Chain = HAL_GPIO_Init
</UL>
<BR>[Called By]<UL><LI><a href="#[75]">&gt;&gt;</a>&nbsp;&nbsp;&nbsp;HAL_TIM_MspPostInit
<LI><a href="#[2a]">&gt;&gt;</a>&nbsp;&nbsp;&nbsp;main
<LI><a href="#[7c]">&gt;&gt;</a>&nbsp;&nbsp;&nbsp;HAL_UART_MspInit
<LI><a href="#[64]">&gt;&gt;</a>&nbsp;&nbsp;&nbsp;HAL_SPI_MspInit
<LI><a href="#[53]">&gt;&gt;</a>&nbsp;&nbsp;&nbsp;HAL_ADC_MspInit
</UL>

<P><STRONG><a name="[da]"></a>HAL_GPIO_WritePin</STRONG> (Thumb, 12 bytes, Stack size 0 bytes, stm32f0xx_hal_gpio.o(i.HAL_GPIO_WritePin))
<BR><BR>[Called By]<UL><LI><a href="#[2a]">&gt;&gt;</a>&nbsp;&nbsp;&nbsp;main
<LI><a href="#[22]">&gt;&gt;</a>&nbsp;&nbsp;&nbsp;TIM2_IRQHandler
</UL>

<P><STRONG><a name="[58]"></a>HAL_GetTick</STRONG> (Thumb, 6 bytes, Stack size 0 bytes, stm32f0xx_hal.o(i.HAL_GetTick))
<BR><BR>[Called By]<UL><LI><a href="#[62]">&gt;&gt;</a>&nbsp;&nbsp;&nbsp;HAL_RCC_OscConfig
<LI><a href="#[60]">&gt;&gt;</a>&nbsp;&nbsp;&nbsp;HAL_RCC_ClockConfig
<LI><a href="#[5f]">&gt;&gt;</a>&nbsp;&nbsp;&nbsp;HAL_RCCEx_PeriphCLKConfig
<LI><a href="#[57]">&gt;&gt;</a>&nbsp;&nbsp;&nbsp;HAL_Delay
<LI><a href="#[65]">&gt;&gt;</a>&nbsp;&nbsp;&nbsp;HAL_SPI_TransmitReceive
<LI><a href="#[c8]">&gt;&gt;</a>&nbsp;&nbsp;&nbsp;SPI_WaitFlagStateUntilTimeout
<LI><a href="#[c7]">&gt;&gt;</a>&nbsp;&nbsp;&nbsp;SPI_WaitFifoStateUntilTimeout
<LI><a href="#[e7]">&gt;&gt;</a>&nbsp;&nbsp;&nbsp;UART_WaitOnFlagUntilTimeout
<LI><a href="#[7f]">&gt;&gt;</a>&nbsp;&nbsp;&nbsp;UART_CheckIdleState
</UL>

<P><STRONG><a name="[d2]"></a>HAL_IncTick</STRONG> (Thumb, 10 bytes, Stack size 0 bytes, stm32f0xx_hal.o(i.HAL_IncTick))
<BR><BR>[Called By]<UL><LI><a href="#[13]">&gt;&gt;</a>&nbsp;&nbsp;&nbsp;SysTick_Handler
</UL>

<P><STRONG><a name="[59]"></a>HAL_Init</STRONG> (Thumb, 26 bytes, Stack size 8 bytes, stm32f0xx_hal.o(i.HAL_Init))
<BR><BR>[Stack]<UL><LI>Max Depth = 28<LI>Call Chain = HAL_Init &rArr; HAL_InitTick &rArr; __aeabi_uidivmod
</UL>
<BR>[Calls]<UL><LI><a href="#[5b]">&gt;&gt;</a>&nbsp;&nbsp;&nbsp;HAL_MspInit
<LI><a href="#[5a]">&gt;&gt;</a>&nbsp;&nbsp;&nbsp;HAL_InitTick
</UL>
<BR>[Called By]<UL><LI><a href="#[2a]">&gt;&gt;</a>&nbsp;&nbsp;&nbsp;main
</UL>

<P><STRONG><a name="[5a]"></a>HAL_InitTick</STRONG> (Thumb, 34 bytes, Stack size 8 bytes, stm32f0xx_hal.o(i.HAL_InitTick))
<BR><BR>[Stack]<UL><LI>Max Depth = 20<LI>Call Chain = HAL_InitTick &rArr; __aeabi_uidivmod
</UL>
<BR>[Calls]<UL><LI><a href="#[5d]">&gt;&gt;</a>&nbsp;&nbsp;&nbsp;HAL_SYSTICK_Config
<LI><a href="#[5c]">&gt;&gt;</a>&nbsp;&nbsp;&nbsp;HAL_RCC_GetHCLKFreq
<LI><a href="#[5e]">&gt;&gt;</a>&nbsp;&nbsp;&nbsp;HAL_NVIC_SetPriority
<LI><a href="#[38]">&gt;&gt;</a>&nbsp;&nbsp;&nbsp;__aeabi_uidivmod
</UL>
<BR>[Called By]<UL><LI><a href="#[60]">&gt;&gt;</a>&nbsp;&nbsp;&nbsp;HAL_RCC_ClockConfig
<LI><a href="#[59]">&gt;&gt;</a>&nbsp;&nbsp;&nbsp;HAL_Init
</UL>

<P><STRONG><a name="[5b]"></a>HAL_MspInit</STRONG> (Thumb, 64 bytes, Stack size 8 bytes, stm32f0xx_hal_msp.o(i.HAL_MspInit))
<BR><BR>[Stack]<UL><LI>Max Depth = 8<LI>Call Chain = HAL_MspInit
</UL>
<BR>[Calls]<UL><LI><a href="#[5e]">&gt;&gt;</a>&nbsp;&nbsp;&nbsp;HAL_NVIC_SetPriority
</UL>
<BR>[Called By]<UL><LI><a href="#[59]">&gt;&gt;</a>&nbsp;&nbsp;&nbsp;HAL_Init
</UL>

<P><STRONG><a name="[6c]"></a>HAL_NVIC_EnableIRQ</STRONG> (Thumb, 14 bytes, Stack size 0 bytes, stm32f0xx_hal_cortex.o(i.HAL_NVIC_EnableIRQ))
<BR><BR>[Called By]<UL><LI><a href="#[2a]">&gt;&gt;</a>&nbsp;&nbsp;&nbsp;main
<LI><a href="#[6a]">&gt;&gt;</a>&nbsp;&nbsp;&nbsp;HAL_TIM_Base_MspInit
</UL>

<P><STRONG><a name="[5e]"></a>HAL_NVIC_SetPriority</STRONG> (Thumb, 60 bytes, Stack size 0 bytes, stm32f0xx_hal_cortex.o(i.HAL_NVIC_SetPriority))
<BR><BR>[Called By]<UL><LI><a href="#[2a]">&gt;&gt;</a>&nbsp;&nbsp;&nbsp;main
<LI><a href="#[d4]">&gt;&gt;</a>&nbsp;&nbsp;&nbsp;SystemClock_Config
<LI><a href="#[6a]">&gt;&gt;</a>&nbsp;&nbsp;&nbsp;HAL_TIM_Base_MspInit
<LI><a href="#[5b]">&gt;&gt;</a>&nbsp;&nbsp;&nbsp;HAL_MspInit
<LI><a href="#[5a]">&gt;&gt;</a>&nbsp;&nbsp;&nbsp;HAL_InitTick
</UL>

<P><STRONG><a name="[5f]"></a>HAL_RCCEx_PeriphCLKConfig</STRONG> (Thumb, 238 bytes, Stack size 24 bytes, stm32f0xx_hal_rcc_ex.o(i.HAL_RCCEx_PeriphCLKConfig))
<BR><BR>[Stack]<UL><LI>Max Depth = 24<LI>Call Chain = HAL_RCCEx_PeriphCLKConfig
</UL>
<BR>[Calls]<UL><LI><a href="#[58]">&gt;&gt;</a>&nbsp;&nbsp;&nbsp;HAL_GetTick
</UL>
<BR>[Called By]<UL><LI><a href="#[d4]">&gt;&gt;</a>&nbsp;&nbsp;&nbsp;SystemClock_Config
</UL>

<P><STRONG><a name="[60]"></a>HAL_RCC_ClockConfig</STRONG> (Thumb, 396 bytes, Stack size 56 bytes, stm32f0xx_hal_rcc.o(i.HAL_RCC_ClockConfig))
<BR><BR>[Stack]<UL><LI>Max Depth = 76<LI>Call Chain = HAL_RCC_ClockConfig &rArr; HAL_InitTick &rArr; __aeabi_uidivmod
</UL>
<BR>[Calls]<UL><LI><a href="#[58]">&gt;&gt;</a>&nbsp;&nbsp;&nbsp;HAL_GetTick
<LI><a href="#[5a]">&gt;&gt;</a>&nbsp;&nbsp;&nbsp;HAL_InitTick
<LI><a href="#[38]">&gt;&gt;</a>&nbsp;&nbsp;&nbsp;__aeabi_uidivmod
</UL>
<BR>[Called By]<UL><LI><a href="#[d4]">&gt;&gt;</a>&nbsp;&nbsp;&nbsp;SystemClock_Config
</UL>

<P><STRONG><a name="[d5]"></a>HAL_RCC_EnableCSS</STRONG> (Thumb, 14 bytes, Stack size 0 bytes, stm32f0xx_hal_rcc.o(i.HAL_RCC_EnableCSS))
<BR><BR>[Called By]<UL><LI><a href="#[d4]">&gt;&gt;</a>&nbsp;&nbsp;&nbsp;SystemClock_Config
</UL>

<P><STRONG><a name="[5c]"></a>HAL_RCC_GetHCLKFreq</STRONG> (Thumb, 6 bytes, Stack size 0 bytes, stm32f0xx_hal_rcc.o(i.HAL_RCC_GetHCLKFreq))
<BR><BR>[Called By]<UL><LI><a href="#[bd]">&gt;&gt;</a>&nbsp;&nbsp;&nbsp;MX_MotorControl_Init
<LI><a href="#[d4]">&gt;&gt;</a>&nbsp;&nbsp;&nbsp;SystemClock_Config
<LI><a href="#[5a]">&gt;&gt;</a>&nbsp;&nbsp;&nbsp;HAL_InitTick
</UL>

<P><STRONG><a name="[e8]"></a>HAL_RCC_GetPCLK1Freq</STRONG> (Thumb, 20 bytes, Stack size 0 bytes, stm32f0xx_hal_rcc.o(i.HAL_RCC_GetPCLK1Freq))
<BR><BR>[Called By]<UL><LI><a href="#[7d]">&gt;&gt;</a>&nbsp;&nbsp;&nbsp;UART_SetConfig
</UL>

<P><STRONG><a name="[61]"></a>HAL_RCC_GetSysClockFreq</STRONG> (Thumb, 78 bytes, Stack size 40 bytes, stm32f0xx_hal_rcc.o(i.HAL_RCC_GetSysClockFreq))
<BR><BR>[Stack]<UL><LI>Max Depth = 52<LI>Call Chain = HAL_RCC_GetSysClockFreq &rArr; __aeabi_uidivmod
</UL>
<BR>[Calls]<UL><LI><a href="#[38]">&gt;&gt;</a>&nbsp;&nbsp;&nbsp;__aeabi_uidivmod
</UL>
<BR>[Called By]<UL><LI><a href="#[7d]">&gt;&gt;</a>&nbsp;&nbsp;&nbsp;UART_SetConfig
</UL>

<P><STRONG><a name="[62]"></a>HAL_RCC_OscConfig</STRONG> (Thumb, 910 bytes, Stack size 24 bytes, stm32f0xx_hal_rcc.o(i.HAL_RCC_OscConfig))
<BR><BR>[Stack]<UL><LI>Max Depth = 24<LI>Call Chain = HAL_RCC_OscConfig
</UL>
<BR>[Calls]<UL><LI><a href="#[58]">&gt;&gt;</a>&nbsp;&nbsp;&nbsp;HAL_GetTick
</UL>
<BR>[Called By]<UL><LI><a href="#[d4]">&gt;&gt;</a>&nbsp;&nbsp;&nbsp;SystemClock_Config
</UL>

<P><STRONG><a name="[63]"></a>HAL_SPI_Init</STRONG> (Thumb, 184 bytes, Stack size 24 bytes, stm32f0xx_hal_spi.o(i.HAL_SPI_Init))
<BR><BR>[Stack]<UL><LI>Max Depth = 76<LI>Call Chain = HAL_SPI_Init &rArr; HAL_SPI_MspInit &rArr; HAL_GPIO_Init
</UL>
<BR>[Calls]<UL><LI><a href="#[64]">&gt;&gt;</a>&nbsp;&nbsp;&nbsp;HAL_SPI_MspInit
</UL>
<BR>[Called By]<UL><LI><a href="#[2a]">&gt;&gt;</a>&nbsp;&nbsp;&nbsp;main
</UL>

<P><STRONG><a name="[64]"></a>HAL_SPI_MspInit</STRONG> (Thumb, 60 bytes, Stack size 32 bytes, stm32f0xx_hal_msp.o(i.HAL_SPI_MspInit))
<BR><BR>[Stack]<UL><LI>Max Depth = 52<LI>Call Chain = HAL_SPI_MspInit &rArr; HAL_GPIO_Init
</UL>
<BR>[Calls]<UL><LI><a href="#[54]">&gt;&gt;</a>&nbsp;&nbsp;&nbsp;HAL_GPIO_Init
</UL>
<BR>[Called By]<UL><LI><a href="#[63]">&gt;&gt;</a>&nbsp;&nbsp;&nbsp;HAL_SPI_Init
</UL>

<P><STRONG><a name="[65]"></a>HAL_SPI_TransmitReceive</STRONG> (Thumb, 606 bytes, Stack size 48 bytes, stm32f0xx_hal_spi.o(i.HAL_SPI_TransmitReceive))
<BR><BR>[Stack]<UL><LI>Max Depth = 96<LI>Call Chain = HAL_SPI_TransmitReceive &rArr; SPI_EndRxTxTransaction &rArr; SPI_WaitFifoStateUntilTimeout
</UL>
<BR>[Calls]<UL><LI><a href="#[66]">&gt;&gt;</a>&nbsp;&nbsp;&nbsp;SPI_EndRxTxTransaction
<LI><a href="#[58]">&gt;&gt;</a>&nbsp;&nbsp;&nbsp;HAL_GetTick
</UL>
<BR>[Called By]<UL><LI><a href="#[db]">&gt;&gt;</a>&nbsp;&nbsp;&nbsp;as5028a_enc_update
</UL>

<P><STRONG><a name="[d6]"></a>HAL_SYSTICK_CLKSourceConfig</STRONG> (Thumb, 20 bytes, Stack size 0 bytes, stm32f0xx_hal_cortex.o(i.HAL_SYSTICK_CLKSourceConfig))
<BR><BR>[Called By]<UL><LI><a href="#[d4]">&gt;&gt;</a>&nbsp;&nbsp;&nbsp;SystemClock_Config
</UL>

<P><STRONG><a name="[68]"></a>HAL_SYSTICK_Callback</STRONG> (Thumb, 2 bytes, Stack size 0 bytes, stm32f0xx_hal_cortex.o(i.HAL_SYSTICK_Callback))
<BR><BR>[Called By]<UL><LI><a href="#[67]">&gt;&gt;</a>&nbsp;&nbsp;&nbsp;HAL_SYSTICK_IRQHandler
</UL>

<P><STRONG><a name="[5d]"></a>HAL_SYSTICK_Config</STRONG> (Thumb, 46 bytes, Stack size 4 bytes, stm32f0xx_hal_cortex.o(i.HAL_SYSTICK_Config))
<BR><BR>[Stack]<UL><LI>Max Depth = 4<LI>Call Chain = HAL_SYSTICK_Config
</UL>
<BR>[Called By]<UL><LI><a href="#[bd]">&gt;&gt;</a>&nbsp;&nbsp;&nbsp;MX_MotorControl_Init
<LI><a href="#[d4]">&gt;&gt;</a>&nbsp;&nbsp;&nbsp;SystemClock_Config
<LI><a href="#[5a]">&gt;&gt;</a>&nbsp;&nbsp;&nbsp;HAL_InitTick
</UL>

<P><STRONG><a name="[67]"></a>HAL_SYSTICK_IRQHandler</STRONG> (Thumb, 8 bytes, Stack size 8 bytes, stm32f0xx_hal_cortex.o(i.HAL_SYSTICK_IRQHandler))
<BR><BR>[Stack]<UL><LI>Max Depth = 8<LI>Call Chain = HAL_SYSTICK_IRQHandler
</UL>
<BR>[Calls]<UL><LI><a href="#[68]">&gt;&gt;</a>&nbsp;&nbsp;&nbsp;HAL_SYSTICK_Callback
</UL>
<BR>[Called By]<UL><LI><a href="#[13]">&gt;&gt;</a>&nbsp;&nbsp;&nbsp;SysTick_Handler
</UL>

<P><STRONG><a name="[72]"></a>HAL_TIMEx_BreakCallback</STRONG> (Thumb, 2 bytes, Stack size 0 bytes, stm32f0xx_hal_tim_ex.o(i.HAL_TIMEx_BreakCallback))
<BR><BR>[Called By]<UL><LI><a href="#[6d]">&gt;&gt;</a>&nbsp;&nbsp;&nbsp;HAL_TIM_IRQHandler
</UL>

<P><STRONG><a name="[74]"></a>HAL_TIMEx_CommutationCallback</STRONG> (Thumb, 2 bytes, Stack size 0 bytes, stm32f0xx_hal_tim_ex.o(i.HAL_TIMEx_CommutationCallback))
<BR><BR>[Called By]<UL><LI><a href="#[6d]">&gt;&gt;</a>&nbsp;&nbsp;&nbsp;HAL_TIM_IRQHandler
</UL>

<P><STRONG><a name="[11a]"></a>HAL_TIMEx_ConfigBreakDeadTime</STRONG> (Thumb, 96 bytes, Stack size 8 bytes, stm32f0xx_hal_tim_ex.o(i.HAL_TIMEx_ConfigBreakDeadTime))
<BR><BR>[Stack]<UL><LI>Max Depth = 8<LI>Call Chain = HAL_TIMEx_ConfigBreakDeadTime
</UL>
<BR>[Called By]<UL><LI><a href="#[2a]">&gt;&gt;</a>&nbsp;&nbsp;&nbsp;main
</UL>

<P><STRONG><a name="[119]"></a>HAL_TIMEx_MasterConfigSynchronization</STRONG> (Thumb, 74 bytes, Stack size 12 bytes, stm32f0xx_hal_tim_ex.o(i.HAL_TIMEx_MasterConfigSynchronization))
<BR><BR>[Stack]<UL><LI>Max Depth = 12<LI>Call Chain = HAL_TIMEx_MasterConfigSynchronization
</UL>
<BR>[Called By]<UL><LI><a href="#[2a]">&gt;&gt;</a>&nbsp;&nbsp;&nbsp;main
</UL>

<P><STRONG><a name="[69]"></a>HAL_TIM_Base_Init</STRONG> (Thumb, 50 bytes, Stack size 16 bytes, stm32f0xx_hal_tim.o(i.HAL_TIM_Base_Init))
<BR><BR>[Stack]<UL><LI>Max Depth = 32<LI>Call Chain = HAL_TIM_Base_Init &rArr; TIM_Base_SetConfig
</UL>
<BR>[Calls]<UL><LI><a href="#[6a]">&gt;&gt;</a>&nbsp;&nbsp;&nbsp;HAL_TIM_Base_MspInit
<LI><a href="#[6b]">&gt;&gt;</a>&nbsp;&nbsp;&nbsp;TIM_Base_SetConfig
</UL>
<BR>[Called By]<UL><LI><a href="#[2a]">&gt;&gt;</a>&nbsp;&nbsp;&nbsp;main
</UL>

<P><STRONG><a name="[6a]"></a>HAL_TIM_Base_MspInit</STRONG> (Thumb, 46 bytes, Stack size 8 bytes, stm32f0xx_hal_msp.o(i.HAL_TIM_Base_MspInit))
<BR><BR>[Stack]<UL><LI>Max Depth = 8<LI>Call Chain = HAL_TIM_Base_MspInit
</UL>
<BR>[Calls]<UL><LI><a href="#[5e]">&gt;&gt;</a>&nbsp;&nbsp;&nbsp;HAL_NVIC_SetPriority
<LI><a href="#[6c]">&gt;&gt;</a>&nbsp;&nbsp;&nbsp;HAL_NVIC_EnableIRQ
</UL>
<BR>[Called By]<UL><LI><a href="#[69]">&gt;&gt;</a>&nbsp;&nbsp;&nbsp;HAL_TIM_Base_Init
</UL>

<P><STRONG><a name="[11c]"></a>HAL_TIM_Base_Start_IT</STRONG> (Thumb, 22 bytes, Stack size 0 bytes, stm32f0xx_hal_tim.o(i.HAL_TIM_Base_Start_IT))
<BR><BR>[Called By]<UL><LI><a href="#[2a]">&gt;&gt;</a>&nbsp;&nbsp;&nbsp;main
</UL>

<P><STRONG><a name="[11b]"></a>HAL_TIM_ConfigClockSource</STRONG> (Thumb, 438 bytes, Stack size 20 bytes, stm32f0xx_hal_tim.o(i.HAL_TIM_ConfigClockSource))
<BR><BR>[Stack]<UL><LI>Max Depth = 20<LI>Call Chain = HAL_TIM_ConfigClockSource
</UL>
<BR>[Called By]<UL><LI><a href="#[2a]">&gt;&gt;</a>&nbsp;&nbsp;&nbsp;main
</UL>

<P><STRONG><a name="[6e]"></a>HAL_TIM_IC_CaptureCallback</STRONG> (Thumb, 2 bytes, Stack size 0 bytes, stm32f0xx_hal_tim.o(i.HAL_TIM_IC_CaptureCallback))
<BR><BR>[Called By]<UL><LI><a href="#[6d]">&gt;&gt;</a>&nbsp;&nbsp;&nbsp;HAL_TIM_IRQHandler
</UL>

<P><STRONG><a name="[6d]"></a>HAL_TIM_IRQHandler</STRONG> (Thumb, 354 bytes, Stack size 16 bytes, stm32f0xx_hal_tim.o(i.HAL_TIM_IRQHandler))
<BR><BR>[Stack]<UL><LI>Max Depth = 16<LI>Call Chain = HAL_TIM_IRQHandler
</UL>
<BR>[Calls]<UL><LI><a href="#[73]">&gt;&gt;</a>&nbsp;&nbsp;&nbsp;HAL_TIM_TriggerCallback
<LI><a href="#[71]">&gt;&gt;</a>&nbsp;&nbsp;&nbsp;HAL_TIM_PeriodElapsedCallback
<LI><a href="#[70]">&gt;&gt;</a>&nbsp;&nbsp;&nbsp;HAL_TIM_PWM_PulseFinishedCallback
<LI><a href="#[6f]">&gt;&gt;</a>&nbsp;&nbsp;&nbsp;HAL_TIM_OC_DelayElapsedCallback
<LI><a href="#[6e]">&gt;&gt;</a>&nbsp;&nbsp;&nbsp;HAL_TIM_IC_CaptureCallback
<LI><a href="#[74]">&gt;&gt;</a>&nbsp;&nbsp;&nbsp;HAL_TIMEx_CommutationCallback
<LI><a href="#[72]">&gt;&gt;</a>&nbsp;&nbsp;&nbsp;HAL_TIMEx_BreakCallback
</UL>
<BR>[Called By]<UL><LI><a href="#[22]">&gt;&gt;</a>&nbsp;&nbsp;&nbsp;TIM2_IRQHandler
</UL>

<P><STRONG><a name="[75]"></a>HAL_TIM_MspPostInit</STRONG> (Thumb, 66 bytes, Stack size 32 bytes, stm32f0xx_hal_msp.o(i.HAL_TIM_MspPostInit))
<BR><BR>[Stack]<UL><LI>Max Depth = 52<LI>Call Chain = HAL_TIM_MspPostInit &rArr; HAL_GPIO_Init
</UL>
<BR>[Calls]<UL><LI><a href="#[54]">&gt;&gt;</a>&nbsp;&nbsp;&nbsp;HAL_GPIO_Init
</UL>
<BR>[Called By]<UL><LI><a href="#[2a]">&gt;&gt;</a>&nbsp;&nbsp;&nbsp;main
</UL>

<P><STRONG><a name="[6f]"></a>HAL_TIM_OC_DelayElapsedCallback</STRONG> (Thumb, 2 bytes, Stack size 0 bytes, stm32f0xx_hal_tim.o(i.HAL_TIM_OC_DelayElapsedCallback))
<BR><BR>[Called By]<UL><LI><a href="#[6d]">&gt;&gt;</a>&nbsp;&nbsp;&nbsp;HAL_TIM_IRQHandler
</UL>

<P><STRONG><a name="[76]"></a>HAL_TIM_PWM_ConfigChannel</STRONG> (Thumb, 392 bytes, Stack size 24 bytes, stm32f0xx_hal_tim.o(i.HAL_TIM_PWM_ConfigChannel))
<BR><BR>[Stack]<UL><LI>Max Depth = 40<LI>Call Chain = HAL_TIM_PWM_ConfigChannel &rArr; TIM_OC1_SetConfig
</UL>
<BR>[Calls]<UL><LI><a href="#[77]">&gt;&gt;</a>&nbsp;&nbsp;&nbsp;TIM_OC1_SetConfig
<LI><a href="#[78]">&gt;&gt;</a>&nbsp;&nbsp;&nbsp;TIM_OC2_SetConfig
</UL>
<BR>[Called By]<UL><LI><a href="#[2a]">&gt;&gt;</a>&nbsp;&nbsp;&nbsp;main
</UL>

<P><STRONG><a name="[79]"></a>HAL_TIM_PWM_Init</STRONG> (Thumb, 50 bytes, Stack size 16 bytes, stm32f0xx_hal_tim.o(i.HAL_TIM_PWM_Init))
<BR><BR>[Stack]<UL><LI>Max Depth = 32<LI>Call Chain = HAL_TIM_PWM_Init &rArr; TIM_Base_SetConfig
</UL>
<BR>[Calls]<UL><LI><a href="#[7a]">&gt;&gt;</a>&nbsp;&nbsp;&nbsp;HAL_TIM_PWM_MspInit
<LI><a href="#[6b]">&gt;&gt;</a>&nbsp;&nbsp;&nbsp;TIM_Base_SetConfig
</UL>
<BR>[Called By]<UL><LI><a href="#[2a]">&gt;&gt;</a>&nbsp;&nbsp;&nbsp;main
</UL>

<P><STRONG><a name="[7a]"></a>HAL_TIM_PWM_MspInit</STRONG> (Thumb, 30 bytes, Stack size 4 bytes, stm32f0xx_hal_msp.o(i.HAL_TIM_PWM_MspInit))
<BR><BR>[Stack]<UL><LI>Max Depth = 4<LI>Call Chain = HAL_TIM_PWM_MspInit
</UL>
<BR>[Called By]<UL><LI><a href="#[79]">&gt;&gt;</a>&nbsp;&nbsp;&nbsp;HAL_TIM_PWM_Init
</UL>

<P><STRONG><a name="[70]"></a>HAL_TIM_PWM_PulseFinishedCallback</STRONG> (Thumb, 2 bytes, Stack size 0 bytes, stm32f0xx_hal_tim.o(i.HAL_TIM_PWM_PulseFinishedCallback))
<BR><BR>[Called By]<UL><LI><a href="#[6d]">&gt;&gt;</a>&nbsp;&nbsp;&nbsp;HAL_TIM_IRQHandler
</UL>

<P><STRONG><a name="[71]"></a>HAL_TIM_PeriodElapsedCallback</STRONG> (Thumb, 2 bytes, Stack size 0 bytes, stm32f0xx_hal_tim.o(i.HAL_TIM_PeriodElapsedCallback))
<BR><BR>[Called By]<UL><LI><a href="#[6d]">&gt;&gt;</a>&nbsp;&nbsp;&nbsp;HAL_TIM_IRQHandler
</UL>

<P><STRONG><a name="[73]"></a>HAL_TIM_TriggerCallback</STRONG> (Thumb, 2 bytes, Stack size 0 bytes, stm32f0xx_hal_tim.o(i.HAL_TIM_TriggerCallback))
<BR><BR>[Called By]<UL><LI><a href="#[6d]">&gt;&gt;</a>&nbsp;&nbsp;&nbsp;HAL_TIM_IRQHandler
</UL>

<P><STRONG><a name="[7b]"></a>HAL_UART_Init</STRONG> (Thumb, 106 bytes, Stack size 16 bytes, stm32f0xx_hal_uart.o(i.HAL_UART_Init))
<BR><BR>[Stack]<UL><LI>Max Depth = 92<LI>Call Chain = HAL_UART_Init &rArr; UART_SetConfig &rArr; HAL_RCC_GetSysClockFreq &rArr; __aeabi_uidivmod
</UL>
<BR>[Calls]<UL><LI><a href="#[7c]">&gt;&gt;</a>&nbsp;&nbsp;&nbsp;HAL_UART_MspInit
<LI><a href="#[7d]">&gt;&gt;</a>&nbsp;&nbsp;&nbsp;UART_SetConfig
<LI><a href="#[7f]">&gt;&gt;</a>&nbsp;&nbsp;&nbsp;UART_CheckIdleState
<LI><a href="#[7e]">&gt;&gt;</a>&nbsp;&nbsp;&nbsp;UART_AdvFeatureConfig
</UL>
<BR>[Called By]<UL><LI><a href="#[2a]">&gt;&gt;</a>&nbsp;&nbsp;&nbsp;main
</UL>

<P><STRONG><a name="[7c]"></a>HAL_UART_MspInit</STRONG> (Thumb, 62 bytes, Stack size 32 bytes, stm32f0xx_hal_msp.o(i.HAL_UART_MspInit))
<BR><BR>[Stack]<UL><LI>Max Depth = 52<LI>Call Chain = HAL_UART_MspInit &rArr; HAL_GPIO_Init
</UL>
<BR>[Calls]<UL><LI><a href="#[54]">&gt;&gt;</a>&nbsp;&nbsp;&nbsp;HAL_GPIO_Init
</UL>
<BR>[Called By]<UL><LI><a href="#[7b]">&gt;&gt;</a>&nbsp;&nbsp;&nbsp;HAL_UART_Init
</UL>

<P><STRONG><a name="[80]"></a>MCI_Clear_Iqdref</STRONG> (Thumb, 20 bytes, Stack size 8 bytes, mc_interface.o(i.MCI_Clear_Iqdref))
<BR><BR>[Stack]<UL><LI>Max Depth = 8<LI>Call Chain = MCI_Clear_Iqdref
</UL>
<BR>[Calls]<UL><LI><a href="#[81]">&gt;&gt;</a>&nbsp;&nbsp;&nbsp;STC_GetDefaultIqdref
</UL>
<BR>[Called By]<UL><LI><a href="#[99]">&gt;&gt;</a>&nbsp;&nbsp;&nbsp;UI_ExecCmd
</UL>

<P><STRONG><a name="[82]"></a>MCI_EncoderAlign</STRONG> (Thumb, 12 bytes, Stack size 8 bytes, mc_interface.o(i.MCI_EncoderAlign))
<BR><BR>[Stack]<UL><LI>Max Depth = 12<LI>Call Chain = MCI_EncoderAlign &rArr; STM_NextState
</UL>
<BR>[Calls]<UL><LI><a href="#[83]">&gt;&gt;</a>&nbsp;&nbsp;&nbsp;STM_NextState
</UL>
<BR>[Called By]<UL><LI><a href="#[99]">&gt;&gt;</a>&nbsp;&nbsp;&nbsp;UI_ExecCmd
</UL>

<P><STRONG><a name="[84]"></a>MCI_ExecBufferedCommands</STRONG> (Thumb, 122 bytes, Stack size 8 bytes, mc_interface.o(i.MCI_ExecBufferedCommands))
<BR><BR>[Stack]<UL><LI>Max Depth = 60<LI>Call Chain = MCI_ExecBufferedCommands &rArr; STC_ExecRamp &rArr; __aeabi_idivmod &rArr; __aeabi_uidivmod
</UL>
<BR>[Calls]<UL><LI><a href="#[4a]">&gt;&gt;</a>&nbsp;&nbsp;&nbsp;STC_SetControlMode
<LI><a href="#[4b]">&gt;&gt;</a>&nbsp;&nbsp;&nbsp;STC_ExecRamp
</UL>
<BR>[Called By]<UL><LI><a href="#[a0]">&gt;&gt;</a>&nbsp;&nbsp;&nbsp;MC_Scheduler
</UL>

<P><STRONG><a name="[bc]"></a>MCI_ExecSpeedRamp</STRONG> (Thumb, 14 bytes, Stack size 0 bytes, mc_interface.o(i.MCI_ExecSpeedRamp))
<BR><BR>[Called By]<UL><LI><a href="#[af]">&gt;&gt;</a>&nbsp;&nbsp;&nbsp;MCboot
<LI><a href="#[97]">&gt;&gt;</a>&nbsp;&nbsp;&nbsp;UI_SetReg
<LI><a href="#[9a]">&gt;&gt;</a>&nbsp;&nbsp;&nbsp;UI_ExecSpeedRamp
</UL>

<P><STRONG><a name="[109]"></a>MCI_ExecTorqueRamp</STRONG> (Thumb, 18 bytes, Stack size 0 bytes, mc_interface.o(i.MCI_ExecTorqueRamp))
<BR><BR>[Called By]<UL><LI><a href="#[97]">&gt;&gt;</a>&nbsp;&nbsp;&nbsp;UI_SetReg
</UL>

<P><STRONG><a name="[85]"></a>MCI_FaultAcknowledged</STRONG> (Thumb, 10 bytes, Stack size 8 bytes, mc_interface.o(i.MCI_FaultAcknowledged))
<BR><BR>[Stack]<UL><LI>Max Depth = 8<LI>Call Chain = MCI_FaultAcknowledged
</UL>
<BR>[Calls]<UL><LI><a href="#[86]">&gt;&gt;</a>&nbsp;&nbsp;&nbsp;STM_FaultAcknowledged
</UL>
<BR>[Called By]<UL><LI><a href="#[99]">&gt;&gt;</a>&nbsp;&nbsp;&nbsp;UI_ExecCmd
</UL>

<P><STRONG><a name="[87]"></a>MCI_GetAvrgMecSpeed01Hz</STRONG> (Thumb, 14 bytes, Stack size 8 bytes, mc_interface.o(i.MCI_GetAvrgMecSpeed01Hz))
<BR><BR>[Stack]<UL><LI>Max Depth = 8<LI>Call Chain = MCI_GetAvrgMecSpeed01Hz
</UL>
<BR>[Calls]<UL><LI><a href="#[88]">&gt;&gt;</a>&nbsp;&nbsp;&nbsp;STC_GetSpeedSensor
<LI><a href="#[89]">&gt;&gt;</a>&nbsp;&nbsp;&nbsp;SPD_GetAvrgMecSpeed01Hz
</UL>
<BR>[Called By]<UL><LI><a href="#[9f]">&gt;&gt;</a>&nbsp;&nbsp;&nbsp;MC_GetMecSpeedAverageMotor1
<LI><a href="#[98]">&gt;&gt;</a>&nbsp;&nbsp;&nbsp;UI_GetReg
</UL>

<P><STRONG><a name="[f0]"></a>MCI_GetControlMode</STRONG> (Thumb, 4 bytes, Stack size 0 bytes, mc_interface.o(i.MCI_GetControlMode))
<BR><BR>[Called By]<UL><LI><a href="#[98]">&gt;&gt;</a>&nbsp;&nbsp;&nbsp;UI_GetReg
</UL>

<P><STRONG><a name="[fa]"></a>MCI_GetIab</STRONG> (Thumb, 16 bytes, Stack size 0 bytes, mc_interface.o(i.MCI_GetIab))
<BR><BR>[Called By]<UL><LI><a href="#[98]">&gt;&gt;</a>&nbsp;&nbsp;&nbsp;UI_GetReg
</UL>

<P><STRONG><a name="[fb]"></a>MCI_GetIalphabeta</STRONG> (Thumb, 16 bytes, Stack size 0 bytes, mc_interface.o(i.MCI_GetIalphabeta))
<BR><BR>[Called By]<UL><LI><a href="#[98]">&gt;&gt;</a>&nbsp;&nbsp;&nbsp;UI_GetReg
</UL>

<P><STRONG><a name="[f8]"></a>MCI_GetIqd</STRONG> (Thumb, 16 bytes, Stack size 0 bytes, mc_interface.o(i.MCI_GetIqd))
<BR><BR>[Called By]<UL><LI><a href="#[98]">&gt;&gt;</a>&nbsp;&nbsp;&nbsp;UI_GetReg
</UL>

<P><STRONG><a name="[f4]"></a>MCI_GetIqdref</STRONG> (Thumb, 16 bytes, Stack size 0 bytes, mc_interface.o(i.MCI_GetIqdref))
<BR><BR>[Called By]<UL><LI><a href="#[97]">&gt;&gt;</a>&nbsp;&nbsp;&nbsp;UI_SetReg
<LI><a href="#[98]">&gt;&gt;</a>&nbsp;&nbsp;&nbsp;UI_GetReg
</UL>

<P><STRONG><a name="[103]"></a>MCI_GetLastRampFinalSpeed</STRONG> (Thumb, 16 bytes, Stack size 0 bytes, mc_interface.o(i.MCI_GetLastRampFinalSpeed))
<BR><BR>[Called By]<UL><LI><a href="#[98]">&gt;&gt;</a>&nbsp;&nbsp;&nbsp;UI_GetReg
</UL>

<P><STRONG><a name="[8a]"></a>MCI_GetMecSpeedRef01Hz</STRONG> (Thumb, 10 bytes, Stack size 8 bytes, mc_interface.o(i.MCI_GetMecSpeedRef01Hz))
<BR><BR>[Stack]<UL><LI>Max Depth = 8<LI>Call Chain = MCI_GetMecSpeedRef01Hz
</UL>
<BR>[Calls]<UL><LI><a href="#[8b]">&gt;&gt;</a>&nbsp;&nbsp;&nbsp;STC_GetMecSpeedRef01Hz
</UL>
<BR>[Called By]<UL><LI><a href="#[97]">&gt;&gt;</a>&nbsp;&nbsp;&nbsp;UI_SetReg
<LI><a href="#[98]">&gt;&gt;</a>&nbsp;&nbsp;&nbsp;UI_GetReg
</UL>

<P><STRONG><a name="[8c]"></a>MCI_GetSTMState</STRONG> (Thumb, 10 bytes, Stack size 8 bytes, mc_interface.o(i.MCI_GetSTMState))
<BR><BR>[Stack]<UL><LI>Max Depth = 8<LI>Call Chain = MCI_GetSTMState
</UL>
<BR>[Calls]<UL><LI><a href="#[8d]">&gt;&gt;</a>&nbsp;&nbsp;&nbsp;STM_GetState
</UL>
<BR>[Called By]<UL><LI><a href="#[99]">&gt;&gt;</a>&nbsp;&nbsp;&nbsp;UI_ExecCmd
</UL>

<P><STRONG><a name="[108]"></a>MCI_GetTeref</STRONG> (Thumb, 8 bytes, Stack size 0 bytes, mc_interface.o(i.MCI_GetTeref))
<BR><BR>[Called By]<UL><LI><a href="#[97]">&gt;&gt;</a>&nbsp;&nbsp;&nbsp;UI_SetReg
</UL>

<P><STRONG><a name="[fd]"></a>MCI_GetValphabeta</STRONG> (Thumb, 16 bytes, Stack size 0 bytes, mc_interface.o(i.MCI_GetValphabeta))
<BR><BR>[Called By]<UL><LI><a href="#[98]">&gt;&gt;</a>&nbsp;&nbsp;&nbsp;UI_GetReg
</UL>

<P><STRONG><a name="[fc]"></a>MCI_GetVqd</STRONG> (Thumb, 16 bytes, Stack size 0 bytes, mc_interface.o(i.MCI_GetVqd))
<BR><BR>[Called By]<UL><LI><a href="#[98]">&gt;&gt;</a>&nbsp;&nbsp;&nbsp;UI_GetReg
</UL>

<P><STRONG><a name="[ba]"></a>MCI_Init</STRONG> (Thumb, 20 bytes, Stack size 0 bytes, mc_interface.o(i.MCI_Init))
<BR><BR>[Called By]<UL><LI><a href="#[af]">&gt;&gt;</a>&nbsp;&nbsp;&nbsp;MCboot
</UL>

<P><STRONG><a name="[107]"></a>MCI_SetCurrentReferences</STRONG> (Thumb, 20 bytes, Stack size 0 bytes, mc_interface.o(i.MCI_SetCurrentReferences))
<BR><BR>[Called By]<UL><LI><a href="#[97]">&gt;&gt;</a>&nbsp;&nbsp;&nbsp;UI_SetReg
<LI><a href="#[9d]">&gt;&gt;</a>&nbsp;&nbsp;&nbsp;UI_SetCurrentReferences
</UL>

<P><STRONG><a name="[10c]"></a>MCI_SetIdref</STRONG> (Thumb, 10 bytes, Stack size 0 bytes, mc_interface.o(i.MCI_SetIdref))
<BR><BR>[Called By]<UL><LI><a href="#[97]">&gt;&gt;</a>&nbsp;&nbsp;&nbsp;UI_SetReg
</UL>

<P><STRONG><a name="[8e]"></a>MCI_StartMotor</STRONG> (Thumb, 22 bytes, Stack size 8 bytes, mc_interface.o(i.MCI_StartMotor))
<BR><BR>[Stack]<UL><LI>Max Depth = 12<LI>Call Chain = MCI_StartMotor &rArr; STM_NextState
</UL>
<BR>[Calls]<UL><LI><a href="#[83]">&gt;&gt;</a>&nbsp;&nbsp;&nbsp;STM_NextState
</UL>
<BR>[Called By]<UL><LI><a href="#[99]">&gt;&gt;</a>&nbsp;&nbsp;&nbsp;UI_ExecCmd
</UL>

<P><STRONG><a name="[8f]"></a>MCI_StopMotor</STRONG> (Thumb, 12 bytes, Stack size 8 bytes, mc_interface.o(i.MCI_StopMotor))
<BR><BR>[Stack]<UL><LI>Max Depth = 12<LI>Call Chain = MCI_StopMotor &rArr; STM_NextState
</UL>
<BR>[Calls]<UL><LI><a href="#[83]">&gt;&gt;</a>&nbsp;&nbsp;&nbsp;STM_NextState
</UL>
<BR>[Called By]<UL><LI><a href="#[99]">&gt;&gt;</a>&nbsp;&nbsp;&nbsp;UI_ExecCmd
</UL>

<P><STRONG><a name="[90]"></a>MCI_StopSpeedRamp</STRONG> (Thumb, 10 bytes, Stack size 8 bytes, mc_interface.o(i.MCI_StopSpeedRamp))
<BR><BR>[Stack]<UL><LI>Max Depth = 8<LI>Call Chain = MCI_StopSpeedRamp
</UL>
<BR>[Calls]<UL><LI><a href="#[91]">&gt;&gt;</a>&nbsp;&nbsp;&nbsp;STC_StopSpeedRamp
</UL>
<BR>[Called By]<UL><LI><a href="#[99]">&gt;&gt;</a>&nbsp;&nbsp;&nbsp;UI_ExecCmd
</UL>

<P><STRONG><a name="[e0]"></a>MCM_Clarke</STRONG> (Thumb, 62 bytes, Stack size 0 bytes, mc_math.o(i.MCM_Clarke))
<BR><BR>[Called By]<UL><LI><a href="#[44]">&gt;&gt;</a>&nbsp;&nbsp;&nbsp;TSK_HighFrequencyTask
</UL>

<P><STRONG><a name="[92]"></a>MCM_Park</STRONG> (Thumb, 112 bytes, Stack size 20 bytes, mc_math.o(i.MCM_Park))
<BR><BR>[Stack]<UL><LI>Max Depth = 28<LI>Call Chain = MCM_Park &rArr; MCM_Trig_Functions
</UL>
<BR>[Calls]<UL><LI><a href="#[93]">&gt;&gt;</a>&nbsp;&nbsp;&nbsp;MCM_Trig_Functions
</UL>
<BR>[Called By]<UL><LI><a href="#[44]">&gt;&gt;</a>&nbsp;&nbsp;&nbsp;TSK_HighFrequencyTask
</UL>

<P><STRONG><a name="[94]"></a>MCM_Rev_Park</STRONG> (Thumb, 48 bytes, Stack size 16 bytes, mc_math.o(i.MCM_Rev_Park))
<BR><BR>[Stack]<UL><LI>Max Depth = 24<LI>Call Chain = MCM_Rev_Park &rArr; MCM_Trig_Functions
</UL>
<BR>[Calls]<UL><LI><a href="#[93]">&gt;&gt;</a>&nbsp;&nbsp;&nbsp;MCM_Trig_Functions
</UL>
<BR>[Called By]<UL><LI><a href="#[44]">&gt;&gt;</a>&nbsp;&nbsp;&nbsp;TSK_HighFrequencyTask
</UL>

<P><STRONG><a name="[93]"></a>MCM_Trig_Functions</STRONG> (Thumb, 156 bytes, Stack size 8 bytes, mc_math.o(i.MCM_Trig_Functions))
<BR><BR>[Stack]<UL><LI>Max Depth = 8<LI>Call Chain = MCM_Trig_Functions
</UL>
<BR>[Called By]<UL><LI><a href="#[ce]">&gt;&gt;</a>&nbsp;&nbsp;&nbsp;STO_PLL_CalcElAngle
<LI><a href="#[94]">&gt;&gt;</a>&nbsp;&nbsp;&nbsp;MCM_Rev_Park
<LI><a href="#[92]">&gt;&gt;</a>&nbsp;&nbsp;&nbsp;MCM_Park
</UL>

<P><STRONG><a name="[95]"></a>MCP_Init</STRONG> (Thumb, 68 bytes, Stack size 40 bytes, motor_control_protocol.o(i.MCP_Init))
<BR><BR>[Stack]<UL><LI>Max Depth = 44<LI>Call Chain = MCP_Init &rArr; FCP_SetClient
</UL>
<BR>[Calls]<UL><LI><a href="#[96]">&gt;&gt;</a>&nbsp;&nbsp;&nbsp;FCP_SetClient
</UL>
<BR>[Called By]<UL><LI><a href="#[bf]">&gt;&gt;</a>&nbsp;&nbsp;&nbsp;UI_TaskInit
</UL>

<P><STRONG><a name="[2d]"></a>MCP_OnTimeOut</STRONG> (Thumb, 24 bytes, Stack size 8 bytes, motor_control_protocol.o(i.MCP_OnTimeOut))
<BR><BR>[Stack]<UL><LI>Max Depth = 8<LI>Call Chain = MCP_OnTimeOut
</UL>
<BR>[Address Reference Count : 1]<UL><LI> motor_control_protocol.o(i.MCP_Init)
</UL>
<P><STRONG><a name="[2e]"></a>MCP_ReceivedFrame</STRONG> (Thumb, 1528 bytes, Stack size 144 bytes, motor_control_protocol.o(i.MCP_ReceivedFrame))
<BR><BR>[Stack]<UL><LI>Max Depth = 212<LI>Call Chain = MCP_ReceivedFrame &rArr; UI_GetReg &rArr; SPD_GetS16Speed &rArr; __aeabi_idivmod &rArr; __aeabi_uidivmod
</UL>
<BR>[Calls]<UL><LI><a href="#[9c]">&gt;&gt;</a>&nbsp;&nbsp;&nbsp;UI_SetRevupData
<LI><a href="#[97]">&gt;&gt;</a>&nbsp;&nbsp;&nbsp;UI_SetReg
<LI><a href="#[9d]">&gt;&gt;</a>&nbsp;&nbsp;&nbsp;UI_SetCurrentReferences
<LI><a href="#[9b]">&gt;&gt;</a>&nbsp;&nbsp;&nbsp;UI_GetRevupData
<LI><a href="#[98]">&gt;&gt;</a>&nbsp;&nbsp;&nbsp;UI_GetReg
<LI><a href="#[9e]">&gt;&gt;</a>&nbsp;&nbsp;&nbsp;UI_GetMPInfo
<LI><a href="#[9a]">&gt;&gt;</a>&nbsp;&nbsp;&nbsp;UI_ExecSpeedRamp
<LI><a href="#[99]">&gt;&gt;</a>&nbsp;&nbsp;&nbsp;UI_ExecCmd
<LI><a href="#[37]">&gt;&gt;</a>&nbsp;&nbsp;&nbsp;__aeabi_idivmod
</UL>
<BR>[Address Reference Count : 1]<UL><LI> motor_control_protocol.o(i.MCP_Init)
</UL>
<P><STRONG><a name="[2f]"></a>MCP_SentFrame</STRONG> (Thumb, 24 bytes, Stack size 8 bytes, motor_control_protocol.o(i.MCP_SentFrame))
<BR><BR>[Stack]<UL><LI>Max Depth = 8<LI>Call Chain = MCP_SentFrame
</UL>
<BR>[Address Reference Count : 1]<UL><LI> motor_control_protocol.o(i.MCP_Init)
</UL>
<P><STRONG><a name="[9f]"></a>MC_GetMecSpeedAverageMotor1</STRONG> (Thumb, 12 bytes, Stack size 8 bytes, mc_api.o(i.MC_GetMecSpeedAverageMotor1))
<BR><BR>[Stack]<UL><LI>Max Depth = 16<LI>Call Chain = MC_GetMecSpeedAverageMotor1 &rArr; MCI_GetAvrgMecSpeed01Hz
</UL>
<BR>[Calls]<UL><LI><a href="#[87]">&gt;&gt;</a>&nbsp;&nbsp;&nbsp;MCI_GetAvrgMecSpeed01Hz
</UL>
<BR>[Called By]<UL><LI><a href="#[2a]">&gt;&gt;</a>&nbsp;&nbsp;&nbsp;main
</UL>

<P><STRONG><a name="[a0]"></a>MC_Scheduler</STRONG> (Thumb, 644 bytes, Stack size 24 bytes, mc_tasks.o(i.MC_Scheduler))
<BR><BR>[Stack]<UL><LI>Max Depth = 140<LI>Call Chain = MC_Scheduler &rArr; STO_PLL_CalcAvrgMecSpeed01Hz &rArr; __aeabi_idivmod &rArr; __aeabi_uidivmod
</UL>
<BR>[Calls]<UL><LI><a href="#[ab]">&gt;&gt;</a>&nbsp;&nbsp;&nbsp;as5048a_enc_calibrate
<LI><a href="#[a2]">&gt;&gt;</a>&nbsp;&nbsp;&nbsp;as5048_CalcAvrgMecSpeed01Hz
<LI><a href="#[a9]">&gt;&gt;</a>&nbsp;&nbsp;&nbsp;STO_PLL_Clear
<LI><a href="#[a1]">&gt;&gt;</a>&nbsp;&nbsp;&nbsp;STO_PLL_CalcAvrgMecSpeed01Hz
<LI><a href="#[83]">&gt;&gt;</a>&nbsp;&nbsp;&nbsp;STM_NextState
<LI><a href="#[8d]">&gt;&gt;</a>&nbsp;&nbsp;&nbsp;STM_GetState
<LI><a href="#[aa]">&gt;&gt;</a>&nbsp;&nbsp;&nbsp;STC_SetSpeedSensor
<LI><a href="#[4a]">&gt;&gt;</a>&nbsp;&nbsp;&nbsp;STC_SetControlMode
<LI><a href="#[ad]">&gt;&gt;</a>&nbsp;&nbsp;&nbsp;STC_ForceSpeedReferenceToCurrentSpeed
<LI><a href="#[ac]">&gt;&gt;</a>&nbsp;&nbsp;&nbsp;STC_CalcTorqueReference
<LI><a href="#[a7]">&gt;&gt;</a>&nbsp;&nbsp;&nbsp;PWMC_CurrentReadingCalibr
<LI><a href="#[a3]">&gt;&gt;</a>&nbsp;&nbsp;&nbsp;PQD_CalcElMotorPower
<LI><a href="#[ae]">&gt;&gt;</a>&nbsp;&nbsp;&nbsp;MPM_Clear
<LI><a href="#[84]">&gt;&gt;</a>&nbsp;&nbsp;&nbsp;MCI_ExecBufferedCommands
<LI><a href="#[a8]">&gt;&gt;</a>&nbsp;&nbsp;&nbsp;ENC_Clear
<LI><a href="#[47]">&gt;&gt;</a>&nbsp;&nbsp;&nbsp;EAC_StartAlignment
<LI><a href="#[a5]">&gt;&gt;</a>&nbsp;&nbsp;&nbsp;EAC_SetRestartState
<LI><a href="#[a6]">&gt;&gt;</a>&nbsp;&nbsp;&nbsp;EAC_IsAligned
<LI><a href="#[a4]">&gt;&gt;</a>&nbsp;&nbsp;&nbsp;EAC_GetRestartState
<LI><a href="#[45]">&gt;&gt;</a>&nbsp;&nbsp;&nbsp;EAC_Exec
<LI><a href="#[4d]">&gt;&gt;</a>&nbsp;&nbsp;&nbsp;FOC_Clear
<LI><a href="#[4]">&gt;&gt;</a>&nbsp;&nbsp;&nbsp;R3F0XX_TurnOnLowSides
<LI><a href="#[2]">&gt;&gt;</a>&nbsp;&nbsp;&nbsp;R3F0XX_SwitchOnPWM
<LI><a href="#[1]">&gt;&gt;</a>&nbsp;&nbsp;&nbsp;R3F0XX_SwitchOffPWM
</UL>
<BR>[Called By]<UL><LI><a href="#[d3]">&gt;&gt;</a>&nbsp;&nbsp;&nbsp;TB_Scheduler
</UL>

<P><STRONG><a name="[af]"></a>MCboot</STRONG> (Thumb, 332 bytes, Stack size 32 bytes, mc_tasks.o(i.MCboot))
<BR><BR>[Stack]<UL><LI>Max Depth = 84<LI>Call Chain = MCboot &rArr; STO_PLL_Init &rArr; __aeabi_idivmod &rArr; __aeabi_uidivmod
</UL>
<BR>[Calls]<UL><LI><a href="#[bc]">&gt;&gt;</a>&nbsp;&nbsp;&nbsp;MCI_ExecSpeedRamp
<LI><a href="#[b7]">&gt;&gt;</a>&nbsp;&nbsp;&nbsp;VVBS_Init
<LI><a href="#[b6]">&gt;&gt;</a>&nbsp;&nbsp;&nbsp;VSS_Init
<LI><a href="#[b5]">&gt;&gt;</a>&nbsp;&nbsp;&nbsp;STO_PLL_Init
<LI><a href="#[b1]">&gt;&gt;</a>&nbsp;&nbsp;&nbsp;STM_Init
<LI><a href="#[b4]">&gt;&gt;</a>&nbsp;&nbsp;&nbsp;STC_Init
<LI><a href="#[bb]">&gt;&gt;</a>&nbsp;&nbsp;&nbsp;STC_GetMecSpeedRef01HzDefault
<LI><a href="#[81]">&gt;&gt;</a>&nbsp;&nbsp;&nbsp;STC_GetDefaultIqdref
<LI><a href="#[b9]">&gt;&gt;</a>&nbsp;&nbsp;&nbsp;REMNG_Init
<LI><a href="#[b0]">&gt;&gt;</a>&nbsp;&nbsp;&nbsp;R3F0XX_Init
<LI><a href="#[b2]">&gt;&gt;</a>&nbsp;&nbsp;&nbsp;PID_HandleInit
<LI><a href="#[b8]">&gt;&gt;</a>&nbsp;&nbsp;&nbsp;NTC_Init
<LI><a href="#[ba]">&gt;&gt;</a>&nbsp;&nbsp;&nbsp;MCI_Init
<LI><a href="#[4c]">&gt;&gt;</a>&nbsp;&nbsp;&nbsp;ENC_Init
<LI><a href="#[b3]">&gt;&gt;</a>&nbsp;&nbsp;&nbsp;EAC_Init
<LI><a href="#[4d]">&gt;&gt;</a>&nbsp;&nbsp;&nbsp;FOC_Clear
</UL>
<BR>[Called By]<UL><LI><a href="#[bd]">&gt;&gt;</a>&nbsp;&nbsp;&nbsp;MX_MotorControl_Init
</UL>

<P><STRONG><a name="[c3]"></a>MPM_CalcElMotorPower</STRONG> (Thumb, 62 bytes, Stack size 8 bytes, motor_power_measurement.o(i.MPM_CalcElMotorPower))
<BR><BR>[Stack]<UL><LI>Max Depth = 8<LI>Call Chain = MPM_CalcElMotorPower
</UL>
<BR>[Called By]<UL><LI><a href="#[a3]">&gt;&gt;</a>&nbsp;&nbsp;&nbsp;PQD_CalcElMotorPower
</UL>

<P><STRONG><a name="[ae]"></a>MPM_Clear</STRONG> (Thumb, 24 bytes, Stack size 8 bytes, motor_power_measurement.o(i.MPM_Clear))
<BR><BR>[Stack]<UL><LI>Max Depth = 8<LI>Call Chain = MPM_Clear
</UL>
<BR>[Calls]<UL><LI><a href="#[39]">&gt;&gt;</a>&nbsp;&nbsp;&nbsp;__aeabi_memclr
</UL>
<BR>[Called By]<UL><LI><a href="#[d7]">&gt;&gt;</a>&nbsp;&nbsp;&nbsp;TSK_SafetyTask
<LI><a href="#[a0]">&gt;&gt;</a>&nbsp;&nbsp;&nbsp;MC_Scheduler
</UL>

<P><STRONG><a name="[f7]"></a>MPM_GetAvrgElMotorPowerW</STRONG> (Thumb, 8 bytes, Stack size 0 bytes, motor_power_measurement.o(i.MPM_GetAvrgElMotorPowerW))
<BR><BR>[Called By]<UL><LI><a href="#[98]">&gt;&gt;</a>&nbsp;&nbsp;&nbsp;UI_GetReg
</UL>

<P><STRONG><a name="[bd]"></a>MX_MotorControl_Init</STRONG> (Thumb, 48 bytes, Stack size 8 bytes, motorcontrol.o(i.MX_MotorControl_Init))
<BR><BR>[Stack]<UL><LI>Max Depth = 100<LI>Call Chain = MX_MotorControl_Init &rArr; UI_TaskInit &rArr; MCP_Init &rArr; FCP_SetClient
</UL>
<BR>[Calls]<UL><LI><a href="#[be]">&gt;&gt;</a>&nbsp;&nbsp;&nbsp;mc_lock_pins
<LI><a href="#[bf]">&gt;&gt;</a>&nbsp;&nbsp;&nbsp;UI_TaskInit
<LI><a href="#[af]">&gt;&gt;</a>&nbsp;&nbsp;&nbsp;MCboot
<LI><a href="#[5d]">&gt;&gt;</a>&nbsp;&nbsp;&nbsp;HAL_SYSTICK_Config
<LI><a href="#[5c]">&gt;&gt;</a>&nbsp;&nbsp;&nbsp;HAL_RCC_GetHCLKFreq
<LI><a href="#[38]">&gt;&gt;</a>&nbsp;&nbsp;&nbsp;__aeabi_uidivmod
</UL>
<BR>[Called By]<UL><LI><a href="#[2a]">&gt;&gt;</a>&nbsp;&nbsp;&nbsp;main
</UL>

<P><STRONG><a name="[c0]"></a>NTC_CalcAvTemp</STRONG> (Thumb, 80 bytes, Stack size 8 bytes, ntc_temperature_sensor.o(i.NTC_CalcAvTemp))
<BR><BR>[Stack]<UL><LI>Max Depth = 20<LI>Call Chain = NTC_CalcAvTemp &rArr; __aeabi_uidivmod
</UL>
<BR>[Calls]<UL><LI><a href="#[c1]">&gt;&gt;</a>&nbsp;&nbsp;&nbsp;PWMC_ExecRegularConv
<LI><a href="#[38]">&gt;&gt;</a>&nbsp;&nbsp;&nbsp;__aeabi_uidivmod
</UL>
<BR>[Called By]<UL><LI><a href="#[d7]">&gt;&gt;</a>&nbsp;&nbsp;&nbsp;TSK_SafetyTask
</UL>

<P><STRONG><a name="[f6]"></a>NTC_GetAvTemp_C</STRONG> (Thumb, 38 bytes, Stack size 0 bytes, ntc_temperature_sensor.o(i.NTC_GetAvTemp_C))
<BR><BR>[Called By]<UL><LI><a href="#[98]">&gt;&gt;</a>&nbsp;&nbsp;&nbsp;UI_GetReg
</UL>

<P><STRONG><a name="[b8]"></a>NTC_Init</STRONG> (Thumb, 22 bytes, Stack size 0 bytes, ntc_temperature_sensor.o(i.NTC_Init))
<BR><BR>[Called By]<UL><LI><a href="#[af]">&gt;&gt;</a>&nbsp;&nbsp;&nbsp;MCboot
</UL>

<P><STRONG><a name="[f3]"></a>PID_GetKD</STRONG> (Thumb, 8 bytes, Stack size 0 bytes, pid_regulator.o(i.PID_GetKD))
<BR><BR>[Called By]<UL><LI><a href="#[98]">&gt;&gt;</a>&nbsp;&nbsp;&nbsp;UI_GetReg
</UL>

<P><STRONG><a name="[cc]"></a>PID_GetKI</STRONG> (Thumb, 8 bytes, Stack size 0 bytes, pid_regulator.o(i.PID_GetKI))
<BR><BR>[Called By]<UL><LI><a href="#[ca]">&gt;&gt;</a>&nbsp;&nbsp;&nbsp;STO_GetPLLGains
<LI><a href="#[98]">&gt;&gt;</a>&nbsp;&nbsp;&nbsp;UI_GetReg
</UL>

<P><STRONG><a name="[f2]"></a>PID_GetKIDivisor</STRONG> (Thumb, 4 bytes, Stack size 0 bytes, pid_regulator.o(i.PID_GetKIDivisor))
<BR><BR>[Called By]<UL><LI><a href="#[98]">&gt;&gt;</a>&nbsp;&nbsp;&nbsp;UI_GetReg
</UL>

<P><STRONG><a name="[cb]"></a>PID_GetKP</STRONG> (Thumb, 8 bytes, Stack size 0 bytes, pid_regulator.o(i.PID_GetKP))
<BR><BR>[Called By]<UL><LI><a href="#[ca]">&gt;&gt;</a>&nbsp;&nbsp;&nbsp;STO_GetPLLGains
<LI><a href="#[98]">&gt;&gt;</a>&nbsp;&nbsp;&nbsp;UI_GetReg
</UL>

<P><STRONG><a name="[f1]"></a>PID_GetKPDivisor</STRONG> (Thumb, 4 bytes, Stack size 0 bytes, pid_regulator.o(i.PID_GetKPDivisor))
<BR><BR>[Called By]<UL><LI><a href="#[98]">&gt;&gt;</a>&nbsp;&nbsp;&nbsp;UI_GetReg
</UL>

<P><STRONG><a name="[b2]"></a>PID_HandleInit</STRONG> (Thumb, 20 bytes, Stack size 0 bytes, pid_regulator.o(i.PID_HandleInit))
<BR><BR>[Called By]<UL><LI><a href="#[af]">&gt;&gt;</a>&nbsp;&nbsp;&nbsp;MCboot
<LI><a href="#[b5]">&gt;&gt;</a>&nbsp;&nbsp;&nbsp;STO_PLL_Init
</UL>

<P><STRONG><a name="[4e]"></a>PID_SetIntegralTerm</STRONG> (Thumb, 4 bytes, Stack size 0 bytes, pid_regulator.o(i.PID_SetIntegralTerm))
<BR><BR>[Called By]<UL><LI><a href="#[b5]">&gt;&gt;</a>&nbsp;&nbsp;&nbsp;STO_PLL_Init
<LI><a href="#[a9]">&gt;&gt;</a>&nbsp;&nbsp;&nbsp;STO_PLL_Clear
<LI><a href="#[4f]">&gt;&gt;</a>&nbsp;&nbsp;&nbsp;STC_Clear
<LI><a href="#[4d]">&gt;&gt;</a>&nbsp;&nbsp;&nbsp;FOC_Clear
</UL>

<P><STRONG><a name="[10a]"></a>PID_SetKD</STRONG> (Thumb, 4 bytes, Stack size 0 bytes, pid_regulator.o(i.PID_SetKD))
<BR><BR>[Called By]<UL><LI><a href="#[97]">&gt;&gt;</a>&nbsp;&nbsp;&nbsp;UI_SetReg
</UL>

<P><STRONG><a name="[d1]"></a>PID_SetKI</STRONG> (Thumb, 4 bytes, Stack size 0 bytes, pid_regulator.o(i.PID_SetKI))
<BR><BR>[Called By]<UL><LI><a href="#[cf]">&gt;&gt;</a>&nbsp;&nbsp;&nbsp;STO_SetPLLGains
<LI><a href="#[97]">&gt;&gt;</a>&nbsp;&nbsp;&nbsp;UI_SetReg
</UL>

<P><STRONG><a name="[d0]"></a>PID_SetKP</STRONG> (Thumb, 4 bytes, Stack size 0 bytes, pid_regulator.o(i.PID_SetKP))
<BR><BR>[Called By]<UL><LI><a href="#[cf]">&gt;&gt;</a>&nbsp;&nbsp;&nbsp;STO_SetPLLGains
<LI><a href="#[97]">&gt;&gt;</a>&nbsp;&nbsp;&nbsp;UI_SetReg
</UL>

<P><STRONG><a name="[c9]"></a>PI_Controller</STRONG> (Thumb, 122 bytes, Stack size 16 bytes, pid_regulator.o(i.PI_Controller))
<BR><BR>[Stack]<UL><LI>Max Depth = 16<LI>Call Chain = PI_Controller
</UL>
<BR>[Called By]<UL><LI><a href="#[ce]">&gt;&gt;</a>&nbsp;&nbsp;&nbsp;STO_PLL_CalcElAngle
<LI><a href="#[ac]">&gt;&gt;</a>&nbsp;&nbsp;&nbsp;STC_CalcTorqueReference
<LI><a href="#[44]">&gt;&gt;</a>&nbsp;&nbsp;&nbsp;TSK_HighFrequencyTask
</UL>

<P><STRONG><a name="[a3]"></a>PQD_CalcElMotorPower</STRONG> (Thumb, 104 bytes, Stack size 16 bytes, pqd_motor_power_measurement.o(i.PQD_CalcElMotorPower))
<BR><BR>[Stack]<UL><LI>Max Depth = 44<LI>Call Chain = PQD_CalcElMotorPower &rArr; __aeabi_idivmod &rArr; __aeabi_uidivmod
</UL>
<BR>[Calls]<UL><LI><a href="#[c2]">&gt;&gt;</a>&nbsp;&nbsp;&nbsp;VBS_GetAvBusVoltage_V
<LI><a href="#[c3]">&gt;&gt;</a>&nbsp;&nbsp;&nbsp;MPM_CalcElMotorPower
<LI><a href="#[37]">&gt;&gt;</a>&nbsp;&nbsp;&nbsp;__aeabi_idivmod
</UL>
<BR>[Called By]<UL><LI><a href="#[a0]">&gt;&gt;</a>&nbsp;&nbsp;&nbsp;MC_Scheduler
</UL>

<P><STRONG><a name="[e5]"></a>PWMC_CheckOverCurrent</STRONG> (Thumb, 4 bytes, Stack size 0 bytes, pwm_curr_fdbk.o(i.PWMC_CheckOverCurrent))
<BR><BR>[Called By]<UL><LI><a href="#[d7]">&gt;&gt;</a>&nbsp;&nbsp;&nbsp;TSK_SafetyTask
</UL>

<P><STRONG><a name="[a7]"></a>PWMC_CurrentReadingCalibr</STRONG> (Thumb, 66 bytes, Stack size 16 bytes, pwm_curr_fdbk.o(i.PWMC_CurrentReadingCalibr))
<BR><BR>[Stack]<UL><LI>Max Depth = 16<LI>Call Chain = PWMC_CurrentReadingCalibr
</UL>
<BR>[Called By]<UL><LI><a href="#[a0]">&gt;&gt;</a>&nbsp;&nbsp;&nbsp;MC_Scheduler
</UL>

<P><STRONG><a name="[c1]"></a>PWMC_ExecRegularConv</STRONG> (Thumb, 4 bytes, Stack size 0 bytes, pwm_curr_fdbk.o(i.PWMC_ExecRegularConv))
<BR><BR>[Called By]<UL><LI><a href="#[c0]">&gt;&gt;</a>&nbsp;&nbsp;&nbsp;NTC_CalcAvTemp
<LI><a href="#[d7]">&gt;&gt;</a>&nbsp;&nbsp;&nbsp;TSK_SafetyTask
</UL>

<P><STRONG><a name="[df]"></a>PWMC_GetPhaseCurrents</STRONG> (Thumb, 4 bytes, Stack size 0 bytes, pwm_curr_fdbk.o(i.PWMC_GetPhaseCurrents))
<BR><BR>[Called By]<UL><LI><a href="#[44]">&gt;&gt;</a>&nbsp;&nbsp;&nbsp;TSK_HighFrequencyTask
</UL>

<P><STRONG><a name="[e2]"></a>PWMC_SetPhaseVoltage</STRONG> (Thumb, 378 bytes, Stack size 16 bytes, pwm_curr_fdbk.o(i.PWMC_SetPhaseVoltage))
<BR><BR>[Stack]<UL><LI>Max Depth = 16<LI>Call Chain = PWMC_SetPhaseVoltage
</UL>
<BR>[Called By]<UL><LI><a href="#[44]">&gt;&gt;</a>&nbsp;&nbsp;&nbsp;TSK_HighFrequencyTask
</UL>

<P><STRONG><a name="[50]"></a>PWMC_SwitchOffPWM</STRONG> (Thumb, 4 bytes, Stack size 0 bytes, pwm_curr_fdbk.o(i.PWMC_SwitchOffPWM))
<BR><BR>[Called By]<UL><LI><a href="#[d7]">&gt;&gt;</a>&nbsp;&nbsp;&nbsp;TSK_SafetyTask
<LI><a href="#[4d]">&gt;&gt;</a>&nbsp;&nbsp;&nbsp;FOC_Clear
</UL>

<P><STRONG><a name="[5]"></a>R3F0XX_ADC_SetSamplingTime</STRONG> (Thumb, 20 bytes, Stack size 0 bytes, r3_f0xx_pwm_curr_fdbk.o(i.R3F0XX_ADC_SetSamplingTime))
<BR>[Address Reference Count : 1]<UL><LI> mc_config.o(.data)
</UL>
<P><STRONG><a name="[3]"></a>R3F0XX_CurrentReadingCalibration</STRONG> (Thumb, 432 bytes, Stack size 20 bytes, r3_f0xx_pwm_curr_fdbk.o(i.R3F0XX_CurrentReadingCalibration))
<BR><BR>[Stack]<UL><LI>Max Depth = 36<LI>Call Chain = R3F0XX_CurrentReadingCalibration &rArr; R3F0XX_SwitchOnPWM
</UL>
<BR>[Calls]<UL><LI><a href="#[2]">&gt;&gt;</a>&nbsp;&nbsp;&nbsp;R3F0XX_SwitchOnPWM
</UL>
<BR>[Address Reference Count : 1]<UL><LI> mc_config.o(.data)
</UL>
<P><STRONG><a name="[c]"></a>R3F0XX_ExecRegularConv</STRONG> (Thumb, 154 bytes, Stack size 12 bytes, r3_f0xx_pwm_curr_fdbk.o(i.R3F0XX_ExecRegularConv))
<BR><BR>[Stack]<UL><LI>Max Depth = 12<LI>Call Chain = R3F0XX_ExecRegularConv
</UL>
<BR>[Address Reference Count : 1]<UL><LI> mc_config.o(.data)
</UL>
<P><STRONG><a name="[0]"></a>R3F0XX_GetPhaseCurrents</STRONG> (Thumb, 368 bytes, Stack size 16 bytes, r3_f0xx_pwm_curr_fdbk.o(i.R3F0XX_GetPhaseCurrents))
<BR><BR>[Stack]<UL><LI>Max Depth = 16<LI>Call Chain = R3F0XX_GetPhaseCurrents
</UL>
<BR>[Address Reference Count : 2]<UL><LI> mc_config.o(.data)
<LI> r3_f0xx_pwm_curr_fdbk.o(i.R3F0XX_CurrentReadingCalibration)
</UL>
<P><STRONG><a name="[b0]"></a>R3F0XX_Init</STRONG> (Thumb, 260 bytes, Stack size 16 bytes, r3_f0xx_pwm_curr_fdbk.o(i.R3F0XX_Init))
<BR><BR>[Stack]<UL><LI>Max Depth = 16<LI>Call Chain = R3F0XX_Init
</UL>
<BR>[Called By]<UL><LI><a href="#[af]">&gt;&gt;</a>&nbsp;&nbsp;&nbsp;MCboot
</UL>

<P><STRONG><a name="[d]"></a>R3F0XX_IsOverCurrentOccurred</STRONG> (Thumb, 32 bytes, Stack size 0 bytes, r3_f0xx_pwm_curr_fdbk.o(i.R3F0XX_IsOverCurrentOccurred))
<BR>[Address Reference Count : 1]<UL><LI> mc_config.o(.data)
</UL>
<P><STRONG><a name="[31]"></a>R3F0XX_SetADCSampPointCalibration</STRONG> (Thumb, 142 bytes, Stack size 24 bytes, r3_f0xx_pwm_curr_fdbk.o(i.R3F0XX_SetADCSampPointCalibration))
<BR><BR>[Stack]<UL><LI>Max Depth = 40<LI>Call Chain = R3F0XX_SetADCSampPointCalibration &rArr; R3F0XX_WriteTIMRegisters
</UL>
<BR>[Calls]<UL><LI><a href="#[c4]">&gt;&gt;</a>&nbsp;&nbsp;&nbsp;R3F0XX_WriteTIMRegisters
</UL>
<BR>[Address Reference Count : 1]<UL><LI> r3_f0xx_pwm_curr_fdbk.o(i.R3F0XX_CurrentReadingCalibration)
</UL>
<P><STRONG><a name="[6]"></a>R3F0XX_SetADCSampPointSect1</STRONG> (Thumb, 196 bytes, Stack size 24 bytes, r3_f0xx_pwm_curr_fdbk.o(i.R3F0XX_SetADCSampPointSect1))
<BR><BR>[Stack]<UL><LI>Max Depth = 40<LI>Call Chain = R3F0XX_SetADCSampPointSect1 &rArr; R3F0XX_WriteTIMRegisters
</UL>
<BR>[Calls]<UL><LI><a href="#[c4]">&gt;&gt;</a>&nbsp;&nbsp;&nbsp;R3F0XX_WriteTIMRegisters
<LI><a href="#[c5]">&gt;&gt;</a>&nbsp;&nbsp;&nbsp;R3F0XX_ADC_DMA_Config_AB
</UL>
<BR>[Address Reference Count : 2]<UL><LI> mc_config.o(.data)
<LI> r3_f0xx_pwm_curr_fdbk.o(i.R3F0XX_CurrentReadingCalibration)
</UL>
<P><STRONG><a name="[7]"></a>R3F0XX_SetADCSampPointSect2</STRONG> (Thumb, 196 bytes, Stack size 24 bytes, r3_f0xx_pwm_curr_fdbk.o(i.R3F0XX_SetADCSampPointSect2))
<BR><BR>[Stack]<UL><LI>Max Depth = 40<LI>Call Chain = R3F0XX_SetADCSampPointSect2 &rArr; R3F0XX_WriteTIMRegisters
</UL>
<BR>[Calls]<UL><LI><a href="#[c4]">&gt;&gt;</a>&nbsp;&nbsp;&nbsp;R3F0XX_WriteTIMRegisters
<LI><a href="#[c5]">&gt;&gt;</a>&nbsp;&nbsp;&nbsp;R3F0XX_ADC_DMA_Config_AB
</UL>
<BR>[Address Reference Count : 2]<UL><LI> mc_config.o(.data)
<LI> r3_f0xx_pwm_curr_fdbk.o(i.R3F0XX_CurrentReadingCalibration)
</UL>
<P><STRONG><a name="[8]"></a>R3F0XX_SetADCSampPointSect3</STRONG> (Thumb, 196 bytes, Stack size 24 bytes, r3_f0xx_pwm_curr_fdbk.o(i.R3F0XX_SetADCSampPointSect3))
<BR><BR>[Stack]<UL><LI>Max Depth = 40<LI>Call Chain = R3F0XX_SetADCSampPointSect3 &rArr; R3F0XX_WriteTIMRegisters
</UL>
<BR>[Calls]<UL><LI><a href="#[c4]">&gt;&gt;</a>&nbsp;&nbsp;&nbsp;R3F0XX_WriteTIMRegisters
<LI><a href="#[c5]">&gt;&gt;</a>&nbsp;&nbsp;&nbsp;R3F0XX_ADC_DMA_Config_AB
</UL>
<BR>[Address Reference Count : 2]<UL><LI> mc_config.o(.data)
<LI> r3_f0xx_pwm_curr_fdbk.o(i.R3F0XX_CurrentReadingCalibration)
</UL>
<P><STRONG><a name="[9]"></a>R3F0XX_SetADCSampPointSect4</STRONG> (Thumb, 110 bytes, Stack size 24 bytes, r3_f0xx_pwm_curr_fdbk.o(i.R3F0XX_SetADCSampPointSect4))
<BR><BR>[Stack]<UL><LI>Max Depth = 40<LI>Call Chain = R3F0XX_SetADCSampPointSect4 &rArr; R3F0XX_WriteTIMRegisters
</UL>
<BR>[Calls]<UL><LI><a href="#[c4]">&gt;&gt;</a>&nbsp;&nbsp;&nbsp;R3F0XX_WriteTIMRegisters
<LI><a href="#[c5]">&gt;&gt;</a>&nbsp;&nbsp;&nbsp;R3F0XX_ADC_DMA_Config_AB
</UL>
<BR>[Address Reference Count : 2]<UL><LI> mc_config.o(.data)
<LI> r3_f0xx_pwm_curr_fdbk.o(i.R3F0XX_CurrentReadingCalibration)
</UL>
<P><STRONG><a name="[a]"></a>R3F0XX_SetADCSampPointSect5</STRONG> (Thumb, 110 bytes, Stack size 24 bytes, r3_f0xx_pwm_curr_fdbk.o(i.R3F0XX_SetADCSampPointSect5))
<BR><BR>[Stack]<UL><LI>Max Depth = 40<LI>Call Chain = R3F0XX_SetADCSampPointSect5 &rArr; R3F0XX_WriteTIMRegisters
</UL>
<BR>[Calls]<UL><LI><a href="#[c4]">&gt;&gt;</a>&nbsp;&nbsp;&nbsp;R3F0XX_WriteTIMRegisters
<LI><a href="#[c5]">&gt;&gt;</a>&nbsp;&nbsp;&nbsp;R3F0XX_ADC_DMA_Config_AB
</UL>
<BR>[Address Reference Count : 2]<UL><LI> mc_config.o(.data)
<LI> r3_f0xx_pwm_curr_fdbk.o(i.R3F0XX_CurrentReadingCalibration)
</UL>
<P><STRONG><a name="[b]"></a>R3F0XX_SetADCSampPointSect6</STRONG> (Thumb, 196 bytes, Stack size 24 bytes, r3_f0xx_pwm_curr_fdbk.o(i.R3F0XX_SetADCSampPointSect6))
<BR><BR>[Stack]<UL><LI>Max Depth = 40<LI>Call Chain = R3F0XX_SetADCSampPointSect6 &rArr; R3F0XX_WriteTIMRegisters
</UL>
<BR>[Calls]<UL><LI><a href="#[c4]">&gt;&gt;</a>&nbsp;&nbsp;&nbsp;R3F0XX_WriteTIMRegisters
<LI><a href="#[c5]">&gt;&gt;</a>&nbsp;&nbsp;&nbsp;R3F0XX_ADC_DMA_Config_AB
</UL>
<BR>[Address Reference Count : 2]<UL><LI> mc_config.o(.data)
<LI> r3_f0xx_pwm_curr_fdbk.o(i.R3F0XX_CurrentReadingCalibration)
</UL>
<P><STRONG><a name="[1]"></a>R3F0XX_SwitchOffPWM</STRONG> (Thumb, 116 bytes, Stack size 8 bytes, r3_f0xx_pwm_curr_fdbk.o(i.R3F0XX_SwitchOffPWM))
<BR><BR>[Stack]<UL><LI>Max Depth = 8<LI>Call Chain = R3F0XX_SwitchOffPWM
</UL>
<BR>[Called By]<UL><LI><a href="#[a0]">&gt;&gt;</a>&nbsp;&nbsp;&nbsp;MC_Scheduler
</UL>
<BR>[Address Reference Count : 1]<UL><LI> mc_config.o(.data)
</UL>
<P><STRONG><a name="[2]"></a>R3F0XX_SwitchOnPWM</STRONG> (Thumb, 438 bytes, Stack size 16 bytes, r3_f0xx_pwm_curr_fdbk.o(i.R3F0XX_SwitchOnPWM))
<BR><BR>[Stack]<UL><LI>Max Depth = 16<LI>Call Chain = R3F0XX_SwitchOnPWM
</UL>
<BR>[Called By]<UL><LI><a href="#[a0]">&gt;&gt;</a>&nbsp;&nbsp;&nbsp;MC_Scheduler
<LI><a href="#[3]">&gt;&gt;</a>&nbsp;&nbsp;&nbsp;R3F0XX_CurrentReadingCalibration
</UL>
<BR>[Address Reference Count : 1]<UL><LI> mc_config.o(.data)
</UL>
<P><STRONG><a name="[4]"></a>R3F0XX_TurnOnLowSides</STRONG> (Thumb, 72 bytes, Stack size 0 bytes, r3_f0xx_pwm_curr_fdbk.o(i.R3F0XX_TurnOnLowSides))
<BR><BR>[Called By]<UL><LI><a href="#[a0]">&gt;&gt;</a>&nbsp;&nbsp;&nbsp;MC_Scheduler
</UL>
<BR>[Address Reference Count : 1]<UL><LI> mc_config.o(.data)
</UL>
[...]
<BR><BR>[Stack]<UL><LI>Max Depth = 68<LI>Call Chain = UI_GetReg &rArr; SPD_GetS16Speed &rArr; __aeabi_idivmod &rArr; __aeabi_uidivmod
</UL>
<BR>[Calls]<UL><LI><a href="#[fc]">&gt;&gt;</a>&nbsp;&nbsp;&nbsp;MCI_GetVqd
<LI><a href="#[fd]">&gt;&gt;</a>&nbsp;&nbsp;&nbsp;MCI_GetValphabeta
<LI><a href="#[8a]">&gt;&gt;</a>&nbsp;&nbsp;&nbsp;MCI_GetMecSpeedRef01Hz
<LI><a href="#[103]">&gt;&gt;</a>&nbsp;&nbsp;&nbsp;MCI_GetLastRampFinalSpeed
<LI><a href="#[f4]">&gt;&gt;</a>&nbsp;&nbsp;&nbsp;MCI_GetIqdref
<LI><a href="#[f8]">&gt;&gt;</a>&nbsp;&nbsp;&nbsp;MCI_GetIqd
<LI><a href="#[fb]">&gt;&gt;</a>&nbsp;&nbsp;&nbsp;MCI_GetIalphabeta
<LI><a href="#[fa]">&gt;&gt;</a>&nbsp;&nbsp;&nbsp;MCI_GetIab
<LI><a href="#[f0]">&gt;&gt;</a>&nbsp;&nbsp;&nbsp;MCI_GetControlMode
<LI><a href="#[87]">&gt;&gt;</a>&nbsp;&nbsp;&nbsp;MCI_GetAvrgMecSpeed01Hz
<LI><a href="#[c2]">&gt;&gt;</a>&nbsp;&nbsp;&nbsp;VBS_GetAvBusVoltage_V
<LI><a href="#[f5]">&gt;&gt;</a>&nbsp;&nbsp;&nbsp;STO_PLL_GetObserverGains
<LI><a href="#[102]">&gt;&gt;</a>&nbsp;&nbsp;&nbsp;STO_PLL_GetObservedBemfLevel
<LI><a href="#[fe]">&gt;&gt;</a>&nbsp;&nbsp;&nbsp;STO_PLL_GetEstimatedCurrent
<LI><a href="#[101]">&gt;&gt;</a>&nbsp;&nbsp;&nbsp;STO_PLL_GetEstimatedBemfLevel
<LI><a href="#[ff]">&gt;&gt;</a>&nbsp;&nbsp;&nbsp;STO_PLL_GetEstimatedBemf
<LI><a href="#[ca]">&gt;&gt;</a>&nbsp;&nbsp;&nbsp;STO_GetPLLGains
<LI><a href="#[ef]">&gt;&gt;</a>&nbsp;&nbsp;&nbsp;STM_GetFaultState
<LI><a href="#[100]">&gt;&gt;</a>&nbsp;&nbsp;&nbsp;STC_GetMinAppNegativeMecSpeed01Hz
<LI><a href="#[ee]">&gt;&gt;</a>&nbsp;&nbsp;&nbsp;STC_GetMaxAppPositiveMecSpeed01Hz
<LI><a href="#[c6]">&gt;&gt;</a>&nbsp;&nbsp;&nbsp;SPD_GetS16Speed
<LI><a href="#[f9]">&gt;&gt;</a>&nbsp;&nbsp;&nbsp;RUC_GetNumberOfPhases
<LI><a href="#[f1]">&gt;&gt;</a>&nbsp;&nbsp;&nbsp;PID_GetKPDivisor
<LI><a href="#[cb]">&gt;&gt;</a>&nbsp;&nbsp;&nbsp;PID_GetKP
<LI><a href="#[f2]">&gt;&gt;</a>&nbsp;&nbsp;&nbsp;PID_GetKIDivisor
<LI><a href="#[cc]">&gt;&gt;</a>&nbsp;&nbsp;&nbsp;PID_GetKI
<LI><a href="#[f3]">&gt;&gt;</a>&nbsp;&nbsp;&nbsp;PID_GetKD
<LI><a href="#[f6]">&gt;&gt;</a>&nbsp;&nbsp;&nbsp;NTC_GetAvTemp_C
<LI><a href="#[f7]">&gt;&gt;</a>&nbsp;&nbsp;&nbsp;MPM_GetAvrgElMotorPowerW
<LI><a href="#[8d]">&gt;&gt;</a>&nbsp;&nbsp;&nbsp;STM_GetState
<LI><a href="#[de]">&gt;&gt;</a>&nbsp;&nbsp;&nbsp;SPD_GetElAngle
</UL>
<BR>[Called By]<UL><LI><a href="#[2e]">&gt;&gt;</a>&nbsp;&nbsp;&nbsp;MCP_ReceivedFrame
</UL>

<P><STRONG><a name="[9b]"></a>UI_GetRevupData</STRONG> (Thumb, 66 bytes, Stack size 40 bytes, user_interface.o(i.UI_GetRevupData))
<BR><BR>[Stack]<UL><LI>Max Depth = 40<LI>Call Chain = UI_GetRevupData
</UL>
<BR>[Calls]<UL><LI><a href="#[106]">&gt;&gt;</a>&nbsp;&nbsp;&nbsp;RUC_GetPhaseFinalTorque
<LI><a href="#[105]">&gt;&gt;</a>&nbsp;&nbsp;&nbsp;RUC_GetPhaseFinalMecSpeed01Hz
<LI><a href="#[104]">&gt;&gt;</a>&nbsp;&nbsp;&nbsp;RUC_GetPhaseDurationms
</UL>
<BR>[Called By]<UL><LI><a href="#[2e]">&gt;&gt;</a>&nbsp;&nbsp;&nbsp;MCP_ReceivedFrame
</UL>

<P><STRONG><a name="[110]"></a>UI_Init</STRONG> (Thumb, 20 bytes, Stack size 4 bytes, user_interface.o(i.UI_Init))
<BR><BR>[Stack]<UL><LI>Max Depth = 4<LI>Call Chain = UI_Init
</UL>
<BR>[Called By]<UL><LI><a href="#[bf]">&gt;&gt;</a>&nbsp;&nbsp;&nbsp;UI_TaskInit
</UL>

<P><STRONG><a name="[d8]"></a>UI_Scheduler</STRONG> (Thumb, 40 bytes, Stack size 0 bytes, ui_task.o(i.UI_Scheduler))
<BR><BR>[Called By]<UL><LI><a href="#[d3]">&gt;&gt;</a>&nbsp;&nbsp;&nbsp;TB_Scheduler
</UL>

<P><STRONG><a name="[111]"></a>UI_SerialCommunicationTimeOutStart</STRONG> (Thumb, 8 bytes, Stack size 0 bytes, ui_task.o(i.UI_SerialCommunicationTimeOutStart))
<BR><BR>[Called By]<UL><LI><a href="#[29]">&gt;&gt;</a>&nbsp;&nbsp;&nbsp;USART1_IRQHandler
</UL>

<P><STRONG><a name="[112]"></a>UI_SerialCommunicationTimeOutStop</STRONG> (Thumb, 8 bytes, Stack size 0 bytes, ui_task.o(i.UI_SerialCommunicationTimeOutStop))
<BR><BR>[Called By]<UL><LI><a href="#[29]">&gt;&gt;</a>&nbsp;&nbsp;&nbsp;USART1_IRQHandler
</UL>

<P><STRONG><a name="[9d]"></a>UI_SetCurrentReferences</STRONG> (Thumb, 22 bytes, Stack size 8 bytes, user_interface.o(i.UI_SetCurrentReferences))
<BR><BR>[Stack]<UL><LI>Max Depth = 8<LI>Call Chain = UI_SetCurrentReferences
</UL>
<BR>[Calls]<UL><LI><a href="#[107]">&gt;&gt;</a>&nbsp;&nbsp;&nbsp;MCI_SetCurrentReferences
</UL>
<BR>[Called By]<UL><LI><a href="#[2e]">&gt;&gt;</a>&nbsp;&nbsp;&nbsp;MCP_ReceivedFrame
</UL>

<P><STRONG><a name="[97]"></a>UI_SetReg</STRONG> (Thumb, 554 bytes, Stack size 32 bytes, user_interface.o(i.UI_SetReg))
<BR><BR>[Stack]<UL><LI>Max Depth = 60<LI>Call Chain = UI_SetReg &rArr; __aeabi_idivmod &rArr; __aeabi_uidivmod
</UL>
<BR>[Calls]<UL><LI><a href="#[10c]">&gt;&gt;</a>&nbsp;&nbsp;&nbsp;MCI_SetIdref
<LI><a href="#[107]">&gt;&gt;</a>&nbsp;&nbsp;&nbsp;MCI_SetCurrentReferences
<LI><a href="#[108]">&gt;&gt;</a>&nbsp;&nbsp;&nbsp;MCI_GetTeref
<LI><a href="#[8a]">&gt;&gt;</a>&nbsp;&nbsp;&nbsp;MCI_GetMecSpeedRef01Hz
<LI><a href="#[f4]">&gt;&gt;</a>&nbsp;&nbsp;&nbsp;MCI_GetIqdref
<LI><a href="#[109]">&gt;&gt;</a>&nbsp;&nbsp;&nbsp;MCI_ExecTorqueRamp
<LI><a href="#[bc]">&gt;&gt;</a>&nbsp;&nbsp;&nbsp;MCI_ExecSpeedRamp
<LI><a href="#[cf]">&gt;&gt;</a>&nbsp;&nbsp;&nbsp;STO_SetPLLGains
<LI><a href="#[10b]">&gt;&gt;</a>&nbsp;&nbsp;&nbsp;STO_PLL_SetObserverGains
<LI><a href="#[f5]">&gt;&gt;</a>&nbsp;&nbsp;&nbsp;STO_PLL_GetObserverGains
<LI><a href="#[ca]">&gt;&gt;</a>&nbsp;&nbsp;&nbsp;STO_GetPLLGains
<LI><a href="#[d0]">&gt;&gt;</a>&nbsp;&nbsp;&nbsp;PID_SetKP
<LI><a href="#[d1]">&gt;&gt;</a>&nbsp;&nbsp;&nbsp;PID_SetKI
<LI><a href="#[10a]">&gt;&gt;</a>&nbsp;&nbsp;&nbsp;PID_SetKD
<LI><a href="#[37]">&gt;&gt;</a>&nbsp;&nbsp;&nbsp;__aeabi_idivmod
</UL>
<BR>[Called By]<UL><LI><a href="#[2e]">&gt;&gt;</a>&nbsp;&nbsp;&nbsp;MCP_ReceivedFrame
</UL>

<P><STRONG><a name="[9c]"></a>UI_SetRevupData</STRONG> (Thumb, 50 bytes, Stack size 24 bytes, user_interface.o(i.UI_SetRevupData))
<BR><BR>[Stack]<UL><LI>Max Depth = 24<LI>Call Chain = UI_SetRevupData
</UL>
<BR>[Calls]<UL><LI><a href="#[10f]">&gt;&gt;</a>&nbsp;&nbsp;&nbsp;RUC_SetPhaseFinalTorque
<LI><a href="#[10e]">&gt;&gt;</a>&nbsp;&nbsp;&nbsp;RUC_SetPhaseFinalMecSpeed01Hz
<LI><a href="#[10d]">&gt;&gt;</a>&nbsp;&nbsp;&nbsp;RUC_SetPhaseDurationms
</UL>
<BR>[Called By]<UL><LI><a href="#[2e]">&gt;&gt;</a>&nbsp;&nbsp;&nbsp;MCP_ReceivedFrame
</UL>

<P><STRONG><a name="[bf]"></a>UI_TaskInit</STRONG> (Thumb, 74 bytes, Stack size 48 bytes, ui_task.o(i.UI_TaskInit))
<BR><BR>[Stack]<UL><LI>Max Depth = 92<LI>Call Chain = UI_TaskInit &rArr; MCP_Init &rArr; FCP_SetClient
</UL>
<BR>[Calls]<UL><LI><a href="#[110]">&gt;&gt;</a>&nbsp;&nbsp;&nbsp;UI_Init
<LI><a href="#[e9]">&gt;&gt;</a>&nbsp;&nbsp;&nbsp;UFCP_Init
<LI><a href="#[95]">&gt;&gt;</a>&nbsp;&nbsp;&nbsp;MCP_Init
</UL>
<BR>[Called By]<UL><LI><a href="#[bd]">&gt;&gt;</a>&nbsp;&nbsp;&nbsp;MX_MotorControl_Init
</UL>

<P><STRONG><a name="[29]"></a>USART1_IRQHandler</STRONG> (Thumb, 90 bytes, Stack size 8 bytes, stm32f0xx_mc_it.o(i.USART1_IRQHandler))
<BR><BR>[Stack]<UL><LI>Max Depth = 56<LI>Call Chain = USART1_IRQHandler &rArr; UFCP_RX_IRQ_Handler &rArr; UFCP_Send
</UL>
<BR>[Calls]<UL><LI><a href="#[112]">&gt;&gt;</a>&nbsp;&nbsp;&nbsp;UI_SerialCommunicationTimeOutStop
<LI><a href="#[111]">&gt;&gt;</a>&nbsp;&nbsp;&nbsp;UI_SerialCommunicationTimeOutStart
<LI><a href="#[113]">&gt;&gt;</a>&nbsp;&nbsp;&nbsp;UFCP_TX_IRQ_Handler
<LI><a href="#[ec]">&gt;&gt;</a>&nbsp;&nbsp;&nbsp;UFCP_RX_IRQ_Handler
<LI><a href="#[eb]">&gt;&gt;</a>&nbsp;&nbsp;&nbsp;UFCP_OVR_IRQ_Handler
</UL>
<BR>[Address Reference Count : 1]<UL><LI> startup_stm32f031x6.o(RESET)
</UL>
<P><STRONG><a name="[c2]"></a>VBS_GetAvBusVoltage_V</STRONG> (Thumb, 10 bytes, Stack size 0 bytes, bus_voltage_sensor.o(i.VBS_GetAvBusVoltage_V))
<BR><BR>[Called By]<UL><LI><a href="#[a3]">&gt;&gt;</a>&nbsp;&nbsp;&nbsp;PQD_CalcElMotorPower
<LI><a href="#[98]">&gt;&gt;</a>&nbsp;&nbsp;&nbsp;UI_GetReg
</UL>

<P><STRONG><a name="[e3]"></a>VBS_GetAvBusVoltage_d</STRONG> (Thumb, 4 bytes, Stack size 0 bytes, bus_voltage_sensor.o(i.VBS_GetAvBusVoltage_d))
<BR><BR>[Called By]<UL><LI><a href="#[44]">&gt;&gt;</a>&nbsp;&nbsp;&nbsp;TSK_HighFrequencyTask
</UL>

<P><STRONG><a name="[b6]"></a>VSS_Init</STRONG> (Thumb, 40 bytes, Stack size 0 bytes, virtual_speed_sensor.o(i.VSS_Init))
<BR><BR>[Called By]<UL><LI><a href="#[af]">&gt;&gt;</a>&nbsp;&nbsp;&nbsp;MCboot
</UL>

<P><STRONG><a name="[48]"></a>VSS_SetMecAcceleration</STRONG> (Thumb, 132 bytes, Stack size 32 bytes, virtual_speed_sensor.o(i.VSS_SetMecAcceleration))
<BR><BR>[Stack]<UL><LI>Max Depth = 60<LI>Call Chain = VSS_SetMecAcceleration &rArr; __aeabi_idivmod &rArr; __aeabi_uidivmod
</UL>
<BR>[Calls]<UL><LI><a href="#[37]">&gt;&gt;</a>&nbsp;&nbsp;&nbsp;__aeabi_idivmod
<LI><a href="#[38]">&gt;&gt;</a>&nbsp;&nbsp;&nbsp;__aeabi_uidivmod
</UL>
<BR>[Called By]<UL><LI><a href="#[47]">&gt;&gt;</a>&nbsp;&nbsp;&nbsp;EAC_StartAlignment
</UL>

<P><STRONG><a name="[49]"></a>VSS_SetMecAngle</STRONG> (Thumb, 22 bytes, Stack size 16 bytes, virtual_speed_sensor.o(i.VSS_SetMecAngle))
<BR><BR>[Stack]<UL><LI>Max Depth = 44<LI>Call Chain = VSS_SetMecAngle &rArr; __aeabi_idivmod &rArr; __aeabi_uidivmod
</UL>
<BR>[Calls]<UL><LI><a href="#[37]">&gt;&gt;</a>&nbsp;&nbsp;&nbsp;__aeabi_idivmod
</UL>
<BR>[Called By]<UL><LI><a href="#[47]">&gt;&gt;</a>&nbsp;&nbsp;&nbsp;EAC_StartAlignment
</UL>

<P><STRONG><a name="[b7]"></a>VVBS_Init</STRONG> (Thumb, 12 bytes, Stack size 0 bytes, virtual_bus_voltage_sensor.o(i.VVBS_Init))
<BR><BR>[Called By]<UL><LI><a href="#[af]">&gt;&gt;</a>&nbsp;&nbsp;&nbsp;MCboot
</UL>

<P><STRONG><a name="[56]"></a>_Error_Handler</STRONG> (Thumb, 2 bytes, Stack size 0 bytes, main.o(i._Error_Handler))
<BR><BR>[Calls]<UL><LI><a href="#[56]">&gt;&gt;</a>&nbsp;&nbsp;&nbsp;_Error_Handler
</UL>
<BR>[Called By]<UL><LI><a href="#[56]">&gt;&gt;</a>&nbsp;&nbsp;&nbsp;_Error_Handler
<LI><a href="#[53]">&gt;&gt;</a>&nbsp;&nbsp;&nbsp;HAL_ADC_MspInit
</UL>

<P><STRONG><a name="[12f]"></a>__scatterload_copy</STRONG> (Thumb, 14 bytes, Stack size unknown bytes, handlers.o(i.__scatterload_copy), UNUSED)

<P><STRONG><a name="[130]"></a>__scatterload_null</STRONG> (Thumb, 2 bytes, Stack size unknown bytes, handlers.o(i.__scatterload_null), UNUSED)

<P><STRONG><a name="[131]"></a>__scatterload_zeroinit</STRONG> (Thumb, 14 bytes, Stack size unknown bytes, handlers.o(i.__scatterload_zeroinit), UNUSED)

<P><STRONG><a name="[db]"></a>as5028a_enc_update</STRONG> (Thumb, 176 bytes, Stack size 32 bytes, as5048a.o(i.as5028a_enc_update))
<BR><BR>[Stack]<UL><LI>Max Depth = 128<LI>Call Chain = as5028a_enc_update &rArr; HAL_SPI_TransmitReceive &rArr; SPI_EndRxTxTransaction &rArr; SPI_WaitFifoStateUntilTimeout
</UL>
<BR>[Calls]<UL><LI><a href="#[42]">&gt;&gt;</a>&nbsp;&nbsp;&nbsp;__aeabi_ui2f
<LI><a href="#[3f]">&gt;&gt;</a>&nbsp;&nbsp;&nbsp;__aeabi_fsub
<LI><a href="#[40]">&gt;&gt;</a>&nbsp;&nbsp;&nbsp;__aeabi_frsub
<LI><a href="#[114]">&gt;&gt;</a>&nbsp;&nbsp;&nbsp;__aeabi_fmul
<LI><a href="#[41]">&gt;&gt;</a>&nbsp;&nbsp;&nbsp;__aeabi_fdiv
<LI><a href="#[3c]">&gt;&gt;</a>&nbsp;&nbsp;&nbsp;__aeabi_fadd
<LI><a href="#[116]">&gt;&gt;</a>&nbsp;&nbsp;&nbsp;__aeabi_f2iz
<LI><a href="#[115]">&gt;&gt;</a>&nbsp;&nbsp;&nbsp;__ARM_scalbnf
<LI><a href="#[65]">&gt;&gt;</a>&nbsp;&nbsp;&nbsp;HAL_SPI_TransmitReceive
</UL>
<BR>[Called By]<UL><LI><a href="#[118]">&gt;&gt;</a>&nbsp;&nbsp;&nbsp;as5048a_enc_init
<LI><a href="#[22]">&gt;&gt;</a>&nbsp;&nbsp;&nbsp;TIM2_IRQHandler
</UL>

<P><STRONG><a name="[a2]"></a>as5048_CalcAvrgMecSpeed01Hz</STRONG> (Thumb, 198 bytes, Stack size 32 bytes, as5048a.o(i.as5048_CalcAvrgMecSpeed01Hz))
<BR><BR>[Stack]<UL><LI>Max Depth = 60<LI>Call Chain = as5048_CalcAvrgMecSpeed01Hz &rArr; __aeabi_idivmod &rArr; __aeabi_uidivmod
</UL>
<BR>[Calls]<UL><LI><a href="#[114]">&gt;&gt;</a>&nbsp;&nbsp;&nbsp;__aeabi_fmul
<LI><a href="#[117]">&gt;&gt;</a>&nbsp;&nbsp;&nbsp;__aeabi_f2uiz
<LI><a href="#[cd]">&gt;&gt;</a>&nbsp;&nbsp;&nbsp;SPD_IsMecSpeedReliable
<LI><a href="#[37]">&gt;&gt;</a>&nbsp;&nbsp;&nbsp;__aeabi_idivmod
</UL>
<BR>[Called By]<UL><LI><a href="#[a0]">&gt;&gt;</a>&nbsp;&nbsp;&nbsp;MC_Scheduler
</UL>

<P><STRONG><a name="[11d]"></a>as5048_get_enc_deg</STRONG> (Thumb, 6 bytes, Stack size 0 bytes, as5048a.o(i.as5048_get_enc_deg))
<BR><BR>[Called By]<UL><LI><a href="#[2a]">&gt;&gt;</a>&nbsp;&nbsp;&nbsp;main
</UL>

<P><STRONG><a name="[dd]"></a>as5048a_enc_calangle</STRONG> (Thumb, 20 bytes, Stack size 0 bytes, as5048a.o(i.as5048a_enc_calangle))
<BR><BR>[Called By]<UL><LI><a href="#[44]">&gt;&gt;</a>&nbsp;&nbsp;&nbsp;TSK_HighFrequencyTask
</UL>

<P><STRONG><a name="[ab]"></a>as5048a_enc_calibrate</STRONG> (Thumb, 8 bytes, Stack size 0 bytes, as5048a.o(i.as5048a_enc_calibrate))
<BR><BR>[Called By]<UL><LI><a href="#[a0]">&gt;&gt;</a>&nbsp;&nbsp;&nbsp;MC_Scheduler
</UL>

<P><STRONG><a name="[118]"></a>as5048a_enc_init</STRONG> (Thumb, 28 bytes, Stack size 16 bytes, as5048a.o(i.as5048a_enc_init))
<BR><BR>[Stack]<UL><LI>Max Depth = 144<LI>Call Chain = as5048a_enc_init &rArr; as5028a_enc_update &rArr; HAL_SPI_TransmitReceive &rArr; SPI_EndRxTxTransaction &rArr; SPI_WaitFifoStateUntilTimeout
</UL>
<BR>[Calls]<UL><LI><a href="#[db]">&gt;&gt;</a>&nbsp;&nbsp;&nbsp;as5028a_enc_update
</UL>
<BR>[Called By]<UL><LI><a href="#[2a]">&gt;&gt;</a>&nbsp;&nbsp;&nbsp;main
</UL>

<P><STRONG><a name="[2a]"></a>main</STRONG> (Thumb, 762 bytes, Stack size 64 bytes, main.o(i.main))
<BR><BR>[Stack]<UL><LI>Max Depth = 236<LI>Call Chain = main &rArr; SystemClock_Config &rArr; HAL_RCC_ClockConfig &rArr; HAL_InitTick &rArr; __aeabi_uidivmod
</UL>
<BR>[Calls]<UL><LI><a href="#[bd]">&gt;&gt;</a>&nbsp;&nbsp;&nbsp;MX_MotorControl_Init
<LI><a href="#[9f]">&gt;&gt;</a>&nbsp;&nbsp;&nbsp;MC_GetMecSpeedAverageMotor1
<LI><a href="#[7b]">&gt;&gt;</a>&nbsp;&nbsp;&nbsp;HAL_UART_Init
<LI><a href="#[79]">&gt;&gt;</a>&nbsp;&nbsp;&nbsp;HAL_TIM_PWM_Init
<LI><a href="#[76]">&gt;&gt;</a>&nbsp;&nbsp;&nbsp;HAL_TIM_PWM_ConfigChannel
<LI><a href="#[75]">&gt;&gt;</a>&nbsp;&nbsp;&nbsp;HAL_TIM_MspPostInit
<LI><a href="#[11b]">&gt;&gt;</a>&nbsp;&nbsp;&nbsp;HAL_TIM_ConfigClockSource
<LI><a href="#[11c]">&gt;&gt;</a>&nbsp;&nbsp;&nbsp;HAL_TIM_Base_Start_IT
<LI><a href="#[69]">&gt;&gt;</a>&nbsp;&nbsp;&nbsp;HAL_TIM_Base_Init
<LI><a href="#[119]">&gt;&gt;</a>&nbsp;&nbsp;&nbsp;HAL_TIMEx_MasterConfigSynchronization
<LI><a href="#[11a]">&gt;&gt;</a>&nbsp;&nbsp;&nbsp;HAL_TIMEx_ConfigBreakDeadTime
<LI><a href="#[63]">&gt;&gt;</a>&nbsp;&nbsp;&nbsp;HAL_SPI_Init
<LI><a href="#[5e]">&gt;&gt;</a>&nbsp;&nbsp;&nbsp;HAL_NVIC_SetPriority
<LI><a href="#[6c]">&gt;&gt;</a>&nbsp;&nbsp;&nbsp;HAL_NVIC_EnableIRQ
<LI><a href="#[59]">&gt;&gt;</a>&nbsp;&nbsp;&nbsp;HAL_Init
<LI><a href="#[da]">&gt;&gt;</a>&nbsp;&nbsp;&nbsp;HAL_GPIO_WritePin
<LI><a href="#[54]">&gt;&gt;</a>&nbsp;&nbsp;&nbsp;HAL_GPIO_Init
<LI><a href="#[57]">&gt;&gt;</a>&nbsp;&nbsp;&nbsp;HAL_Delay
<LI><a href="#[52]">&gt;&gt;</a>&nbsp;&nbsp;&nbsp;HAL_ADC_Init
<LI><a href="#[51]">&gt;&gt;</a>&nbsp;&nbsp;&nbsp;HAL_ADC_ConfigChannel
<LI><a href="#[d4]">&gt;&gt;</a>&nbsp;&nbsp;&nbsp;SystemClock_Config
<LI><a href="#[114]">&gt;&gt;</a>&nbsp;&nbsp;&nbsp;__aeabi_fmul
<LI><a href="#[116]">&gt;&gt;</a>&nbsp;&nbsp;&nbsp;__aeabi_f2iz
<LI><a href="#[118]">&gt;&gt;</a>&nbsp;&nbsp;&nbsp;as5048a_enc_init
<LI><a href="#[11d]">&gt;&gt;</a>&nbsp;&nbsp;&nbsp;as5048_get_enc_deg
</UL>
<BR>[Address Reference Count : 1]<UL><LI> entry9a.o(.ARM.Collect$$$$0000000B)
</UL>
<P><STRONG><a name="[be]"></a>mc_lock_pins</STRONG> (Thumb, 144 bytes, Stack size 4 bytes, mc_tasks.o(i.mc_lock_pins))
<BR><BR>[Stack]<UL><LI>Max Depth = 4<LI>Call Chain = mc_lock_pins
</UL>
<BR>[Called By]<UL><LI><a href="#[bd]">&gt;&gt;</a>&nbsp;&nbsp;&nbsp;MX_MotorControl_Init
</UL>
<P>
<H3>
Local Symbols
</H3>
<P><STRONG><a name="[4d]"></a>FOC_Clear</STRONG> (Thumb, 80 bytes, Stack size 8 bytes, mc_tasks.o(i.FOC_Clear))
<BR><BR>[Stack]<UL><LI>Max Depth = 16<LI>Call Chain = FOC_Clear &rArr; STC_Clear
</UL>
<BR>[Calls]<UL><LI><a href="#[4f]">&gt;&gt;</a>&nbsp;&nbsp;&nbsp;STC_Clear
<LI><a href="#[50]">&gt;&gt;</a>&nbsp;&nbsp;&nbsp;PWMC_SwitchOffPWM
<LI><a href="#[4e]">&gt;&gt;</a>&nbsp;&nbsp;&nbsp;PID_SetIntegralTerm
</UL>
<BR>[Called By]<UL><LI><a href="#[af]">&gt;&gt;</a>&nbsp;&nbsp;&nbsp;MCboot
<LI><a href="#[d7]">&gt;&gt;</a>&nbsp;&nbsp;&nbsp;TSK_SafetyTask
<LI><a href="#[a0]">&gt;&gt;</a>&nbsp;&nbsp;&nbsp;MC_Scheduler
</UL>

<P><STRONG><a name="[66]"></a>SPI_EndRxTxTransaction</STRONG> (Thumb, 76 bytes, Stack size 24 bytes, stm32f0xx_hal_spi.o(i.SPI_EndRxTxTransaction))
<BR><BR>[Stack]<UL><LI>Max Depth = 48<LI>Call Chain = SPI_EndRxTxTransaction &rArr; SPI_WaitFifoStateUntilTimeout
</UL>
<BR>[Calls]<UL><LI><a href="#[c8]">&gt;&gt;</a>&nbsp;&nbsp;&nbsp;SPI_WaitFlagStateUntilTimeout
<LI><a href="#[c7]">&gt;&gt;</a>&nbsp;&nbsp;&nbsp;SPI_WaitFifoStateUntilTimeout
</UL>
<BR>[Called By]<UL><LI><a href="#[65]">&gt;&gt;</a>&nbsp;&nbsp;&nbsp;HAL_SPI_TransmitReceive
</UL>

<P><STRONG><a name="[c7]"></a>SPI_WaitFifoStateUntilTimeout</STRONG> (Thumb, 150 bytes, Stack size 24 bytes, stm32f0xx_hal_spi.o(i.SPI_WaitFifoStateUntilTimeout))
<BR><BR>[Stack]<UL><LI>Max Depth = 24<LI>Call Chain = SPI_WaitFifoStateUntilTimeout
</UL>
<BR>[Calls]<UL><LI><a href="#[58]">&gt;&gt;</a>&nbsp;&nbsp;&nbsp;HAL_GetTick
</UL>
<BR>[Called By]<UL><LI><a href="#[66]">&gt;&gt;</a>&nbsp;&nbsp;&nbsp;SPI_EndRxTxTransaction
</UL>

<P><STRONG><a name="[c8]"></a>SPI_WaitFlagStateUntilTimeout</STRONG> (Thumb, 134 bytes, Stack size 16 bytes, stm32f0xx_hal_spi.o(i.SPI_WaitFlagStateUntilTimeout))
<BR><BR>[Stack]<UL><LI>Max Depth = 16<LI>Call Chain = SPI_WaitFlagStateUntilTimeout
</UL>
<BR>[Calls]<UL><LI><a href="#[58]">&gt;&gt;</a>&nbsp;&nbsp;&nbsp;HAL_GetTick
</UL>
<BR>[Called By]<UL><LI><a href="#[66]">&gt;&gt;</a>&nbsp;&nbsp;&nbsp;SPI_EndRxTxTransaction
</UL>

<P><STRONG><a name="[77]"></a>TIM_OC1_SetConfig</STRONG> (Thumb, 110 bytes, Stack size 16 bytes, stm32f0xx_hal_tim.o(i.TIM_OC1_SetConfig))
<BR><BR>[Stack]<UL><LI>Max Depth = 16<LI>Call Chain = TIM_OC1_SetConfig
</UL>
<BR>[Called By]<UL><LI><a href="#[76]">&gt;&gt;</a>&nbsp;&nbsp;&nbsp;HAL_TIM_PWM_ConfigChannel
</UL>

<P><STRONG><a name="[c5]"></a>R3F0XX_ADC_DMA_Config_AB</STRONG> (Thumb, 96 bytes, Stack size 16 bytes, r3_f0xx_pwm_curr_fdbk.o(i.R3F0XX_ADC_DMA_Config_AB))
<BR><BR>[Stack]<UL><LI>Max Depth = 16<LI>Call Chain = R3F0XX_ADC_DMA_Config_AB
</UL>
<BR>[Called By]<UL><LI><a href="#[b]">&gt;&gt;</a>&nbsp;&nbsp;&nbsp;R3F0XX_SetADCSampPointSect6
<LI><a href="#[a]">&gt;&gt;</a>&nbsp;&nbsp;&nbsp;R3F0XX_SetADCSampPointSect5
<LI><a href="#[9]">&gt;&gt;</a>&nbsp;&nbsp;&nbsp;R3F0XX_SetADCSampPointSect4
<LI><a href="#[8]">&gt;&gt;</a>&nbsp;&nbsp;&nbsp;R3F0XX_SetADCSampPointSect3
<LI><a href="#[7]">&gt;&gt;</a>&nbsp;&nbsp;&nbsp;R3F0XX_SetADCSampPointSect2
<LI><a href="#[6]">&gt;&gt;</a>&nbsp;&nbsp;&nbsp;R3F0XX_SetADCSampPointSect1
</UL>

<P><STRONG><a name="[30]"></a>R3F0XX_HFCurrentsCalibration</STRONG> (Thumb, 176 bytes, Stack size 8 bytes, r3_f0xx_pwm_curr_fdbk.o(i.R3F0XX_HFCurrentsCalibration))
<BR><BR>[Stack]<UL><LI>Max Depth = 8<LI>Call Chain = R3F0XX_HFCurrentsCalibration
</UL>
<BR>[Address Reference Count : 1]<UL><LI> r3_f0xx_pwm_curr_fdbk.o(i.R3F0XX_CurrentReadingCalibration)
</UL>
<P><STRONG><a name="[c4]"></a>R3F0XX_WriteTIMRegisters</STRONG> (Thumb, 144 bytes, Stack size 16 bytes, r3_f0xx_pwm_curr_fdbk.o(i.R3F0XX_WriteTIMRegisters))
<BR><BR>[Stack]<UL><LI>Max Depth = 16<LI>Call Chain = R3F0XX_WriteTIMRegisters
</UL>
<BR>[Called By]<UL><LI><a href="#[b]">&gt;&gt;</a>&nbsp;&nbsp;&nbsp;R3F0XX_SetADCSampPointSect6
<LI><a href="#[a]">&gt;&gt;</a>&nbsp;&nbsp;&nbsp;R3F0XX_SetADCSampPointSect5
<LI><a href="#[9]">&gt;&gt;</a>&nbsp;&nbsp;&nbsp;R3F0XX_SetADCSampPointSect4
<LI><a href="#[8]">&gt;&gt;</a>&nbsp;&nbsp;&nbsp;R3F0XX_SetADCSampPointSect3
<LI><a href="#[7]">&gt;&gt;</a>&nbsp;&nbsp;&nbsp;R3F0XX_SetADCSampPointSect2
<LI><a href="#[6]">&gt;&gt;</a>&nbsp;&nbsp;&nbsp;R3F0XX_SetADCSampPointSect1
<LI><a href="#[31]">&gt;&gt;</a>&nbsp;&nbsp;&nbsp;R3F0XX_SetADCSampPointCalibration
</UL>
<P>
<H3>
Undefined Global Symbols
</H3><HR></body></html>
